<?xml version="1.0" encoding="ISO-8859-1" ?>
<link_info>
   <banner>TMS320C2000 Linker Unix v20.2.2.LTS</banner>
   <copyright>Copyright (c) 1996-2018 Texas Instruments Incorporated</copyright>
   <link_time>0x609e9b32</link_time>
   <link_errors>0x0</link_errors>
   <output_file>final_project.out</output_file>
   <entry_point>
      <name>_c_int00</name>
      <address>0x84058</address>
   </entry_point>
   <input_file_list>
      <input_file id="fl-2">
         <path>./</path>
         <kind>object</kind>
         <file>F28379dSerial.obj</file>
         <name>F28379dSerial.obj</name>
      </input_file>
      <input_file id="fl-3">
         <path>./</path>
         <kind>object</kind>
         <file>F2837xD_Adc.obj</file>
         <name>F2837xD_Adc.obj</name>
      </input_file>
      <input_file id="fl-4">
         <path>./</path>
         <kind>object</kind>
         <file>F2837xD_CodeStartBranch.obj</file>
         <name>F2837xD_CodeStartBranch.obj</name>
      </input_file>
      <input_file id="fl-5">
         <path>./</path>
         <kind>object</kind>
         <file>F2837xD_CpuTimers.obj</file>
         <name>F2837xD_CpuTimers.obj</name>
      </input_file>
      <input_file id="fl-6">
         <path>./</path>
         <kind>object</kind>
         <file>F2837xD_DefaultISR.obj</file>
         <name>F2837xD_DefaultISR.obj</name>
      </input_file>
      <input_file id="fl-7">
         <path>./</path>
         <kind>object</kind>
         <file>F2837xD_EPwm.obj</file>
         <name>F2837xD_EPwm.obj</name>
      </input_file>
      <input_file id="fl-8">
         <path>./</path>
         <kind>object</kind>
         <file>F2837xD_GlobalVariableDefs.obj</file>
         <name>F2837xD_GlobalVariableDefs.obj</name>
      </input_file>
      <input_file id="fl-9">
         <path>./</path>
         <kind>object</kind>
         <file>F2837xD_Gpio.obj</file>
         <name>F2837xD_Gpio.obj</name>
      </input_file>
      <input_file id="fl-a">
         <path>./</path>
         <kind>object</kind>
         <file>F2837xD_PieCtrl.obj</file>
         <name>F2837xD_PieCtrl.obj</name>
      </input_file>
      <input_file id="fl-b">
         <path>./</path>
         <kind>object</kind>
         <file>F2837xD_PieVect.obj</file>
         <name>F2837xD_PieVect.obj</name>
      </input_file>
      <input_file id="fl-c">
         <path>./</path>
         <kind>object</kind>
         <file>F2837xD_Spi.obj</file>
         <name>F2837xD_Spi.obj</name>
      </input_file>
      <input_file id="fl-d">
         <path>./</path>
         <kind>object</kind>
         <file>F2837xD_SysCtrl.obj</file>
         <name>F2837xD_SysCtrl.obj</name>
      </input_file>
      <input_file id="fl-e">
         <path>./</path>
         <kind>object</kind>
         <file>F2837xD_usDelay.obj</file>
         <name>F2837xD_usDelay.obj</name>
      </input_file>
      <input_file id="fl-f">
         <path>./</path>
         <kind>object</kind>
         <file>LEDPatterns.obj</file>
         <name>LEDPatterns.obj</name>
      </input_file>
      <input_file id="fl-10">
         <path>./</path>
         <kind>object</kind>
         <file>Orangepi_main.obj</file>
         <name>Orangepi_main.obj</name>
      </input_file>
      <input_file id="fl-11">
         <path>./device/</path>
         <kind>object</kind>
         <file>device.obj</file>
         <name>device.obj</name>
      </input_file>
      <input_file id="fl-18">
         <kind>object</kind>
         <file>&lt;internal&gt;</file>
         <name>&lt;internal&gt;</name>
      </input_file>
      <input_file id="fl-1f">
         <path>/Users/sagarsachdev/Documents/SP2021 CLASSES/SE 423/sagars2_SE423/C2000Ware_3_02_00_00_F28379D/driverlib/f2837xd/driverlib/ccs/Debug/</path>
         <kind>archive</kind>
         <file>driverlib_coff.lib</file>
         <name>flash.obj</name>
      </input_file>
      <input_file id="fl-20">
         <path>/Users/sagarsachdev/Documents/SP2021 CLASSES/SE 423/sagars2_SE423/C2000Ware_3_02_00_00_F28379D/driverlib/f2837xd/driverlib/ccs/Debug/</path>
         <kind>archive</kind>
         <file>driverlib_coff.lib</file>
         <name>sysctl.obj</name>
      </input_file>
      <input_file id="fl-2c">
         <path>/Applications/ti/ccs1020/ccs/tools/compiler/ti-cgt-c2000_20.2.2.LTS/lib/</path>
         <kind>archive</kind>
         <file>rts2800_fpu32.lib</file>
         <name>vsprintf.c.obj</name>
      </input_file>
      <input_file id="fl-2d">
         <path>/Applications/ti/ccs1020/ccs/tools/compiler/ti-cgt-c2000_20.2.2.LTS/lib/</path>
         <kind>archive</kind>
         <file>rts2800_fpu32.lib</file>
         <name>sscanf.c.obj</name>
      </input_file>
      <input_file id="fl-2e">
         <path>/Applications/ti/ccs1020/ccs/tools/compiler/ti-cgt-c2000_20.2.2.LTS/lib/</path>
         <kind>archive</kind>
         <file>rts2800_fpu32.lib</file>
         <name>boot28.asm.obj</name>
      </input_file>
      <input_file id="fl-2f">
         <path>/Applications/ti/ccs1020/ccs/tools/compiler/ti-cgt-c2000_20.2.2.LTS/lib/</path>
         <kind>archive</kind>
         <file>rts2800_fpu32.lib</file>
         <name>fs_div28.asm.obj</name>
      </input_file>
      <input_file id="fl-30">
         <path>/Applications/ti/ccs1020/ccs/tools/compiler/ti-cgt-c2000_20.2.2.LTS/lib/</path>
         <kind>archive</kind>
         <file>rts2800_fpu32.lib</file>
         <name>u_div28.asm.obj</name>
      </input_file>
      <input_file id="fl-31">
         <path>/Applications/ti/ccs1020/ccs/tools/compiler/ti-cgt-c2000_20.2.2.LTS/lib/</path>
         <kind>archive</kind>
         <file>rts2800_fpu32.lib</file>
         <name>l_div28.asm.obj</name>
      </input_file>
      <input_file id="fl-32">
         <path>/Applications/ti/ccs1020/ccs/tools/compiler/ti-cgt-c2000_20.2.2.LTS/lib/</path>
         <kind>archive</kind>
         <file>rts2800_fpu32.lib</file>
         <name>cpy_tbl.c.obj</name>
      </input_file>
      <input_file id="fl-33">
         <path>/Applications/ti/ccs1020/ccs/tools/compiler/ti-cgt-c2000_20.2.2.LTS/lib/</path>
         <kind>archive</kind>
         <file>rts2800_fpu32.lib</file>
         <name>memcpy.c.obj</name>
      </input_file>
      <input_file id="fl-34">
         <path>/Applications/ti/ccs1020/ccs/tools/compiler/ti-cgt-c2000_20.2.2.LTS/lib/</path>
         <kind>archive</kind>
         <file>rts2800_fpu32.lib</file>
         <name>pre_init.c.obj</name>
      </input_file>
      <input_file id="fl-35">
         <path>/Applications/ti/ccs1020/ccs/tools/compiler/ti-cgt-c2000_20.2.2.LTS/lib/</path>
         <kind>archive</kind>
         <file>rts2800_fpu32.lib</file>
         <name>startup.c.obj</name>
      </input_file>
      <input_file id="fl-36">
         <path>/Applications/ti/ccs1020/ccs/tools/compiler/ti-cgt-c2000_20.2.2.LTS/lib/</path>
         <kind>archive</kind>
         <file>rts2800_fpu32.lib</file>
         <name>exit.c.obj</name>
      </input_file>
      <input_file id="fl-37">
         <path>/Applications/ti/ccs1020/ccs/tools/compiler/ti-cgt-c2000_20.2.2.LTS/lib/</path>
         <kind>archive</kind>
         <file>rts2800_fpu32.lib</file>
         <name>_lock.c.obj</name>
      </input_file>
      <input_file id="fl-38">
         <path>/Applications/ti/ccs1020/ccs/tools/compiler/ti-cgt-c2000_20.2.2.LTS/lib/</path>
         <kind>archive</kind>
         <file>rts2800_fpu32.lib</file>
         <name>args_main.c.obj</name>
      </input_file>
      <input_file id="fl-39">
         <path>/Applications/ti/ccs1020/ccs/tools/compiler/ti-cgt-c2000_20.2.2.LTS/lib/</path>
         <kind>archive</kind>
         <file>rts2800_fpu32.lib</file>
         <name>ctype.c.obj</name>
      </input_file>
      <input_file id="fl-3a">
         <path>/Applications/ti/ccs1020/ccs/tools/compiler/ti-cgt-c2000_20.2.2.LTS/lib/</path>
         <kind>archive</kind>
         <file>rts2800_fpu32.lib</file>
         <name>strlen.c.obj</name>
      </input_file>
      <input_file id="fl-3b">
         <path>/Applications/ti/ccs1020/ccs/tools/compiler/ti-cgt-c2000_20.2.2.LTS/lib/</path>
         <kind>archive</kind>
         <file>rts2800_fpu32.lib</file>
         <name>_printfi.c.obj</name>
      </input_file>
      <input_file id="fl-3c">
         <path>/Applications/ti/ccs1020/ccs/tools/compiler/ti-cgt-c2000_20.2.2.LTS/lib/</path>
         <kind>archive</kind>
         <file>rts2800_fpu32.lib</file>
         <name>_scanfi.c.obj</name>
      </input_file>
      <input_file id="fl-3d">
         <path>/Applications/ti/ccs1020/ccs/tools/compiler/ti-cgt-c2000_20.2.2.LTS/lib/</path>
         <kind>archive</kind>
         <file>rts2800_fpu32.lib</file>
         <name>fd_cmp28.asm.obj</name>
      </input_file>
      <input_file id="fl-3e">
         <path>/Applications/ti/ccs1020/ccs/tools/compiler/ti-cgt-c2000_20.2.2.LTS/lib/</path>
         <kind>archive</kind>
         <file>rts2800_fpu32.lib</file>
         <name>fd_mpy28.asm.obj</name>
      </input_file>
      <input_file id="fl-3f">
         <path>/Applications/ti/ccs1020/ccs/tools/compiler/ti-cgt-c2000_20.2.2.LTS/lib/</path>
         <kind>archive</kind>
         <file>rts2800_fpu32.lib</file>
         <name>fd_neg28.asm.obj</name>
      </input_file>
      <input_file id="fl-40">
         <path>/Applications/ti/ccs1020/ccs/tools/compiler/ti-cgt-c2000_20.2.2.LTS/lib/</path>
         <kind>archive</kind>
         <file>rts2800_fpu32.lib</file>
         <name>fd_sub28.asm.obj</name>
      </input_file>
      <input_file id="fl-41">
         <path>/Applications/ti/ccs1020/ccs/tools/compiler/ti-cgt-c2000_20.2.2.LTS/lib/</path>
         <kind>archive</kind>
         <file>rts2800_fpu32.lib</file>
         <name>fd_toi28.asm.obj</name>
      </input_file>
      <input_file id="fl-42">
         <path>/Applications/ti/ccs1020/ccs/tools/compiler/ti-cgt-c2000_20.2.2.LTS/lib/</path>
         <kind>archive</kind>
         <file>rts2800_fpu32.lib</file>
         <name>fd_tol28.asm.obj</name>
      </input_file>
      <input_file id="fl-43">
         <path>/Applications/ti/ccs1020/ccs/tools/compiler/ti-cgt-c2000_20.2.2.LTS/lib/</path>
         <kind>archive</kind>
         <file>rts2800_fpu32.lib</file>
         <name>ll_aox28.asm.obj</name>
      </input_file>
      <input_file id="fl-44">
         <path>/Applications/ti/ccs1020/ccs/tools/compiler/ti-cgt-c2000_20.2.2.LTS/lib/</path>
         <kind>archive</kind>
         <file>rts2800_fpu32.lib</file>
         <name>ll_cmp28.asm.obj</name>
      </input_file>
      <input_file id="fl-45">
         <path>/Applications/ti/ccs1020/ccs/tools/compiler/ti-cgt-c2000_20.2.2.LTS/lib/</path>
         <kind>archive</kind>
         <file>rts2800_fpu32.lib</file>
         <name>ll_div28.asm.obj</name>
      </input_file>
      <input_file id="fl-46">
         <path>/Applications/ti/ccs1020/ccs/tools/compiler/ti-cgt-c2000_20.2.2.LTS/lib/</path>
         <kind>archive</kind>
         <file>rts2800_fpu32.lib</file>
         <name>i_tofd28.asm.obj</name>
      </input_file>
      <input_file id="fl-47">
         <path>/Applications/ti/ccs1020/ccs/tools/compiler/ti-cgt-c2000_20.2.2.LTS/lib/</path>
         <kind>archive</kind>
         <file>rts2800_fpu32.lib</file>
         <name>l_tofd28.asm.obj</name>
      </input_file>
      <input_file id="fl-48">
         <path>/Applications/ti/ccs1020/ccs/tools/compiler/ti-cgt-c2000_20.2.2.LTS/lib/</path>
         <kind>archive</kind>
         <file>rts2800_fpu32.lib</file>
         <name>fs_tofdfpu32.asm.obj</name>
      </input_file>
      <input_file id="fl-49">
         <path>/Applications/ti/ccs1020/ccs/tools/compiler/ti-cgt-c2000_20.2.2.LTS/lib/</path>
         <kind>archive</kind>
         <file>rts2800_fpu32.lib</file>
         <name>fd_div28.asm.obj</name>
      </input_file>
      <input_file id="fl-4a">
         <path>/Applications/ti/ccs1020/ccs/tools/compiler/ti-cgt-c2000_20.2.2.LTS/lib/</path>
         <kind>archive</kind>
         <file>rts2800_fpu32.lib</file>
         <name>_ltoa.c.obj</name>
      </input_file>
      <input_file id="fl-4b">
         <path>/Applications/ti/ccs1020/ccs/tools/compiler/ti-cgt-c2000_20.2.2.LTS/lib/</path>
         <kind>archive</kind>
         <file>rts2800_fpu32.lib</file>
         <name>atoi.c.obj</name>
      </input_file>
      <input_file id="fl-4c">
         <path>/Applications/ti/ccs1020/ccs/tools/compiler/ti-cgt-c2000_20.2.2.LTS/lib/</path>
         <kind>archive</kind>
         <file>rts2800_fpu32.lib</file>
         <name>memccpy.c.obj</name>
      </input_file>
      <input_file id="fl-4d">
         <path>/Applications/ti/ccs1020/ccs/tools/compiler/ti-cgt-c2000_20.2.2.LTS/lib/</path>
         <kind>archive</kind>
         <file>rts2800_fpu32.lib</file>
         <name>memset.c.obj</name>
      </input_file>
      <input_file id="fl-4e">
         <path>/Applications/ti/ccs1020/ccs/tools/compiler/ti-cgt-c2000_20.2.2.LTS/lib/</path>
         <kind>archive</kind>
         <file>rts2800_fpu32.lib</file>
         <name>strchr.c.obj</name>
      </input_file>
      <input_file id="fl-4f">
         <path>/Applications/ti/ccs1020/ccs/tools/compiler/ti-cgt-c2000_20.2.2.LTS/lib/</path>
         <kind>archive</kind>
         <file>rts2800_fpu32.lib</file>
         <name>strcpy.c.obj</name>
      </input_file>
      <input_file id="fl-50">
         <path>/Applications/ti/ccs1020/ccs/tools/compiler/ti-cgt-c2000_20.2.2.LTS/lib/</path>
         <kind>archive</kind>
         <file>rts2800_fpu32.lib</file>
         <name>strrchr.c.obj</name>
      </input_file>
      <input_file id="fl-51">
         <path>/Applications/ti/ccs1020/ccs/tools/compiler/ti-cgt-c2000_20.2.2.LTS/lib/</path>
         <kind>archive</kind>
         <file>rts2800_fpu32.lib</file>
         <name>strtod.c.obj</name>
      </input_file>
      <input_file id="fl-52">
         <path>/Applications/ti/ccs1020/ccs/tools/compiler/ti-cgt-c2000_20.2.2.LTS/lib/</path>
         <kind>archive</kind>
         <file>rts2800_fpu32.lib</file>
         <name>strtol.c.obj</name>
      </input_file>
      <input_file id="fl-53">
         <path>/Applications/ti/ccs1020/ccs/tools/compiler/ti-cgt-c2000_20.2.2.LTS/lib/</path>
         <kind>archive</kind>
         <file>rts2800_fpu32.lib</file>
         <name>strtold.c.obj</name>
      </input_file>
      <input_file id="fl-54">
         <path>/Applications/ti/ccs1020/ccs/tools/compiler/ti-cgt-c2000_20.2.2.LTS/lib/</path>
         <kind>archive</kind>
         <file>rts2800_fpu32.lib</file>
         <name>strtoll.c.obj</name>
      </input_file>
      <input_file id="fl-55">
         <path>/Applications/ti/ccs1020/ccs/tools/compiler/ti-cgt-c2000_20.2.2.LTS/lib/</path>
         <kind>archive</kind>
         <file>rts2800_fpu32.lib</file>
         <name>strtoul.c.obj</name>
      </input_file>
      <input_file id="fl-56">
         <path>/Applications/ti/ccs1020/ccs/tools/compiler/ti-cgt-c2000_20.2.2.LTS/lib/</path>
         <kind>archive</kind>
         <file>rts2800_fpu32.lib</file>
         <name>strtoull.c.obj</name>
      </input_file>
      <input_file id="fl-57">
         <path>/Applications/ti/ccs1020/ccs/tools/compiler/ti-cgt-c2000_20.2.2.LTS/lib/</path>
         <kind>archive</kind>
         <file>rts2800_fpu32.lib</file>
         <name>errno.c.obj</name>
      </input_file>
      <input_file id="fl-58">
         <path>/Applications/ti/ccs1020/ccs/tools/compiler/ti-cgt-c2000_20.2.2.LTS/lib/</path>
         <kind>archive</kind>
         <file>rts2800_fpu32.lib</file>
         <name>s_frexp.c.obj</name>
      </input_file>
      <input_file id="fl-59">
         <path>/Applications/ti/ccs1020/ccs/tools/compiler/ti-cgt-c2000_20.2.2.LTS/lib/</path>
         <kind>archive</kind>
         <file>rts2800_fpu32.lib</file>
         <name>s_scalbn.c.obj</name>
      </input_file>
      <input_file id="fl-5a">
         <path>/Applications/ti/ccs1020/ccs/tools/compiler/ti-cgt-c2000_20.2.2.LTS/lib/</path>
         <kind>archive</kind>
         <file>rts2800_fpu32.lib</file>
         <name>wcslen.c.obj</name>
      </input_file>
      <input_file id="fl-5b">
         <path>/Applications/ti/ccs1020/ccs/tools/compiler/ti-cgt-c2000_20.2.2.LTS/lib/</path>
         <kind>archive</kind>
         <file>rts2800_fpu32.lib</file>
         <name>s_copysign.c.obj</name>
      </input_file>
      <input_file id="fl-5c">
         <path>/Applications/ti/ccs1020/ccs/tools/compiler/ti-cgt-c2000_20.2.2.LTS/lib/</path>
         <kind>archive</kind>
         <file>rts2800_fpu32.lib</file>
         <name>s_scalbnf.c.obj</name>
      </input_file>
      <input_file id="fl-5d">
         <path>/Applications/ti/ccs1020/ccs/tools/compiler/ti-cgt-c2000_20.2.2.LTS/lib/</path>
         <kind>archive</kind>
         <file>rts2800_fpu32.lib</file>
         <name>fd_add28.asm.obj</name>
      </input_file>
      <input_file id="fl-5e">
         <path>/Applications/ti/ccs1020/ccs/tools/compiler/ti-cgt-c2000_20.2.2.LTS/lib/</path>
         <kind>archive</kind>
         <file>rts2800_fpu32.lib</file>
         <name>ll_mpy28.asm.obj</name>
      </input_file>
      <input_file id="fl-5f">
         <path>/Applications/ti/ccs1020/ccs/tools/compiler/ti-cgt-c2000_20.2.2.LTS/lib/</path>
         <kind>archive</kind>
         <file>rts2800_fpu32.lib</file>
         <name>s_copysignf.c.obj</name>
      </input_file>
   </input_file_list>
   <object_component_list>
      <object_component id="oc-12e">
         <name>.cinit</name>
         <load_address>0x848d8</load_address>
         <run_address>0x848d8</run_address>
         <size>0x1ca</size>
         <input_file_ref idref="fl-10"/>
      </object_component>
      <object_component id="oc-268">
         <name>.cinit:_b</name>
         <load_address>0x84aa2</load_address>
         <run_address>0x84aa2</run_address>
         <size>0xcd</size>
         <input_file_ref idref="fl-10"/>
      </object_component>
      <object_component id="oc-137">
         <name>.cinit</name>
         <load_address>0x84b6f</load_address>
         <run_address>0x84b6f</run_address>
         <size>0xf</size>
         <input_file_ref idref="fl-11"/>
      </object_component>
      <object_component id="oc-17f">
         <name>.cinit</name>
         <load_address>0x84b7e</load_address>
         <run_address>0x84b7e</run_address>
         <size>0xe</size>
         <input_file_ref idref="fl-36"/>
      </object_component>
      <object_component id="oc-262">
         <name>.cinit:_LeftWheelArray</name>
         <load_address>0x84b8c</load_address>
         <run_address>0x84b8c</run_address>
         <size>0xb</size>
         <input_file_ref idref="fl-10"/>
      </object_component>
      <object_component id="oc-264">
         <name>.cinit:_RightWheelArray</name>
         <load_address>0x84b97</load_address>
         <run_address>0x84b97</run_address>
         <size>0xb</size>
         <input_file_ref idref="fl-10"/>
      </object_component>
      <object_component id="oc-260">
         <name>.cinit:_gyro_array</name>
         <load_address>0x84ba2</load_address>
         <run_address>0x84ba2</run_address>
         <size>0xb</size>
         <input_file_ref idref="fl-10"/>
      </object_component>
      <object_component id="oc-25e">
         <name>.cinit:_tilt_array</name>
         <load_address>0x84bad</load_address>
         <run_address>0x84bad</run_address>
         <size>0xb</size>
         <input_file_ref idref="fl-10"/>
      </object_component>
      <object_component id="oc-26b">
         <name>.cinit:__lock</name>
         <load_address>0x84bb8</load_address>
         <run_address>0x84bb8</run_address>
         <size>0x5</size>
         <input_file_ref idref="fl-37"/>
      </object_component>
      <object_component id="oc-277">
         <name>.cinit:__unlock</name>
         <load_address>0x84bbd</load_address>
         <run_address>0x84bbd</run_address>
         <size>0x5</size>
         <input_file_ref idref="fl-37"/>
      </object_component>
      <object_component id="oc-266">
         <name>.cinit:_xk</name>
         <load_address>0x84bc2</load_address>
         <run_address>0x84bc2</run_address>
         <size>0x5</size>
         <input_file_ref idref="fl-10"/>
      </object_component>
      <object_component id="oc-227">
         <name>.cinit</name>
         <load_address>0x84bc7</load_address>
         <run_address>0x84bc7</run_address>
         <size>0x4</size>
         <input_file_ref idref="fl-57"/>
      </object_component>
      <object_component id="oc-278">
         <name>.text</name>
         <load_address>0x80008</load_address>
         <run_address>0x80008</run_address>
         <size>0xce4</size>
         <input_file_ref idref="fl-3b"/>
      </object_component>
      <object_component id="oc-27b">
         <name>.text</name>
         <load_address>0x80cec</load_address>
         <run_address>0x80cec</run_address>
         <size>0x7b5</size>
         <input_file_ref idref="fl-3c"/>
      </object_component>
      <object_component id="oc-25c">
         <name>.text</name>
         <load_address>0x814a1</load_address>
         <run_address>0x814a1</run_address>
         <size>0x739</size>
         <input_file_ref idref="fl-10"/>
      </object_component>
      <object_component id="oc-25b">
         <name>.text</name>
         <load_address>0x81bda</load_address>
         <run_address>0x81bda</run_address>
         <size>0x2b2</size>
         <input_file_ref idref="fl-2"/>
      </object_component>
      <object_component id="oc-28e">
         <name>.text</name>
         <load_address>0x81e8c</load_address>
         <run_address>0x81e8c</run_address>
         <size>0x13f</size>
         <input_file_ref idref="fl-54"/>
      </object_component>
      <object_component id="oc-27e">
         <name>.text</name>
         <load_address>0x81fcb</load_address>
         <run_address>0x81fcb</run_address>
         <size>0x31</size>
         <input_file_ref idref="fl-4b"/>
      </object_component>
      <object_component id="oc-255">
         <name>.text</name>
         <load_address>0x81ffc</load_address>
         <run_address>0x81ffc</run_address>
         <size>0x2</size>
         <input_file_ref idref="fl-34"/>
      </object_component>
      <object_component id="oc-257">
         <name>.text</name>
         <load_address>0x81ffe</load_address>
         <run_address>0x81ffe</run_address>
         <size>0x1</size>
         <input_file_ref idref="fl-35"/>
      </object_component>
      <object_component id="oc-130">
         <name>.text:retain</name>
         <load_address>0x82000</load_address>
         <run_address>0x82000</run_address>
         <size>0x650</size>
         <input_file_ref idref="fl-10"/>
      </object_component>
      <object_component id="oc-9d">
         <name>.text:retain</name>
         <load_address>0x82650</load_address>
         <run_address>0x82650</run_address>
         <size>0x585</size>
         <input_file_ref idref="fl-6"/>
      </object_component>
      <object_component id="oc-26f">
         <name>.text</name>
         <load_address>0x82bd5</load_address>
         <run_address>0x82bd5</run_address>
         <size>0x4b4</size>
         <input_file_ref idref="fl-d"/>
      </object_component>
      <object_component id="oc-28c">
         <name>.text</name>
         <load_address>0x83089</load_address>
         <run_address>0x83089</run_address>
         <size>0x283</size>
         <input_file_ref idref="fl-53"/>
      </object_component>
      <object_component id="oc-26c">
         <name>.text</name>
         <load_address>0x8330c</load_address>
         <run_address>0x8330c</run_address>
         <size>0x244</size>
         <input_file_ref idref="fl-9"/>
      </object_component>
      <object_component id="oc-28d">
         <name>.text</name>
         <load_address>0x83550</load_address>
         <run_address>0x83550</run_address>
         <size>0x1ff</size>
         <input_file_ref idref="fl-51"/>
      </object_component>
      <object_component id="oc-1cb">
         <name>.text</name>
         <load_address>0x8374f</load_address>
         <run_address>0x8374f</run_address>
         <size>0x107</size>
         <input_file_ref idref="fl-45"/>
      </object_component>
      <object_component id="oc-28a">
         <name>.text</name>
         <load_address>0x83856</load_address>
         <run_address>0x83856</run_address>
         <size>0x103</size>
         <input_file_ref idref="fl-56"/>
      </object_component>
      <object_component id="oc-273">
         <name>.text</name>
         <load_address>0x83959</load_address>
         <run_address>0x83959</run_address>
         <size>0xf0</size>
         <input_file_ref idref="fl-3"/>
      </object_component>
      <object_component id="oc-28f">
         <name>.text</name>
         <load_address>0x83a49</load_address>
         <run_address>0x83a49</run_address>
         <size>0xd3</size>
         <input_file_ref idref="fl-52"/>
      </object_component>
      <object_component id="oc-28b">
         <name>.text</name>
         <load_address>0x83b1c</load_address>
         <run_address>0x83b1c</run_address>
         <size>0xb1</size>
         <input_file_ref idref="fl-55"/>
      </object_component>
      <object_component id="oc-281">
         <name>.text</name>
         <load_address>0x83bcd</load_address>
         <run_address>0x83bcd</run_address>
         <size>0xae</size>
         <input_file_ref idref="fl-59"/>
      </object_component>
      <object_component id="oc-246">
         <name>.text</name>
         <load_address>0x83c7b</load_address>
         <run_address>0x83c7b</run_address>
         <size>0x9c</size>
         <input_file_ref idref="fl-5d"/>
      </object_component>
      <object_component id="oc-1df">
         <name>.text</name>
         <load_address>0x83d17</load_address>
         <run_address>0x83d17</run_address>
         <size>0x8b</size>
         <input_file_ref idref="fl-49"/>
      </object_component>
      <object_component id="oc-15b">
         <name>.text</name>
         <load_address>0x83da2</load_address>
         <run_address>0x83da2</run_address>
         <size>0x88</size>
         <input_file_ref idref="fl-2f"/>
      </object_component>
      <object_component id="oc-1a8">
         <name>.text</name>
         <load_address>0x83e2a</load_address>
         <run_address>0x83e2a</run_address>
         <size>0x83</size>
         <input_file_ref idref="fl-3e"/>
      </object_component>
      <object_component id="oc-272">
         <name>.text</name>
         <load_address>0x83ead</load_address>
         <run_address>0x83ead</run_address>
         <size>0x7c</size>
         <input_file_ref idref="fl-5"/>
      </object_component>
      <object_component id="oc-275">
         <name>.text</name>
         <load_address>0x83f29</load_address>
         <run_address>0x83f29</run_address>
         <size>0x6d</size>
         <input_file_ref idref="fl-2d"/>
      </object_component>
      <object_component id="oc-280">
         <name>.text</name>
         <load_address>0x83f96</load_address>
         <run_address>0x83f96</run_address>
         <size>0x5a</size>
         <input_file_ref idref="fl-58"/>
      </object_component>
      <object_component id="oc-285">
         <name>.text</name>
         <load_address>0x83ff0</load_address>
         <run_address>0x83ff0</run_address>
         <size>0x10</size>
         <input_file_ref idref="fl-4c"/>
      </object_component>
      <object_component id="oc-295">
         <name>.text</name>
         <load_address>0x84000</load_address>
         <run_address>0x84000</run_address>
         <size>0x58</size>
         <input_file_ref idref="fl-5c"/>
      </object_component>
      <object_component id="oc-84">
         <name>.text</name>
         <load_address>0x84058</load_address>
         <run_address>0x84058</run_address>
         <size>0x56</size>
         <input_file_ref idref="fl-2e"/>
      </object_component>
      <object_component id="oc-27f">
         <name>.text</name>
         <load_address>0x840ae</load_address>
         <run_address>0x840ae</run_address>
         <size>0x30</size>
         <input_file_ref idref="fl-4a"/>
      </object_component>
      <object_component id="oc-26d">
         <name>.text</name>
         <load_address>0x840de</load_address>
         <run_address>0x840de</run_address>
         <size>0x30</size>
         <input_file_ref idref="fl-2c"/>
      </object_component>
      <object_component id="oc-1a3">
         <name>.text</name>
         <load_address>0x8410e</load_address>
         <run_address>0x8410e</run_address>
         <size>0x2a</size>
         <input_file_ref idref="fl-3d"/>
      </object_component>
      <object_component id="oc-165">
         <name>.text</name>
         <load_address>0x84138</load_address>
         <run_address>0x84138</run_address>
         <size>0x2a</size>
         <input_file_ref idref="fl-31"/>
      </object_component>
      <object_component id="oc-259">
         <name>.text</name>
         <load_address>0x84162</load_address>
         <run_address>0x84162</run_address>
         <size>0x29</size>
         <input_file_ref idref="fl-36"/>
      </object_component>
      <object_component id="oc-270">
         <name>.text</name>
         <load_address>0x8418b</load_address>
         <run_address>0x8418b</run_address>
         <size>0x28</size>
         <input_file_ref idref="fl-a"/>
      </object_component>
      <object_component id="oc-271">
         <name>.text</name>
         <load_address>0x841b3</load_address>
         <run_address>0x841b3</run_address>
         <size>0x26</size>
         <input_file_ref idref="fl-b"/>
      </object_component>
      <object_component id="oc-290">
         <name>.text</name>
         <load_address>0x841d9</load_address>
         <run_address>0x841d9</run_address>
         <size>0x25</size>
         <input_file_ref idref="fl-5b"/>
      </object_component>
      <object_component id="oc-256">
         <name>.text</name>
         <load_address>0x841fe</load_address>
         <run_address>0x841fe</run_address>
         <size>0x24</size>
         <input_file_ref idref="fl-32"/>
      </object_component>
      <object_component id="oc-1b7">
         <name>.text</name>
         <load_address>0x84222</load_address>
         <run_address>0x84222</run_address>
         <size>0x21</size>
         <input_file_ref idref="fl-41"/>
      </object_component>
      <object_component id="oc-1bc">
         <name>.text</name>
         <load_address>0x84243</load_address>
         <run_address>0x84243</run_address>
         <size>0x1f</size>
         <input_file_ref idref="fl-42"/>
      </object_component>
      <object_component id="oc-1c6">
         <name>.text</name>
         <load_address>0x84262</load_address>
         <run_address>0x84262</run_address>
         <size>0x1e</size>
         <input_file_ref idref="fl-44"/>
      </object_component>
      <object_component id="oc-1d0">
         <name>.text</name>
         <load_address>0x84280</load_address>
         <run_address>0x84280</run_address>
         <size>0x1d</size>
         <input_file_ref idref="fl-46"/>
      </object_component>
      <object_component id="oc-269">
         <name>.text</name>
         <load_address>0x8429d</load_address>
         <run_address>0x8429d</run_address>
         <size>0x1d</size>
         <input_file_ref idref="fl-33"/>
      </object_component>
      <object_component id="oc-1da">
         <name>.text</name>
         <load_address>0x842ba</load_address>
         <run_address>0x842ba</run_address>
         <size>0x1c</size>
         <input_file_ref idref="fl-48"/>
      </object_component>
      <object_component id="oc-1d5">
         <name>.text</name>
         <load_address>0x842d6</load_address>
         <run_address>0x842d6</run_address>
         <size>0x1c</size>
         <input_file_ref idref="fl-47"/>
      </object_component>
      <object_component id="oc-1c1">
         <name>.text</name>
         <load_address>0x842f2</load_address>
         <run_address>0x842f2</run_address>
         <size>0x18</size>
         <input_file_ref idref="fl-43"/>
      </object_component>
      <object_component id="oc-24b">
         <name>.text</name>
         <load_address>0x8430a</load_address>
         <run_address>0x8430a</run_address>
         <size>0x14</size>
         <input_file_ref idref="fl-5e"/>
      </object_component>
      <object_component id="oc-258">
         <name>.text</name>
         <load_address>0x8431e</load_address>
         <run_address>0x8431e</run_address>
         <size>0x12</size>
         <input_file_ref idref="fl-38"/>
      </object_component>
      <object_component id="oc-296">
         <name>.text</name>
         <load_address>0x84330</load_address>
         <run_address>0x84330</run_address>
         <size>0x11</size>
         <input_file_ref idref="fl-5f"/>
      </object_component>
      <object_component id="oc-1b2">
         <name>.text</name>
         <load_address>0x84341</load_address>
         <run_address>0x84341</run_address>
         <size>0xe</size>
         <input_file_ref idref="fl-40"/>
      </object_component>
      <object_component id="oc-282">
         <name>.text</name>
         <load_address>0x8434f</load_address>
         <run_address>0x8434f</run_address>
         <size>0xc</size>
         <input_file_ref idref="fl-4e"/>
      </object_component>
      <object_component id="oc-287">
         <name>.text</name>
         <load_address>0x8435b</load_address>
         <run_address>0x8435b</run_address>
         <size>0xb</size>
         <input_file_ref idref="fl-50"/>
      </object_component>
      <object_component id="oc-160">
         <name>.text</name>
         <load_address>0x84366</load_address>
         <run_address>0x84366</run_address>
         <size>0xb</size>
         <input_file_ref idref="fl-30"/>
      </object_component>
      <object_component id="oc-276">
         <name>.text</name>
         <load_address>0x84371</load_address>
         <run_address>0x84371</run_address>
         <size>0x9</size>
         <input_file_ref idref="fl-37"/>
      </object_component>
      <object_component id="oc-1ad">
         <name>.text</name>
         <load_address>0x8437a</load_address>
         <run_address>0x8437a</run_address>
         <size>0x9</size>
         <input_file_ref idref="fl-3f"/>
      </object_component>
      <object_component id="oc-286">
         <name>.text</name>
         <load_address>0x84383</load_address>
         <run_address>0x84383</run_address>
         <size>0x9</size>
         <input_file_ref idref="fl-5a"/>
      </object_component>
      <object_component id="oc-26e">
         <name>.text</name>
         <load_address>0x8438c</load_address>
         <run_address>0x8438c</run_address>
         <size>0x8</size>
         <input_file_ref idref="fl-3a"/>
      </object_component>
      <object_component id="oc-283">
         <name>.text</name>
         <load_address>0x84394</load_address>
         <run_address>0x84394</run_address>
         <size>0x7</size>
         <input_file_ref idref="fl-4d"/>
      </object_component>
      <object_component id="oc-284">
         <name>.text</name>
         <load_address>0x8439b</load_address>
         <run_address>0x8439b</run_address>
         <size>0x5</size>
         <input_file_ref idref="fl-4f"/>
      </object_component>
      <object_component id="oc-91">
         <name>codestart</name>
         <load_address>0x80000</load_address>
         <run_address>0x80000</run_address>
         <size>0x2</size>
         <input_file_ref idref="fl-4"/>
      </object_component>
      <object_component id="oc-155">
         <name>.stack</name>
         <uninitialized>true</uninitialized>
         <run_address>0xb000</run_address>
         <size>0x0</size>
         <input_file_ref idref="fl-2e"/>
      </object_component>
      <object_component id="oc-320">
         <name>.stack</name>
         <uninitialized>true</uninitialized>
         <run_address>0xb000</run_address>
         <size>0x0</size>
      </object_component>
      <object_component id="oc-156">
         <name>.reset</name>
         <load_address>0x3fffc0</load_address>
         <run_address>0x3fffc0</run_address>
         <size>0x2</size>
         <input_file_ref idref="fl-2e"/>
      </object_component>
      <object_component id="oc-86">
         <name>.ebss</name>
         <uninitialized>true</uninitialized>
         <run_address>0xd000</run_address>
         <size>0x2f30</size>
         <input_file_ref idref="fl-2"/>
      </object_component>
      <object_component id="oc-261">
         <name>.ebss:_LeftWheelArray</name>
         <uninitialized>true</uninitialized>
         <run_address>0xff30</run_address>
         <size>0x8</size>
         <input_file_ref idref="fl-10"/>
      </object_component>
      <object_component id="oc-263">
         <name>.ebss:_RightWheelArray</name>
         <uninitialized>true</uninitialized>
         <run_address>0xff38</run_address>
         <size>0x8</size>
         <input_file_ref idref="fl-10"/>
      </object_component>
      <object_component id="oc-12f">
         <name>.ebss</name>
         <uninitialized>true</uninitialized>
         <run_address>0xff40</run_address>
         <size>0x12c</size>
         <input_file_ref idref="fl-10"/>
      </object_component>
      <object_component id="oc-25f">
         <name>.ebss:_gyro_array</name>
         <uninitialized>true</uninitialized>
         <run_address>0x1006c</run_address>
         <size>0x8</size>
         <input_file_ref idref="fl-10"/>
      </object_component>
      <object_component id="oc-25d">
         <name>.ebss:_tilt_array</name>
         <uninitialized>true</uninitialized>
         <run_address>0x10074</run_address>
         <size>0x8</size>
         <input_file_ref idref="fl-10"/>
      </object_component>
      <object_component id="oc-26a">
         <name>.ebss:__lock</name>
         <uninitialized>true</uninitialized>
         <run_address>0x1007c</run_address>
         <size>0x2</size>
         <input_file_ref idref="fl-37"/>
      </object_component>
      <object_component id="oc-27d">
         <name>.ebss:__unlock</name>
         <uninitialized>true</uninitialized>
         <run_address>0x1007e</run_address>
         <size>0x2</size>
         <input_file_ref idref="fl-37"/>
      </object_component>
      <object_component id="oc-267">
         <name>.ebss:_b</name>
         <uninitialized>true</uninitialized>
         <run_address>0x10080</run_address>
         <size>0xca</size>
         <input_file_ref idref="fl-10"/>
      </object_component>
      <object_component id="oc-97">
         <name>.ebss</name>
         <uninitialized>true</uninitialized>
         <run_address>0x1014a</run_address>
         <size>0x18</size>
         <input_file_ref idref="fl-5"/>
      </object_component>
      <object_component id="oc-138">
         <name>.ebss</name>
         <uninitialized>true</uninitialized>
         <run_address>0x10162</run_address>
         <size>0x6</size>
         <input_file_ref idref="fl-11"/>
      </object_component>
      <object_component id="oc-180">
         <name>.ebss</name>
         <uninitialized>true</uninitialized>
         <run_address>0x10168</run_address>
         <size>0x6</size>
         <input_file_ref idref="fl-36"/>
      </object_component>
      <object_component id="oc-228">
         <name>.ebss</name>
         <uninitialized>true</uninitialized>
         <run_address>0x1016e</run_address>
         <size>0x1</size>
         <input_file_ref idref="fl-57"/>
      </object_component>
      <object_component id="oc-265">
         <name>.ebss:_xk</name>
         <uninitialized>true</uninitialized>
         <run_address>0x10180</run_address>
         <size>0xca</size>
         <input_file_ref idref="fl-10"/>
      </object_component>
      <object_component id="oc-274">
         <name>.ebss:_RXBuff</name>
         <uninitialized>true</uninitialized>
         <run_address>0x10280</run_address>
         <size>0x80</size>
         <input_file_ref idref="fl-10"/>
      </object_component>
      <object_component id="oc-27a">
         <name>.econst:_PieVectTableInit</name>
         <load_address>0x843a0</load_address>
         <run_address>0x843a0</run_address>
         <size>0x1c0</size>
         <input_file_ref idref="fl-b"/>
      </object_component>
      <object_component id="oc-27c">
         <name>.econst:.string:__ctypes_</name>
         <load_address>0x84560</load_address>
         <run_address>0x84560</run_address>
         <size>0x101</size>
         <input_file_ref idref="fl-39"/>
      </object_component>
      <object_component id="oc-13f">
         <name>.econst:.string</name>
         <load_address>0x84662</load_address>
         <run_address>0x84662</run_address>
         <size>0xbf</size>
         <input_file_ref idref="fl-1f"/>
      </object_component>
      <object_component id="oc-146">
         <name>.econst:.string</name>
         <load_address>0x84722</load_address>
         <run_address>0x84722</run_address>
         <size>0x60</size>
         <input_file_ref idref="fl-20"/>
      </object_component>
      <object_component id="oc-291">
         <name>.econst:_digits</name>
         <load_address>0x84782</load_address>
         <run_address>0x84782</run_address>
         <size>0x40</size>
         <input_file_ref idref="fl-53"/>
      </object_component>
      <object_component id="oc-198">
         <name>.econst:.string</name>
         <load_address>0x847c2</load_address>
         <run_address>0x847c2</run_address>
         <size>0x26</size>
         <input_file_ref idref="fl-3b"/>
      </object_component>
      <object_component id="oc-292">
         <name>.econst:_powerof10</name>
         <load_address>0x847e8</load_address>
         <run_address>0x847e8</run_address>
         <size>0x24</size>
         <input_file_ref idref="fl-53"/>
      </object_component>
      <object_component id="oc-293">
         <name>.econst:_digits</name>
         <load_address>0x8480c</load_address>
         <run_address>0x8480c</run_address>
         <size>0x20</size>
         <input_file_ref idref="fl-51"/>
      </object_component>
      <object_component id="oc-197">
         <name>.econst</name>
         <load_address>0x8482c</load_address>
         <run_address>0x8482c</run_address>
         <size>0x1c</size>
         <input_file_ref idref="fl-3b"/>
      </object_component>
      <object_component id="oc-231">
         <name>.econst</name>
         <load_address>0x84848</load_address>
         <run_address>0x84848</run_address>
         <size>0x1c</size>
         <input_file_ref idref="fl-59"/>
      </object_component>
      <object_component id="oc-131">
         <name>.econst:.string</name>
         <load_address>0x84864</load_address>
         <run_address>0x84864</run_address>
         <size>0x1a</size>
         <input_file_ref idref="fl-10"/>
      </object_component>
      <object_component id="oc-139">
         <name>.econst:.string</name>
         <load_address>0x8487e</load_address>
         <run_address>0x8487e</run_address>
         <size>0x13</size>
         <input_file_ref idref="fl-11"/>
      </object_component>
      <object_component id="oc-19e">
         <name>.econst:.string</name>
         <load_address>0x84892</load_address>
         <run_address>0x84892</run_address>
         <size>0xe</size>
         <input_file_ref idref="fl-3c"/>
      </object_component>
      <object_component id="oc-294">
         <name>.econst:_powerof10</name>
         <load_address>0x848a0</load_address>
         <run_address>0x848a0</run_address>
         <size>0xc</size>
         <input_file_ref idref="fl-51"/>
      </object_component>
      <object_component id="oc-212">
         <name>.econst</name>
         <load_address>0x848ac</load_address>
         <run_address>0x848ac</run_address>
         <size>0xc</size>
         <input_file_ref idref="fl-53"/>
      </object_component>
      <object_component id="oc-22b">
         <name>.econst</name>
         <load_address>0x848b8</load_address>
         <run_address>0x848b8</run_address>
         <size>0x8</size>
         <input_file_ref idref="fl-58"/>
      </object_component>
      <object_component id="oc-288">
         <name>.econst:.string:_flit$1</name>
         <load_address>0x848c0</load_address>
         <run_address>0x848c0</run_address>
         <size>0x7</size>
         <input_file_ref idref="fl-3c"/>
      </object_component>
      <object_component id="oc-289">
         <name>.econst:.string:_barr$2</name>
         <load_address>0x848c7</load_address>
         <run_address>0x848c7</run_address>
         <size>0x6</size>
         <input_file_ref idref="fl-3c"/>
      </object_component>
      <object_component id="oc-241">
         <name>.econst</name>
         <load_address>0x848ce</load_address>
         <run_address>0x848ce</run_address>
         <size>0x6</size>
         <input_file_ref idref="fl-5c"/>
      </object_component>
      <object_component id="oc-87">
         <name>.TI.ramfunc:retain</name>
         <load_address>0x84bd0</load_address>
         <run_address>0x8000</run_address>
         <size>0x1e0</size>
         <input_file_ref idref="fl-2"/>
      </object_component>
      <object_component id="oc-25a">
         <name>.TI.ramfunc</name>
         <load_address>0x84db0</load_address>
         <run_address>0x81e0</run_address>
         <size>0x8a</size>
         <input_file_ref idref="fl-2"/>
      </object_component>
      <object_component id="oc-279">
         <name>.TI.ramfunc</name>
         <load_address>0x84e3a</load_address>
         <run_address>0x826a</run_address>
         <size>0x37</size>
         <input_file_ref idref="fl-d"/>
      </object_component>
      <object_component id="oc-123">
         <name>.TI.ramfunc</name>
         <load_address>0x84e71</load_address>
         <run_address>0x82a1</run_address>
         <size>0x4</size>
         <input_file_ref idref="fl-e"/>
      </object_component>
      <object_component id="oc-145">
         <name>.TI.ramfunc</name>
         <load_address>0x84e75</load_address>
         <run_address>0x82a5</run_address>
         <size>0x4</size>
         <input_file_ref idref="fl-20"/>
      </object_component>
      <object_component id="oc-108">
         <name>PieVectTableFile</name>
         <uninitialized>true</uninitialized>
         <run_address>0xd00</run_address>
         <size>0x1c0</size>
         <input_file_ref idref="fl-8"/>
      </object_component>
      <object_component id="oc-a8">
         <name>EmuBModeVar</name>
         <uninitialized>true</uninitialized>
         <run_address>0xd00</run_address>
         <size>0x1</size>
         <input_file_ref idref="fl-8"/>
      </object_component>
      <object_component id="oc-a9">
         <name>EmuBootPinsVar</name>
         <uninitialized>true</uninitialized>
         <run_address>0xd01</run_address>
         <size>0x1</size>
         <input_file_ref idref="fl-8"/>
      </object_component>
      <object_component id="oc-bf">
         <name>AdcaResultFile</name>
         <uninitialized>true</uninitialized>
         <run_address>0xb00</run_address>
         <size>0x18</size>
         <input_file_ref idref="fl-8"/>
      </object_component>
      <object_component id="oc-c0">
         <name>AdcbResultFile</name>
         <uninitialized>true</uninitialized>
         <run_address>0xb20</run_address>
         <size>0x18</size>
         <input_file_ref idref="fl-8"/>
      </object_component>
      <object_component id="oc-c1">
         <name>AdccResultFile</name>
         <uninitialized>true</uninitialized>
         <run_address>0xb40</run_address>
         <size>0x18</size>
         <input_file_ref idref="fl-8"/>
      </object_component>
      <object_component id="oc-c2">
         <name>AdcdResultFile</name>
         <uninitialized>true</uninitialized>
         <run_address>0xb60</run_address>
         <size>0x18</size>
         <input_file_ref idref="fl-8"/>
      </object_component>
      <object_component id="oc-ee">
         <name>AdcaRegsFile</name>
         <uninitialized>true</uninitialized>
         <run_address>0x7400</run_address>
         <size>0x80</size>
         <input_file_ref idref="fl-8"/>
      </object_component>
      <object_component id="oc-ef">
         <name>AdcbRegsFile</name>
         <uninitialized>true</uninitialized>
         <run_address>0x7480</run_address>
         <size>0x80</size>
         <input_file_ref idref="fl-8"/>
      </object_component>
      <object_component id="oc-f0">
         <name>AdccRegsFile</name>
         <uninitialized>true</uninitialized>
         <run_address>0x7500</run_address>
         <size>0x80</size>
         <input_file_ref idref="fl-8"/>
      </object_component>
      <object_component id="oc-f1">
         <name>AdcdRegsFile</name>
         <uninitialized>true</uninitialized>
         <run_address>0x7580</run_address>
         <size>0x80</size>
         <input_file_ref idref="fl-8"/>
      </object_component>
      <object_component id="oc-ea">
         <name>AnalogSubsysRegsFile</name>
         <uninitialized>true</uninitialized>
         <run_address>0x5d180</run_address>
         <size>0x48</size>
         <input_file_ref idref="fl-8"/>
      </object_component>
      <object_component id="oc-104">
         <name>CanaRegsFile</name>
         <uninitialized>true</uninitialized>
         <run_address>0x48000</run_address>
         <size>0x164</size>
         <input_file_ref idref="fl-8"/>
      </object_component>
      <object_component id="oc-105">
         <name>CanbRegsFile</name>
         <uninitialized>true</uninitialized>
         <run_address>0x4a000</run_address>
         <size>0x164</size>
         <input_file_ref idref="fl-8"/>
      </object_component>
      <object_component id="oc-e5">
         <name>Cla1RegsFile</name>
         <uninitialized>true</uninitialized>
         <run_address>0x1400</run_address>
         <size>0x3e</size>
         <input_file_ref idref="fl-8"/>
      </object_component>
      <object_component id="oc-ad">
         <name>Cla1SoftIntRegsFile</name>
         <uninitialized>true</uninitialized>
         <run_address>0xce0</run_address>
         <size>0x4</size>
         <input_file_ref idref="fl-8"/>
      </object_component>
      <object_component id="oc-c5">
         <name>Cmpss1RegsFile</name>
         <uninitialized>true</uninitialized>
         <run_address>0x5c80</run_address>
         <size>0x20</size>
         <input_file_ref idref="fl-8"/>
      </object_component>
      <object_component id="oc-c6">
         <name>Cmpss2RegsFile</name>
         <uninitialized>true</uninitialized>
         <run_address>0x5ca0</run_address>
         <size>0x20</size>
         <input_file_ref idref="fl-8"/>
      </object_component>
      <object_component id="oc-c7">
         <name>Cmpss3RegsFile</name>
         <uninitialized>true</uninitialized>
         <run_address>0x5cc0</run_address>
         <size>0x20</size>
         <input_file_ref idref="fl-8"/>
      </object_component>
      <object_component id="oc-c8">
         <name>Cmpss4RegsFile</name>
         <uninitialized>true</uninitialized>
         <run_address>0x5ce0</run_address>
         <size>0x20</size>
         <input_file_ref idref="fl-8"/>
      </object_component>
      <object_component id="oc-c9">
         <name>Cmpss5RegsFile</name>
         <uninitialized>true</uninitialized>
         <run_address>0x5d00</run_address>
         <size>0x20</size>
         <input_file_ref idref="fl-8"/>
      </object_component>
      <object_component id="oc-ca">
         <name>Cmpss6RegsFile</name>
         <uninitialized>true</uninitialized>
         <run_address>0x5d20</run_address>
         <size>0x20</size>
         <input_file_ref idref="fl-8"/>
      </object_component>
      <object_component id="oc-cb">
         <name>Cmpss7RegsFile</name>
         <uninitialized>true</uninitialized>
         <run_address>0x5d40</run_address>
         <size>0x20</size>
         <input_file_ref idref="fl-8"/>
      </object_component>
      <object_component id="oc-cc">
         <name>Cmpss8RegsFile</name>
         <uninitialized>true</uninitialized>
         <run_address>0x5d60</run_address>
         <size>0x20</size>
         <input_file_ref idref="fl-8"/>
      </object_component>
      <object_component id="oc-b3">
         <name>CpuTimer0RegsFile</name>
         <uninitialized>true</uninitialized>
         <run_address>0xc00</run_address>
         <size>0x8</size>
         <input_file_ref idref="fl-8"/>
      </object_component>
      <object_component id="oc-b4">
         <name>CpuTimer1RegsFile</name>
         <uninitialized>true</uninitialized>
         <run_address>0xc08</run_address>
         <size>0x8</size>
         <input_file_ref idref="fl-8"/>
      </object_component>
      <object_component id="oc-b5">
         <name>CpuTimer2RegsFile</name>
         <uninitialized>true</uninitialized>
         <run_address>0xc10</run_address>
         <size>0x8</size>
         <input_file_ref idref="fl-8"/>
      </object_component>
      <object_component id="oc-b0">
         <name>DacaRegsFile</name>
         <uninitialized>true</uninitialized>
         <run_address>0x5c00</run_address>
         <size>0x8</size>
         <input_file_ref idref="fl-8"/>
      </object_component>
      <object_component id="oc-b1">
         <name>DacbRegsFile</name>
         <uninitialized>true</uninitialized>
         <run_address>0x5c10</run_address>
         <size>0x8</size>
         <input_file_ref idref="fl-8"/>
      </object_component>
      <object_component id="oc-b2">
         <name>DaccRegsFile</name>
         <uninitialized>true</uninitialized>
         <run_address>0x5c20</run_address>
         <size>0x8</size>
         <input_file_ref idref="fl-8"/>
      </object_component>
      <object_component id="oc-dc">
         <name>DcsmZ1RegsFile</name>
         <uninitialized>true</uninitialized>
         <run_address>0x5f000</run_address>
         <size>0x24</size>
         <input_file_ref idref="fl-8"/>
      </object_component>
      <object_component id="oc-dd">
         <name>DcsmZ2RegsFile</name>
         <uninitialized>true</uninitialized>
         <run_address>0x5f040</run_address>
         <size>0x24</size>
         <input_file_ref idref="fl-8"/>
      </object_component>
      <object_component id="oc-b6">
         <name>DcsmCommonRegsFile</name>
         <uninitialized>true</uninitialized>
         <run_address>0x5f070</run_address>
         <size>0x8</size>
         <input_file_ref idref="fl-8"/>
      </object_component>
      <object_component id="oc-f6">
         <name>DmaRegsFile</name>
         <uninitialized>true</uninitialized>
         <run_address>0x1000</run_address>
         <size>0xe0</size>
         <input_file_ref idref="fl-8"/>
      </object_component>
      <object_component id="oc-c3">
         <name>DmaClaSrcSelRegsFile</name>
         <uninitialized>true</uninitialized>
         <run_address>0x7980</run_address>
         <size>0x1a</size>
         <input_file_ref idref="fl-8"/>
      </object_component>
      <object_component id="oc-cd">
         <name>ECap1RegsFile</name>
         <uninitialized>true</uninitialized>
         <run_address>0x5000</run_address>
         <size>0x20</size>
         <input_file_ref idref="fl-8"/>
      </object_component>
      <object_component id="oc-ce">
         <name>ECap2RegsFile</name>
         <uninitialized>true</uninitialized>
         <run_address>0x5020</run_address>
         <size>0x20</size>
         <input_file_ref idref="fl-8"/>
      </object_component>
      <object_component id="oc-cf">
         <name>ECap3RegsFile</name>
         <uninitialized>true</uninitialized>
         <run_address>0x5040</run_address>
         <size>0x20</size>
         <input_file_ref idref="fl-8"/>
      </object_component>
      <object_component id="oc-d0">
         <name>ECap4RegsFile</name>
         <uninitialized>true</uninitialized>
         <run_address>0x5060</run_address>
         <size>0x20</size>
         <input_file_ref idref="fl-8"/>
      </object_component>
      <object_component id="oc-d1">
         <name>ECap5RegsFile</name>
         <uninitialized>true</uninitialized>
         <run_address>0x5080</run_address>
         <size>0x20</size>
         <input_file_ref idref="fl-8"/>
      </object_component>
      <object_component id="oc-d2">
         <name>ECap6RegsFile</name>
         <uninitialized>true</uninitialized>
         <run_address>0x50a0</run_address>
         <size>0x20</size>
         <input_file_ref idref="fl-8"/>
      </object_component>
      <object_component id="oc-ec">
         <name>Emif1RegsFile</name>
         <uninitialized>true</uninitialized>
         <run_address>0x47000</run_address>
         <size>0x70</size>
         <input_file_ref idref="fl-8"/>
      </object_component>
      <object_component id="oc-ed">
         <name>Emif2RegsFile</name>
         <uninitialized>true</uninitialized>
         <run_address>0x47800</run_address>
         <size>0x70</size>
         <input_file_ref idref="fl-8"/>
      </object_component>
      <object_component id="oc-f7">
         <name>EPwm1RegsFile</name>
         <uninitialized>true</uninitialized>
         <run_address>0x4000</run_address>
         <size>0x100</size>
         <input_file_ref idref="fl-8"/>
      </object_component>
      <object_component id="oc-f8">
         <name>EPwm2RegsFile</name>
         <uninitialized>true</uninitialized>
         <run_address>0x4100</run_address>
         <size>0x100</size>
         <input_file_ref idref="fl-8"/>
      </object_component>
      <object_component id="oc-f9">
         <name>EPwm3RegsFile</name>
         <uninitialized>true</uninitialized>
         <run_address>0x4200</run_address>
         <size>0x100</size>
         <input_file_ref idref="fl-8"/>
      </object_component>
      <object_component id="oc-fa">
         <name>EPwm4RegsFile</name>
         <uninitialized>true</uninitialized>
         <run_address>0x4300</run_address>
         <size>0x100</size>
         <input_file_ref idref="fl-8"/>
      </object_component>
      <object_component id="oc-fb">
         <name>EPwm5RegsFile</name>
         <uninitialized>true</uninitialized>
         <run_address>0x4400</run_address>
         <size>0x100</size>
         <input_file_ref idref="fl-8"/>
      </object_component>
      <object_component id="oc-fc">
         <name>EPwm6RegsFile</name>
         <uninitialized>true</uninitialized>
         <run_address>0x4500</run_address>
         <size>0x100</size>
         <input_file_ref idref="fl-8"/>
      </object_component>
      <object_component id="oc-fd">
         <name>EPwm7RegsFile</name>
         <uninitialized>true</uninitialized>
         <run_address>0x4600</run_address>
         <size>0x100</size>
         <input_file_ref idref="fl-8"/>
      </object_component>
      <object_component id="oc-fe">
         <name>EPwm8RegsFile</name>
         <uninitialized>true</uninitialized>
         <run_address>0x4700</run_address>
         <size>0x100</size>
         <input_file_ref idref="fl-8"/>
      </object_component>
      <object_component id="oc-ff">
         <name>EPwm9RegsFile</name>
         <uninitialized>true</uninitialized>
         <run_address>0x4800</run_address>
         <size>0x100</size>
         <input_file_ref idref="fl-8"/>
      </object_component>
      <object_component id="oc-100">
         <name>EPwm10RegsFile</name>
         <uninitialized>true</uninitialized>
         <run_address>0x4900</run_address>
         <size>0x100</size>
         <input_file_ref idref="fl-8"/>
      </object_component>
      <object_component id="oc-101">
         <name>EPwm11RegsFile</name>
         <uninitialized>true</uninitialized>
         <run_address>0x4a00</run_address>
         <size>0x100</size>
         <input_file_ref idref="fl-8"/>
      </object_component>
      <object_component id="oc-102">
         <name>EPwm12RegsFile</name>
         <uninitialized>true</uninitialized>
         <run_address>0x4b00</run_address>
         <size>0x100</size>
         <input_file_ref idref="fl-8"/>
      </object_component>
      <object_component id="oc-e6">
         <name>EPwmXbarRegsFile</name>
         <uninitialized>true</uninitialized>
         <run_address>0x7a00</run_address>
         <size>0x40</size>
         <input_file_ref idref="fl-8"/>
      </object_component>
      <object_component id="oc-d7">
         <name>EQep1RegsFile</name>
         <uninitialized>true</uninitialized>
         <run_address>0x5100</run_address>
         <size>0x22</size>
         <input_file_ref idref="fl-8"/>
      </object_component>
      <object_component id="oc-d8">
         <name>EQep2RegsFile</name>
         <uninitialized>true</uninitialized>
         <run_address>0x5140</run_address>
         <size>0x22</size>
         <input_file_ref idref="fl-8"/>
      </object_component>
      <object_component id="oc-d9">
         <name>EQep3RegsFile</name>
         <uninitialized>true</uninitialized>
         <run_address>0x5180</run_address>
         <size>0x22</size>
         <input_file_ref idref="fl-8"/>
      </object_component>
      <object_component id="oc-107">
         <name>Flash0CtrlRegsFile</name>
         <uninitialized>true</uninitialized>
         <run_address>0x5f800</run_address>
         <size>0x182</size>
         <input_file_ref idref="fl-8"/>
      </object_component>
      <object_component id="oc-e1">
         <name>Flash0EccRegsFile</name>
         <uninitialized>true</uninitialized>
         <run_address>0x5fb00</run_address>
         <size>0x28</size>
         <input_file_ref idref="fl-8"/>
      </object_component>
      <object_component id="oc-106">
         <name>GpioCtrlRegsFile</name>
         <uninitialized>true</uninitialized>
         <run_address>0x7c00</run_address>
         <size>0x180</size>
         <input_file_ref idref="fl-8"/>
      </object_component>
      <object_component id="oc-e3">
         <name>GpioDataRegsFile</name>
         <uninitialized>true</uninitialized>
         <run_address>0x7f00</run_address>
         <size>0x30</size>
         <input_file_ref idref="fl-8"/>
      </object_component>
      <object_component id="oc-e7">
         <name>OutputXbarRegsFile</name>
         <uninitialized>true</uninitialized>
         <run_address>0x7a80</run_address>
         <size>0x40</size>
         <input_file_ref idref="fl-8"/>
      </object_component>
      <object_component id="oc-da">
         <name>I2caRegsFile</name>
         <uninitialized>true</uninitialized>
         <run_address>0x7300</run_address>
         <size>0x22</size>
         <input_file_ref idref="fl-8"/>
      </object_component>
      <object_component id="oc-db">
         <name>I2cbRegsFile</name>
         <uninitialized>true</uninitialized>
         <run_address>0x7340</run_address>
         <size>0x22</size>
         <input_file_ref idref="fl-8"/>
      </object_component>
      <object_component id="oc-d3">
         <name>InputXbarRegsFile</name>
         <uninitialized>true</uninitialized>
         <run_address>0x7900</run_address>
         <size>0x20</size>
         <input_file_ref idref="fl-8"/>
      </object_component>
      <object_component id="oc-d4">
         <name>XbarRegsFile</name>
         <uninitialized>true</uninitialized>
         <run_address>0x7920</run_address>
         <size>0x20</size>
         <input_file_ref idref="fl-8"/>
      </object_component>
      <object_component id="oc-de">
         <name>IpcRegsFile</name>
         <uninitialized>true</uninitialized>
         <run_address>0x50000</run_address>
         <size>0x24</size>
         <input_file_ref idref="fl-8"/>
      </object_component>
      <object_component id="oc-aa">
         <name>FlashPumpSemaphoreRegsFile</name>
         <uninitialized>true</uninitialized>
         <run_address>0x50024</run_address>
         <size>0x2</size>
         <input_file_ref idref="fl-8"/>
      </object_component>
      <object_component id="oc-ab">
         <name>RomPrefetchRegsFile</name>
         <uninitialized>true</uninitialized>
         <run_address>0x5e608</run_address>
         <size>0x2</size>
         <input_file_ref idref="fl-8"/>
      </object_component>
      <object_component id="oc-f2">
         <name>MemCfgRegsFile</name>
         <uninitialized>true</uninitialized>
         <run_address>0x5f400</run_address>
         <size>0x80</size>
         <input_file_ref idref="fl-8"/>
      </object_component>
      <object_component id="oc-d5">
         <name>Emif1ConfigRegsFile</name>
         <uninitialized>true</uninitialized>
         <run_address>0x5f480</run_address>
         <size>0x20</size>
         <input_file_ref idref="fl-8"/>
      </object_component>
      <object_component id="oc-d6">
         <name>Emif2ConfigRegsFile</name>
         <uninitialized>true</uninitialized>
         <run_address>0x5f4a0</run_address>
         <size>0x20</size>
         <input_file_ref idref="fl-8"/>
      </object_component>
      <object_component id="oc-e8">
         <name>AccessProtectionRegsFile</name>
         <uninitialized>true</uninitialized>
         <run_address>0x5f4c0</run_address>
         <size>0x40</size>
         <input_file_ref idref="fl-8"/>
      </object_component>
      <object_component id="oc-e9">
         <name>MemoryErrorRegsFile</name>
         <uninitialized>true</uninitialized>
         <run_address>0x5f500</run_address>
         <size>0x40</size>
         <input_file_ref idref="fl-8"/>
      </object_component>
      <object_component id="oc-ac">
         <name>RomWaitStateRegsFile</name>
         <uninitialized>true</uninitialized>
         <run_address>0x5f540</run_address>
         <size>0x2</size>
         <input_file_ref idref="fl-8"/>
      </object_component>
      <object_component id="oc-df">
         <name>McbspaRegsFile</name>
         <uninitialized>true</uninitialized>
         <run_address>0x6000</run_address>
         <size>0x24</size>
         <input_file_ref idref="fl-8"/>
      </object_component>
      <object_component id="oc-e0">
         <name>McbspbRegsFile</name>
         <uninitialized>true</uninitialized>
         <run_address>0x6040</run_address>
         <size>0x24</size>
         <input_file_ref idref="fl-8"/>
      </object_component>
      <object_component id="oc-eb">
         <name>UppRegsFile</name>
         <uninitialized>true</uninitialized>
         <run_address>0x6200</run_address>
         <size>0x48</size>
         <input_file_ref idref="fl-8"/>
      </object_component>
      <object_component id="oc-af">
         <name>NmiIntruptRegsFile</name>
         <uninitialized>true</uninitialized>
         <run_address>0x7060</run_address>
         <size>0x7</size>
         <input_file_ref idref="fl-8"/>
      </object_component>
      <object_component id="oc-c4">
         <name>PieCtrlRegsFile</name>
         <uninitialized>true</uninitialized>
         <run_address>0xce0</run_address>
         <size>0x1a</size>
         <input_file_ref idref="fl-8"/>
      </object_component>
      <object_component id="oc-b8">
         <name>SciaRegsFile</name>
         <uninitialized>true</uninitialized>
         <run_address>0x7200</run_address>
         <size>0x10</size>
         <input_file_ref idref="fl-8"/>
      </object_component>
      <object_component id="oc-b9">
         <name>ScibRegsFile</name>
         <uninitialized>true</uninitialized>
         <run_address>0x7210</run_address>
         <size>0x10</size>
         <input_file_ref idref="fl-8"/>
      </object_component>
      <object_component id="oc-ba">
         <name>ScicRegsFile</name>
         <uninitialized>true</uninitialized>
         <run_address>0x7220</run_address>
         <size>0x10</size>
         <input_file_ref idref="fl-8"/>
      </object_component>
      <object_component id="oc-bb">
         <name>ScidRegsFile</name>
         <uninitialized>true</uninitialized>
         <run_address>0x7230</run_address>
         <size>0x10</size>
         <input_file_ref idref="fl-8"/>
      </object_component>
      <object_component id="oc-f3">
         <name>Sdfm1RegsFile</name>
         <uninitialized>true</uninitialized>
         <run_address>0x5e00</run_address>
         <size>0x80</size>
         <input_file_ref idref="fl-8"/>
      </object_component>
      <object_component id="oc-f4">
         <name>Sdfm2RegsFile</name>
         <uninitialized>true</uninitialized>
         <run_address>0x5e80</run_address>
         <size>0x80</size>
         <input_file_ref idref="fl-8"/>
      </object_component>
      <object_component id="oc-bc">
         <name>SpiaRegsFile</name>
         <uninitialized>true</uninitialized>
         <run_address>0x6100</run_address>
         <size>0x10</size>
         <input_file_ref idref="fl-8"/>
      </object_component>
      <object_component id="oc-bd">
         <name>SpibRegsFile</name>
         <uninitialized>true</uninitialized>
         <run_address>0x6110</run_address>
         <size>0x10</size>
         <input_file_ref idref="fl-8"/>
      </object_component>
      <object_component id="oc-be">
         <name>SpicRegsFile</name>
         <uninitialized>true</uninitialized>
         <run_address>0x6120</run_address>
         <size>0x10</size>
         <input_file_ref idref="fl-8"/>
      </object_component>
      <object_component id="oc-103">
         <name>DevCfgRegsFile</name>
         <uninitialized>true</uninitialized>
         <run_address>0x5d000</run_address>
         <size>0x12e</size>
         <input_file_ref idref="fl-8"/>
      </object_component>
      <object_component id="oc-e4">
         <name>ClkCfgRegsFile</name>
         <uninitialized>true</uninitialized>
         <run_address>0x5d200</run_address>
         <size>0x32</size>
         <input_file_ref idref="fl-8"/>
      </object_component>
      <object_component id="oc-f5">
         <name>CpuSysRegsFile</name>
         <uninitialized>true</uninitialized>
         <run_address>0x5d300</run_address>
         <size>0x82</size>
         <input_file_ref idref="fl-8"/>
      </object_component>
      <object_component id="oc-ae">
         <name>SyncSocRegsFile</name>
         <uninitialized>true</uninitialized>
         <run_address>0x7940</run_address>
         <size>0x6</size>
         <input_file_ref idref="fl-8"/>
      </object_component>
      <object_component id="oc-e2">
         <name>WdRegsFile</name>
         <uninitialized>true</uninitialized>
         <run_address>0x7000</run_address>
         <size>0x2b</size>
         <input_file_ref idref="fl-8"/>
      </object_component>
      <object_component id="oc-b7">
         <name>XintRegsFile</name>
         <uninitialized>true</uninitialized>
         <run_address>0x7070</run_address>
         <size>0xb</size>
         <input_file_ref idref="fl-8"/>
      </object_component>
      <object_component id="oc-85">
         <name>.debug_info</name>
         <load_address>0x0</load_address>
         <run_address>0x0</run_address>
         <size>0x66ab</size>
         <input_file_ref idref="fl-2"/>
      </object_component>
      <object_component id="oc-8c">
         <name>.debug_info</name>
         <load_address>0x66ab</load_address>
         <run_address>0x66ab</run_address>
         <size>0x4891</size>
         <input_file_ref idref="fl-3"/>
      </object_component>
      <object_component id="oc-93">
         <name>.debug_info</name>
         <load_address>0xaf3c</load_address>
         <run_address>0xaf3c</run_address>
         <size>0x125</size>
         <input_file_ref idref="fl-4"/>
      </object_component>
      <object_component id="oc-96">
         <name>.debug_info</name>
         <load_address>0xb061</load_address>
         <run_address>0xb061</run_address>
         <size>0x9ab</size>
         <input_file_ref idref="fl-5"/>
      </object_component>
      <object_component id="oc-9c">
         <name>.debug_info</name>
         <load_address>0xba0c</load_address>
         <run_address>0xba0c</run_address>
         <size>0x3508</size>
         <input_file_ref idref="fl-6"/>
      </object_component>
      <object_component id="oc-a2">
         <name>.debug_info</name>
         <load_address>0xef14</load_address>
         <run_address>0xef14</run_address>
         <size>0xf3fe</size>
         <input_file_ref idref="fl-7"/>
      </object_component>
      <object_component id="oc-a7">
         <name>.debug_info</name>
         <load_address>0x1e312</load_address>
         <run_address>0x1e312</run_address>
         <size>0x5055f</size>
         <input_file_ref idref="fl-8"/>
      </object_component>
      <object_component id="oc-10a">
         <name>.debug_info</name>
         <load_address>0x6e871</load_address>
         <run_address>0x6e871</run_address>
         <size>0x19f8f</size>
         <input_file_ref idref="fl-9"/>
      </object_component>
      <object_component id="oc-10f">
         <name>.debug_info</name>
         <load_address>0x88800</load_address>
         <run_address>0x88800</run_address>
         <size>0x3579</size>
         <input_file_ref idref="fl-a"/>
      </object_component>
      <object_component id="oc-114">
         <name>.debug_info</name>
         <load_address>0x8bd79</load_address>
         <run_address>0x8bd79</run_address>
         <size>0x673f</size>
         <input_file_ref idref="fl-b"/>
      </object_component>
      <object_component id="oc-119">
         <name>.debug_info</name>
         <load_address>0x924b8</load_address>
         <run_address>0x924b8</run_address>
         <size>0xfce5</size>
         <input_file_ref idref="fl-c"/>
      </object_component>
      <object_component id="oc-11e">
         <name>.debug_info</name>
         <load_address>0xa219d</load_address>
         <run_address>0xa219d</run_address>
         <size>0xcd0f</size>
         <input_file_ref idref="fl-d"/>
      </object_component>
      <object_component id="oc-125">
         <name>.debug_info</name>
         <load_address>0xaeeac</load_address>
         <run_address>0xaeeac</run_address>
         <size>0x120</size>
         <input_file_ref idref="fl-e"/>
      </object_component>
      <object_component id="oc-128">
         <name>.debug_info</name>
         <load_address>0xaefcc</load_address>
         <run_address>0xaefcc</run_address>
         <size>0x5d15</size>
         <input_file_ref idref="fl-f"/>
      </object_component>
      <object_component id="oc-12d">
         <name>.debug_info</name>
         <load_address>0xb4ce1</load_address>
         <run_address>0xb4ce1</run_address>
         <size>0x29826</size>
         <input_file_ref idref="fl-10"/>
      </object_component>
      <object_component id="oc-136">
         <name>.debug_info</name>
         <load_address>0xde507</load_address>
         <run_address>0xde507</run_address>
         <size>0xeff</size>
         <input_file_ref idref="fl-11"/>
      </object_component>
      <object_component id="oc-13e">
         <name>.debug_info</name>
         <load_address>0xdf406</load_address>
         <run_address>0xdf406</run_address>
         <size>0x4cd</size>
         <input_file_ref idref="fl-1f"/>
      </object_component>
      <object_component id="oc-144">
         <name>.debug_info</name>
         <load_address>0xdf8d3</load_address>
         <run_address>0xdf8d3</run_address>
         <size>0x502</size>
         <input_file_ref idref="fl-20"/>
      </object_component>
      <object_component id="oc-14b">
         <name>.debug_info</name>
         <load_address>0xdfdd5</load_address>
         <run_address>0xdfdd5</run_address>
         <size>0x67e</size>
         <input_file_ref idref="fl-2c"/>
      </object_component>
      <object_component id="oc-150">
         <name>.debug_info</name>
         <load_address>0xe0453</load_address>
         <run_address>0xe0453</run_address>
         <size>0x7bc</size>
         <input_file_ref idref="fl-2d"/>
      </object_component>
      <object_component id="oc-157">
         <name>.debug_info</name>
         <load_address>0xe0c0f</load_address>
         <run_address>0xe0c0f</run_address>
         <size>0x173</size>
         <input_file_ref idref="fl-2e"/>
      </object_component>
      <object_component id="oc-15c">
         <name>.debug_info</name>
         <load_address>0xe0d82</load_address>
         <run_address>0xe0d82</run_address>
         <size>0x114</size>
         <input_file_ref idref="fl-2f"/>
      </object_component>
      <object_component id="oc-161">
         <name>.debug_info</name>
         <load_address>0xe0e96</load_address>
         <run_address>0xe0e96</run_address>
         <size>0x141</size>
         <input_file_ref idref="fl-30"/>
      </object_component>
      <object_component id="oc-166">
         <name>.debug_info</name>
         <load_address>0xe0fd7</load_address>
         <run_address>0xe0fd7</run_address>
         <size>0x1a5</size>
         <input_file_ref idref="fl-31"/>
      </object_component>
      <object_component id="oc-16a">
         <name>.debug_info</name>
         <load_address>0xe117c</load_address>
         <run_address>0xe117c</run_address>
         <size>0x561</size>
         <input_file_ref idref="fl-32"/>
      </object_component>
      <object_component id="oc-16f">
         <name>.debug_info</name>
         <load_address>0xe16dd</load_address>
         <run_address>0xe16dd</run_address>
         <size>0x43a</size>
         <input_file_ref idref="fl-33"/>
      </object_component>
      <object_component id="oc-174">
         <name>.debug_info</name>
         <load_address>0xe1b17</load_address>
         <run_address>0xe1b17</run_address>
         <size>0x3ad</size>
         <input_file_ref idref="fl-34"/>
      </object_component>
      <object_component id="oc-179">
         <name>.debug_info</name>
         <load_address>0xe1ec4</load_address>
         <run_address>0xe1ec4</run_address>
         <size>0x3aa</size>
         <input_file_ref idref="fl-35"/>
      </object_component>
      <object_component id="oc-17e">
         <name>.debug_info</name>
         <load_address>0xe226e</load_address>
         <run_address>0xe226e</run_address>
         <size>0x544</size>
         <input_file_ref idref="fl-36"/>
      </object_component>
      <object_component id="oc-185">
         <name>.debug_info</name>
         <load_address>0xe27b2</load_address>
         <run_address>0xe27b2</run_address>
         <size>0x4cc</size>
         <input_file_ref idref="fl-37"/>
      </object_component>
      <object_component id="oc-18a">
         <name>.debug_info</name>
         <load_address>0xe2c7e</load_address>
         <run_address>0xe2c7e</run_address>
         <size>0x467</size>
         <input_file_ref idref="fl-38"/>
      </object_component>
      <object_component id="oc-18f">
         <name>.debug_info</name>
         <load_address>0xe30e5</load_address>
         <run_address>0xe30e5</run_address>
         <size>0x1e7</size>
         <input_file_ref idref="fl-39"/>
      </object_component>
      <object_component id="oc-191">
         <name>.debug_info</name>
         <load_address>0xe32cc</load_address>
         <run_address>0xe32cc</run_address>
         <size>0x4aa</size>
         <input_file_ref idref="fl-3a"/>
      </object_component>
      <object_component id="oc-196">
         <name>.debug_info</name>
         <load_address>0xe3776</load_address>
         <run_address>0xe3776</run_address>
         <size>0x26e8</size>
         <input_file_ref idref="fl-3b"/>
      </object_component>
      <object_component id="oc-19d">
         <name>.debug_info</name>
         <load_address>0xe5e5e</load_address>
         <run_address>0xe5e5e</run_address>
         <size>0x19dc</size>
         <input_file_ref idref="fl-3c"/>
      </object_component>
      <object_component id="oc-1a4">
         <name>.debug_info</name>
[...]
         <value>0xfff6</value>
         <object_component_ref idref="oc-12f"/>
      </symbol>
      <symbol id="sm-6aa">
         <name>_xr_dot_1</name>
         <value>0xffd0</value>
         <object_component_ref idref="oc-12f"/>
      </symbol>
      <symbol id="sm-6ab">
         <name>_gyroz_offset</name>
         <value>0xfff2</value>
         <object_component_ref idref="oc-12f"/>
      </symbol>
      <symbol id="sm-6ac">
         <name>_calibration_state</name>
         <value>0xff55</value>
         <object_component_ref idref="oc-12f"/>
      </symbol>
      <symbol id="sm-6ad">
         <name>_setDACA</name>
         <value>0x814a1</value>
         <object_component_ref idref="oc-25c"/>
      </symbol>
      <symbol id="sm-6af">
         <name>_setDACB</name>
         <value>0x814cb</value>
         <object_component_ref idref="oc-25c"/>
      </symbol>
      <symbol id="sm-6b1">
         <name>_numSWIcalls</name>
         <value>0xff5e</value>
         <object_component_ref idref="oc-12f"/>
      </symbol>
      <symbol id="sm-6b2">
         <name>_WhlDiff_1</name>
         <value>0x10034</value>
         <object_component_ref idref="oc-12f"/>
      </symbol>
      <symbol id="sm-6b3">
         <name>_readEncRight</name>
         <value>0x81adc</value>
         <object_component_ref idref="oc-25c"/>
      </symbol>
      <symbol id="sm-6b5">
         <name>_numTimer0calls</name>
         <value>0xff5c</value>
         <object_component_ref idref="oc-12f"/>
      </symbol>
      <symbol id="sm-6b6">
         <name>_gyroXreading</name>
         <value>0xff74</value>
         <object_component_ref idref="oc-12f"/>
      </symbol>
      <symbol id="sm-6b7">
         <name>_I_right_K_1</name>
         <value>0xffa2</value>
         <object_component_ref idref="oc-12f"/>
      </symbol>
      <symbol id="sm-6b8">
         <name>_e_left_1</name>
         <value>0xffd8</value>
         <object_component_ref idref="oc-12f"/>
      </symbol>
      <symbol id="sm-6b9">
         <name>_vel_left_1</name>
         <value>0x10020</value>
         <object_component_ref idref="oc-12f"/>
      </symbol>
      <symbol id="sm-6ba">
         <name>_turn1</name>
         <value>0xffa6</value>
         <object_component_ref idref="oc-12f"/>
      </symbol>
      <symbol id="sm-6bb">
         <name>_SpibNumCalls</name>
         <value>0xff54</value>
         <object_component_ref idref="oc-12f"/>
      </symbol>
      <symbol id="sm-6bc">
         <name>_theta_l1</name>
         <value>0x10028</value>
         <object_component_ref idref="oc-12f"/>
      </symbol>
      <symbol id="sm-6bd">
         <name>_vel_right_1</name>
         <value>0x1001e</value>
         <object_component_ref idref="oc-12f"/>
      </symbol>
      <symbol id="sm-6be">
         <name>_intDiff</name>
         <value>0x10042</value>
         <object_component_ref idref="oc-12f"/>
      </symbol>
      <symbol id="sm-6bf">
         <name>_accelXreading</name>
         <value>0xff6e</value>
         <object_component_ref idref="oc-12f"/>
      </symbol>
      <symbol id="sm-6c0">
         <name>_tilt_array</name>
         <value>0x10074</value>
         <object_component_ref idref="oc-25d"/>
      </symbol>
      <symbol id="sm-6c1">
         <name>_SendToOrange</name>
         <value>0xff42</value>
         <object_component_ref idref="oc-12f"/>
      </symbol>
      <symbol id="sm-6c2">
         <name>_SWI_isr</name>
         <value>0x82000</value>
         <object_component_ref idref="oc-130"/>
      </symbol>
      <symbol id="sm-6c4">
         <name>_newData</name>
         <value>0xff5a</value>
         <object_component_ref idref="oc-12f"/>
      </symbol>
      <symbol id="sm-6c5">
         <name>_RXBuff</name>
         <value>0x10280</value>
         <object_component_ref idref="oc-274"/>
      </symbol>
      <symbol id="sm-6c6">
         <name>_gyroy_offset</name>
         <value>0xfff0</value>
         <object_component_ref idref="oc-12f"/>
      </symbol>
      <symbol id="sm-6c7">
         <name>_u_right</name>
         <value>0x10052</value>
         <object_component_ref idref="oc-12f"/>
      </symbol>
      <symbol id="sm-6c8">
         <name>_turnrate_1</name>
         <value>0x1003c</value>
         <object_component_ref idref="oc-12f"/>
      </symbol>
      <symbol id="sm-6c9">
         <name>_omega_l1</name>
         <value>0x10026</value>
         <object_component_ref idref="oc-12f"/>
      </symbol>
      <symbol id="sm-6ca">
         <name>_Err_RightK_1</name>
         <value>0xffa4</value>
         <object_component_ref idref="oc-12f"/>
      </symbol>
      <symbol id="sm-6cb">
         <name>_b</name>
         <value>0x10080</value>
         <object_component_ref idref="oc-267"/>
      </symbol>
      <symbol id="sm-6cc">
         <name>_T</name>
         <value>0xfffa</value>
         <object_component_ref idref="oc-12f"/>
      </symbol>
      <symbol id="sm-6cd">
         <name>_count</name>
         <value>0xff43</value>
         <object_component_ref idref="oc-12f"/>
      </symbol>
      <symbol id="sm-6ce">
         <name>_R</name>
         <value>0xfffe</value>
         <object_component_ref idref="oc-12f"/>
      </symbol>
      <symbol id="sm-6cf">
         <name>_Q</name>
         <value>0xfffc</value>
         <object_component_ref idref="oc-12f"/>
      </symbol>
      <symbol id="sm-6d0">
         <name>_collectdata</name>
         <value>0xff56</value>
         <object_component_ref idref="oc-12f"/>
      </symbol>
      <symbol id="sm-6d1">
         <name>_RightWheelArray</name>
         <value>0xff38</value>
         <object_component_ref idref="oc-263"/>
      </symbol>
      <symbol id="sm-6d2">
         <name>_x_r</name>
         <value>0xffc0</value>
         <object_component_ref idref="oc-12f"/>
      </symbol>
      <symbol id="sm-6d3">
         <name>_errorDiff</name>
         <value>0x1003e</value>
         <object_component_ref idref="oc-12f"/>
      </symbol>
      <symbol id="sm-6d4">
         <name>_gyroYreading</name>
         <value>0xff76</value>
         <object_component_ref idref="oc-12f"/>
      </symbol>
      <symbol id="sm-6d5">
         <name>_I_right_K</name>
         <value>0xffa0</value>
         <object_component_ref idref="oc-12f"/>
      </symbol>
      <symbol id="sm-6d6">
         <name>_omega_r</name>
         <value>0xffba</value>
         <object_component_ref idref="oc-12f"/>
      </symbol>
      <symbol id="sm-6d7">
         <name>_omega_l</name>
         <value>0xffbc</value>
         <object_component_ref idref="oc-12f"/>
      </symbol>
      <symbol id="sm-6d8">
         <name>_LeftWheelK_1</name>
         <value>0xff8c</value>
         <object_component_ref idref="oc-12f"/>
      </symbol>
      <symbol id="sm-6d9">
         <name>_uLeft</name>
         <value>0xff82</value>
         <object_component_ref idref="oc-12f"/>
      </symbol>
      <symbol id="sm-6da">
         <name>_K_turn</name>
         <value>0xffaa</value>
         <object_component_ref idref="oc-12f"/>
      </symbol>
      <symbol id="sm-6eb">
         <name>_Example_Fail</name>
         <value>0x10166</value>
         <object_component_ref idref="oc-138"/>
      </symbol>
      <symbol id="sm-6ec">
         <name>_Example_Result</name>
         <value>0x10162</value>
         <object_component_ref idref="oc-138"/>
      </symbol>
      <symbol id="sm-6ed">
         <name>_Example_PassCount</name>
         <value>0x10164</value>
         <object_component_ref idref="oc-138"/>
      </symbol>
      <symbol id="sm-709">
         <name>_SysCtl_delay</name>
         <value>0x82a5</value>
         <object_component_ref idref="oc-145"/>
      </symbol>
      <symbol id="sm-717">
         <name>_vsprintf</name>
         <value>0x840de</value>
         <object_component_ref idref="oc-26d"/>
      </symbol>
      <symbol id="sm-732">
         <name>_sscanf</name>
         <value>0x83f39</value>
         <object_component_ref idref="oc-275"/>
      </symbol>
      <symbol id="sm-734">
         <name>_vsscanf</name>
         <value>0x83f29</value>
         <object_component_ref idref="oc-275"/>
      </symbol>
      <symbol id="sm-750">
         <name>_c_int00</name>
         <value>0x84058</value>
         <object_component_ref idref="oc-84"/>
      </symbol>
      <symbol id="sm-751">
         <name>__stack</name>
         <value>0xb000</value>
         <object_component_ref idref="oc-155"/>
      </symbol>
      <symbol id="sm-762">
         <name>FS$$DIV</name>
         <value>0x83da2</value>
         <object_component_ref idref="oc-15b"/>
      </symbol>
      <symbol id="sm-76e">
         <name>U$$MOD</name>
         <value>0x8436b</value>
         <object_component_ref idref="oc-160"/>
      </symbol>
      <symbol id="sm-76f">
         <name>U$$DIV</name>
         <value>0x84366</value>
         <object_component_ref idref="oc-160"/>
      </symbol>
      <symbol id="sm-77b">
         <name>UL$$MOD</name>
         <value>0x8415c</value>
         <object_component_ref idref="oc-165"/>
      </symbol>
      <symbol id="sm-77c">
         <name>L$$MOD</name>
         <value>0x84147</value>
         <object_component_ref idref="oc-165"/>
      </symbol>
      <symbol id="sm-77d">
         <name>L$$DIV</name>
         <value>0x84138</value>
         <object_component_ref idref="oc-165"/>
      </symbol>
      <symbol id="sm-77e">
         <name>UL$$DIV</name>
         <value>0x84155</value>
         <object_component_ref idref="oc-165"/>
      </symbol>
      <symbol id="sm-78d">
         <name>_copy_in</name>
         <value>0x841fe</value>
         <object_component_ref idref="oc-256"/>
      </symbol>
      <symbol id="sm-79f">
         <name>_memcpy</name>
         <value>0x8429d</value>
         <object_component_ref idref="oc-269"/>
      </symbol>
      <symbol id="sm-7ac">
         <name>__system_pre_init</name>
         <value>0x81ffc</value>
         <object_component_ref idref="oc-255"/>
      </symbol>
      <symbol id="sm-7ba">
         <name>__system_post_cinit</name>
         <value>0x81ffe</value>
         <object_component_ref idref="oc-257"/>
      </symbol>
      <symbol id="sm-7cf">
         <name>C$$EXIT</name>
         <value>0x84162</value>
         <object_component_ref idref="oc-259"/>
      </symbol>
      <symbol id="sm-7d0">
         <name>_exit</name>
         <value>0x84164</value>
         <object_component_ref idref="oc-259"/>
      </symbol>
      <symbol id="sm-7d2">
         <name>___TI_cleanup_ptr</name>
         <value>0x1016a</value>
         <object_component_ref idref="oc-180"/>
      </symbol>
      <symbol id="sm-7d3">
         <name>___TI_enable_exit_profile_output</name>
         <value>0x10168</value>
         <object_component_ref idref="oc-180"/>
      </symbol>
      <symbol id="sm-7d4">
         <name>_abort</name>
         <value>0x84162</value>
         <object_component_ref idref="oc-259"/>
      </symbol>
      <symbol id="sm-7d6">
         <name>___TI_dtors_ptr</name>
         <value>0x1016c</value>
         <object_component_ref idref="oc-180"/>
      </symbol>
      <symbol id="sm-7ea">
         <name>__unlock</name>
         <value>0x1007e</value>
         <object_component_ref idref="oc-27d"/>
      </symbol>
      <symbol id="sm-7eb">
         <name>__lock</name>
         <value>0x1007c</value>
         <object_component_ref idref="oc-26a"/>
      </symbol>
      <symbol id="sm-7ec">
         <name>__register_lock</name>
         <value>0x84375</value>
         <object_component_ref idref="oc-276"/>
      </symbol>
      <symbol id="sm-7ee">
         <name>__nop</name>
         <value>0x84379</value>
         <object_component_ref idref="oc-276"/>
      </symbol>
      <symbol id="sm-7f0">
         <name>__register_unlock</name>
         <value>0x84371</value>
         <object_component_ref idref="oc-276"/>
      </symbol>
      <symbol id="sm-800">
         <name>__args_main</name>
         <value>0x8431e</value>
         <object_component_ref idref="oc-258"/>
      </symbol>
      <symbol id="sm-809">
         <name>__ctypes_</name>
         <value>0x84560</value>
         <object_component_ref idref="oc-27c"/>
      </symbol>
      <symbol id="sm-816">
         <name>_strlen</name>
         <value>0x8438c</value>
         <object_component_ref idref="oc-26e"/>
      </symbol>
      <symbol id="sm-977">
         <name>___TI_printfi</name>
         <value>0x80b5b</value>
         <object_component_ref idref="oc-278"/>
      </symbol>
      <symbol id="sm-a7e">
         <name>___TI_scanfi</name>
         <value>0x811a7</value>
         <object_component_ref idref="oc-27b"/>
      </symbol>
      <symbol id="sm-a8f">
         <name>FD$$CMP</name>
         <value>0x8410e</value>
         <object_component_ref idref="oc-1a3"/>
      </symbol>
      <symbol id="sm-aa1">
         <name>FD$$MPY</name>
         <value>0x83e2a</value>
         <object_component_ref idref="oc-1a8"/>
      </symbol>
      <symbol id="sm-aae">
         <name>FD$$NEG</name>
         <value>0x8437a</value>
         <object_component_ref idref="oc-1ad"/>
      </symbol>
      <symbol id="sm-aba">
         <name>FD$$SUB</name>
         <value>0x84341</value>
         <object_component_ref idref="oc-1b2"/>
      </symbol>
      <symbol id="sm-ac9">
         <name>FD$$TOI</name>
         <value>0x84222</value>
         <object_component_ref idref="oc-1b7"/>
      </symbol>
      <symbol id="sm-ad8">
         <name>FD$$TOL</name>
         <value>0x84243</value>
         <object_component_ref idref="oc-1bc"/>
      </symbol>
      <symbol id="sm-ae4">
         <name>LL$$AND</name>
         <value>0x842f2</value>
         <object_component_ref idref="oc-1c1"/>
      </symbol>
      <symbol id="sm-ae5">
         <name>LL$$OR</name>
         <value>0x842fa</value>
         <object_component_ref idref="oc-1c1"/>
      </symbol>
      <symbol id="sm-ae6">
         <name>LL$$XOR</name>
         <value>0x84302</value>
         <object_component_ref idref="oc-1c1"/>
      </symbol>
      <symbol id="sm-af4">
         <name>ULL$$CMP</name>
         <value>0x84274</value>
         <object_component_ref idref="oc-1c6"/>
      </symbol>
      <symbol id="sm-af5">
         <name>LL$$CMP</name>
         <value>0x84262</value>
         <object_component_ref idref="oc-1c6"/>
      </symbol>
      <symbol id="sm-b21">
         <name>ULL$$MOD</name>
         <value>0x837f4</value>
         <object_component_ref idref="oc-1cb"/>
      </symbol>
      <symbol id="sm-b22">
         <name>ULL$$DIV</name>
         <value>0x837c5</value>
         <object_component_ref idref="oc-1cb"/>
      </symbol>
      <symbol id="sm-b23">
         <name>LL$$MOD</name>
         <value>0x8378b</value>
         <object_component_ref idref="oc-1cb"/>
      </symbol>
      <symbol id="sm-b24">
         <name>LL$$DIV</name>
         <value>0x8374f</value>
         <object_component_ref idref="oc-1cb"/>
      </symbol>
      <symbol id="sm-b34">
         <name>I$$TOFD</name>
         <value>0x84280</value>
         <object_component_ref idref="oc-1d0"/>
      </symbol>
      <symbol id="sm-b44">
         <name>L$$TOFD</name>
         <value>0x842d6</value>
         <object_component_ref idref="oc-1d5"/>
      </symbol>
      <symbol id="sm-b54">
         <name>FS$$TOFD</name>
         <value>0x842ba</value>
         <object_component_ref idref="oc-1da"/>
      </symbol>
      <symbol id="sm-b6b">
         <name>FD$$DIV</name>
         <value>0x83d17</value>
         <object_component_ref idref="oc-1df"/>
      </symbol>
      <symbol id="sm-b79">
         <name>___TI_ltoa</name>
         <value>0x840ae</value>
         <object_component_ref idref="oc-27f"/>
      </symbol>
      <symbol id="sm-b8e">
         <name>_atoi</name>
         <value>0x81fcb</value>
         <object_component_ref idref="oc-27e"/>
      </symbol>
      <symbol id="sm-b9e">
         <name>_memccpy</name>
         <value>0x83ff0</value>
         <object_component_ref idref="oc-285"/>
      </symbol>
      <symbol id="sm-bad">
         <name>_memset</name>
         <value>0x84394</value>
         <object_component_ref idref="oc-283"/>
      </symbol>
      <symbol id="sm-bbd">
         <name>_strchr</name>
         <value>0x8434f</value>
         <object_component_ref idref="oc-282"/>
      </symbol>
      <symbol id="sm-bcb">
         <name>_strcpy</name>
         <value>0x8439b</value>
         <object_component_ref idref="oc-284"/>
      </symbol>
      <symbol id="sm-bdb">
         <name>_strrchr</name>
         <value>0x8435b</value>
         <object_component_ref idref="oc-287"/>
      </symbol>
      <symbol id="sm-c38">
         <name>_strtod</name>
         <value>0x83550</value>
         <object_component_ref idref="oc-28d"/>
      </symbol>
      <symbol id="sm-c3a">
         <name>_strtof</name>
         <value>0x83550</value>
         <object_component_ref idref="oc-28d"/>
      </symbol>
      <symbol id="sm-c5f">
         <name>_strtol</name>
         <value>0x83a49</value>
         <object_component_ref idref="oc-28f"/>
      </symbol>
      <symbol id="sm-cc7">
         <name>_strtold</name>
         <value>0x83089</value>
         <object_component_ref idref="oc-28c"/>
      </symbol>
      <symbol id="sm-cee">
         <name>_strtoll</name>
         <value>0x81e8c</value>
         <object_component_ref idref="oc-28e"/>
      </symbol>
      <symbol id="sm-d12">
         <name>_strtoul</name>
         <value>0x83b1c</value>
         <object_component_ref idref="oc-28b"/>
      </symbol>
      <symbol id="sm-d35">
         <name>_strtoull</name>
         <value>0x83856</value>
         <object_component_ref idref="oc-28a"/>
      </symbol>
      <symbol id="sm-d40">
         <name>_errno</name>
         <value>0x1016e</value>
         <object_component_ref idref="oc-228"/>
      </symbol>
      <symbol id="sm-d53">
         <name>_frexpl</name>
         <value>0x83f96</value>
         <object_component_ref idref="oc-280"/>
      </symbol>
      <symbol id="sm-d72">
         <name>_scalbnl</name>
         <value>0x83bcd</value>
         <object_component_ref idref="oc-281"/>
      </symbol>
      <symbol id="sm-d74">
         <name>_ldexpl</name>
         <value>0x83bcd</value>
         <object_component_ref idref="oc-281"/>
      </symbol>
      <symbol id="sm-d82">
         <name>_wcslen</name>
         <value>0x84383</value>
         <object_component_ref idref="oc-286"/>
      </symbol>
      <symbol id="sm-d90">
         <name>_copysignl</name>
         <value>0x841d9</value>
         <object_component_ref idref="oc-290"/>
      </symbol>
      <symbol id="sm-da9">
         <name>_scalbn</name>
         <value>0x84000</value>
         <object_component_ref idref="oc-295"/>
      </symbol>
      <symbol id="sm-daa">
         <name>_ldexp</name>
         <value>0x84000</value>
         <object_component_ref idref="oc-295"/>
      </symbol>
      <symbol id="sm-dab">
         <name>_scalbnf</name>
         <value>0x84000</value>
         <object_component_ref idref="oc-295"/>
      </symbol>
      <symbol id="sm-dad">
         <name>_ldexpf</name>
         <value>0x84000</value>
         <object_component_ref idref="oc-295"/>
      </symbol>
      <symbol id="sm-dc8">
         <name>FD$$ADD</name>
         <value>0x83c7b</value>
         <object_component_ref idref="oc-246"/>
      </symbol>
      <symbol id="sm-dd4">
         <name>LL$$MPY</name>
         <value>0x8430a</value>
         <object_component_ref idref="oc-24b"/>
      </symbol>
      <symbol id="sm-de0">
         <name>_copysignf</name>
         <value>0x84330</value>
         <object_component_ref idref="oc-296"/>
      </symbol>
      <symbol id="sm-de2">
         <name>_copysign</name>
         <value>0x84330</value>
         <object_component_ref idref="oc-296"/>
      </symbol>
   </symbol_table>
   <title>Link successful</title>
</link_info>
