******************************************************************************
             TMS320C2000 Linker Unix v20.2.2                   
******************************************************************************
>> Linked Fri May 14 10:45:54 2021

OUTPUT FILE NAME:   <final_project.out>
ENTRY POINT SYMBOL: "_c_int00"  address: 00084058


MEMORY CONFIGURATION

         name            origin    length      used     unused   attr    fill
----------------------  --------  ---------  --------  --------  ----  --------
PAGE 0:
  RAMM0                 00000123   000002dd  00000000  000002dd  RWIX
  RAMLS05               00008000   00003000  000002a9  00002d57  RWIX
  BEGIN                 00080000   00000002  00000002  00000000  RWIX
  FLASHA                00080002   00001ffe  00001ff7  00000007  RWIX
  FLASHB                00082000   00002000  00002000  00000000  RWIX
  FLASHC                00084000   00002000  00000e72  0000118e  RWIX
  FLASHD                00086000   00002000  00000000  00002000  RWIX
  FLASHE                00088000   00008000  00000000  00008000  RWIX
  FLASHF                00090000   00008000  00000000  00008000  RWIX
  FLASHG                00098000   00008000  00000000  00008000  RWIX
  FLASHH                000a0000   00008000  00000000  00008000  RWIX
  FLASHI                000a8000   00008000  00000000  00008000  RWIX
  FLASHJ                000b0000   00008000  00000000  00008000  RWIX
  FLASHK                000b8000   00002000  00000000  00002000  RWIX
  FLASHL                000ba000   00002000  00000000  00002000  RWIX
  FLASHM                000bc000   00002000  00000000  00002000  RWIX
  FLASHN                000be000   00001ff0  00000000  00001ff0  RWIX
  RESET                 003fffc0   00000002  00000000  00000002  RWIX

PAGE 1:
  BOOT_RSVD             00000002   00000121  00000000  00000121  RWIX
  RAMM1                 00000400   000003f8  00000000  000003f8  RWIX
  ADCA_RESULT           00000b00   00000020  00000018  00000008  RWIX
  ADCB_RESULT           00000b20   00000020  00000018  00000008  RWIX
  ADCC_RESULT           00000b40   00000020  00000018  00000008  RWIX
  ADCD_RESULT           00000b60   00000020  00000018  00000008  RWIX
  CPU_TIMER0            00000c00   00000008  00000008  00000000  RWIX
  CPU_TIMER1            00000c08   00000008  00000008  00000000  RWIX
  CPU_TIMER2            00000c10   00000008  00000008  00000000  RWIX
  PIE_CTRL              00000ce0   00000020  0000001a  00000006  RWIX
  PIE_VECT              00000d00   00000200  000001c0  00000040  RWIX
  DMA                   00001000   00000200  000000e0  00000120  RWIX
  CLA1                  00001400   00000040  0000003e  00000002  RWIX
  EPWM1                 00004000   00000100  00000100  00000000  RWIX
  EPWM2                 00004100   00000100  00000100  00000000  RWIX
  EPWM3                 00004200   00000100  00000100  00000000  RWIX
  EPWM4                 00004300   00000100  00000100  00000000  RWIX
  EPWM5                 00004400   00000100  00000100  00000000  RWIX
  EPWM6                 00004500   00000100  00000100  00000000  RWIX
  EPWM7                 00004600   00000100  00000100  00000000  RWIX
  EPWM8                 00004700   00000100  00000100  00000000  RWIX
  EPWM9                 00004800   00000100  00000100  00000000  RWIX
  EPWM10                00004900   00000100  00000100  00000000  RWIX
  EPWM11                00004a00   00000100  00000100  00000000  RWIX
  EPWM12                00004b00   00000100  00000100  00000000  RWIX
  ECAP1                 00005000   00000020  00000020  00000000  RWIX
  ECAP2                 00005020   00000020  00000020  00000000  RWIX
  ECAP3                 00005040   00000020  00000020  00000000  RWIX
  ECAP4                 00005060   00000020  00000020  00000000  RWIX
  ECAP5                 00005080   00000020  00000020  00000000  RWIX
  ECAP6                 000050a0   00000020  00000020  00000000  RWIX
  EQEP1                 00005100   00000040  00000022  0000001e  RWIX
  EQEP2                 00005140   00000040  00000022  0000001e  RWIX
  EQEP3                 00005180   00000040  00000022  0000001e  RWIX
  DACA                  00005c00   00000010  00000008  00000008  RWIX
  DACB                  00005c10   00000010  00000008  00000008  RWIX
  DACC                  00005c20   00000010  00000008  00000008  RWIX
  CMPSS1                00005c80   00000020  00000020  00000000  RWIX
  CMPSS2                00005ca0   00000020  00000020  00000000  RWIX
  CMPSS3                00005cc0   00000020  00000020  00000000  RWIX
  CMPSS4                00005ce0   00000020  00000020  00000000  RWIX
  CMPSS5                00005d00   00000020  00000020  00000000  RWIX
  CMPSS6                00005d20   00000020  00000020  00000000  RWIX
  CMPSS7                00005d40   00000020  00000020  00000000  RWIX
  CMPSS8                00005d60   00000020  00000020  00000000  RWIX
  SDFM1                 00005e00   00000080  00000080  00000000  RWIX
  SDFM2                 00005e80   00000080  00000080  00000000  RWIX
  MCBSPA                00006000   00000040  00000024  0000001c  RWIX
  MCBSPB                00006040   00000040  00000024  0000001c  RWIX
  SPIA                  00006100   00000010  00000010  00000000  RWIX
  SPIB                  00006110   00000010  00000010  00000000  RWIX
  SPIC                  00006120   00000010  00000010  00000000  RWIX
  SPID                  00006130   00000010  00000000  00000010  RWIX
  UPP                   00006200   00000100  00000048  000000b8  RWIX
  WD                    00007000   00000040  0000002b  00000015  RWIX
  NMIINTRUPT            00007060   00000010  00000007  00000009  RWIX
  XINT                  00007070   00000010  0000000b  00000005  RWIX
  SCIA                  00007200   00000010  00000010  00000000  RWIX
  SCIB                  00007210   00000010  00000010  00000000  RWIX
  SCIC                  00007220   00000010  00000010  00000000  RWIX
  SCID                  00007230   00000010  00000010  00000000  RWIX
  I2CA                  00007300   00000040  00000022  0000001e  RWIX
  I2CB                  00007340   00000040  00000022  0000001e  RWIX
  ADCA                  00007400   00000080  00000080  00000000  RWIX
  ADCB                  00007480   00000080  00000080  00000000  RWIX
  ADCC                  00007500   00000080  00000080  00000000  RWIX
  ADCD                  00007580   00000080  00000080  00000000  RWIX
  INPUT_XBAR            00007900   00000020  00000020  00000000  RWIX
  XBAR                  00007920   00000020  00000020  00000000  RWIX
  SYNC_SOC              00007940   00000010  00000006  0000000a  RWIX
  DMACLASRCSEL          00007980   00000040  0000001a  00000026  RWIX
  EPWM_XBAR             00007a00   00000040  00000040  00000000  RWIX
  CLB_XBAR              00007a40   00000040  00000000  00000040  RWIX
  OUTPUT_XBAR           00007a80   00000040  00000040  00000000  RWIX
  GPIOCTRL              00007c00   00000180  00000180  00000000  RWIX
  GPIODAT               00007f00   00000030  00000030  00000000  RWIX
  RAMD01                0000b000   00001000  00000800  00000800  RWIX
  RAMGS115              0000d000   0000eff8  000032b9  0000bd3f  RWIX
  CPU2TOCPU1RAM         0003f800   00000400  00000000  00000400  RWIX
  CPU1TOCPU2RAM         0003fc00   00000400  00000000  00000400  RWIX
  EMIF1                 00047000   00000800  00000070  00000790  RWIX
  EMIF2                 00047800   00000800  00000070  00000790  RWIX
  CANA                  00048000   00000800  00000164  0000069c  RWIX
  CANB                  0004a000   00000800  00000164  0000069c  RWIX
  IPC                   00050000   00000024  00000024  00000000  RWIX
  FLASHPUMPSEMAPHORE    00050024   00000002  00000002  00000000  RWIX
  DEV_CFG               0005d000   00000180  0000012e  00000052  RWIX
  ANALOG_SUBSYS         0005d180   00000080  00000048  00000038  RWIX
  CLK_CFG               0005d200   00000100  00000032  000000ce  RWIX
  CPU_SYS               0005d300   00000100  00000082  0000007e  RWIX
  ROMPREFETCH           0005e608   00000002  00000002  00000000  RWIX
  DCSM_Z1               0005f000   00000030  00000024  0000000c  RWIX
  DCSM_Z2               0005f040   00000030  00000024  0000000c  RWIX
  DCSM_COMMON           0005f070   00000010  00000008  00000008  RWIX
  MEMCFG                0005f400   00000080  00000080  00000000  RWIX
  EMIF1CONFIG           0005f480   00000020  00000020  00000000  RWIX
  EMIF2CONFIG           0005f4a0   00000020  00000020  00000000  RWIX
  ACCESSPROTECTION      0005f4c0   00000040  00000040  00000000  RWIX
  MEMORYERROR           0005f500   00000040  00000040  00000000  RWIX
  ROMWAITSTATE          0005f540   00000002  00000002  00000000  RWIX
  FLASH0_CTRL           0005f800   00000300  00000182  0000017e  RWIX
  FLASH0_ECC            0005fb00   00000040  00000028  00000018  RWIX


SECTION ALLOCATION MAP

 output                                  attributes/
section   page    origin      length       input sections
--------  ----  ----------  ----------   ----------------
codestart 
*          0    00080000    00000002     
                  00080000    00000002     F2837xD_CodeStartBranch.obj (codestart)

.cinit     0    000848d8    000002f5     
                  000848d8    000001ca     Orangepi_main.obj (.cinit)
                  00084aa2    000000cd     Orangepi_main.obj (.cinit:_b)
                  00084b6f    0000000f     device.obj (.cinit)
                  00084b7e    0000000e     rts2800_fpu32.lib : exit.c.obj (.cinit)
                  00084b8c    0000000b     Orangepi_main.obj (.cinit:_LeftWheelArray)
                  00084b97    0000000b     Orangepi_main.obj (.cinit:_RightWheelArray)
                  00084ba2    0000000b     Orangepi_main.obj (.cinit:_gyro_array)
                  00084bad    0000000b     Orangepi_main.obj (.cinit:_tilt_array)
                  00084bb8    00000005     rts2800_fpu32.lib : _lock.c.obj (.cinit:__lock)
                  00084bbd    00000005                       : _lock.c.obj (.cinit:__unlock)
                  00084bc2    00000005     Orangepi_main.obj (.cinit:_xk)
                  00084bc7    00000004     rts2800_fpu32.lib : errno.c.obj (.cinit)
                  00084bcb    00000002     --HOLE-- [fill = 0]

.stack     1    0000b000    00000800     UNINITIALIZED
                  0000b000    00000800     --HOLE--

.reset     0    003fffc0    00000002     DSECT
                  003fffc0    00000002     rts2800_fpu32.lib : boot28.asm.obj (.reset)

.pinit     0    00080008    00000000     UNINITIALIZED

.econst    0    000843a0    00000534     
                  000843a0    000001c0     F2837xD_PieVect.obj (.econst:_PieVectTableInit)
                  00084560    00000101     rts2800_fpu32.lib : ctype.c.obj (.econst:.string:__ctypes_)
                  00084661    00000001     --HOLE-- [fill = 0]
                  00084662    000000bf     driverlib_coff.lib : flash.obj (.econst:.string)
                  00084721    00000001     --HOLE-- [fill = 0]
                  00084722    00000060                        : sysctl.obj (.econst:.string)
                  00084782    00000040     rts2800_fpu32.lib : strtold.c.obj (.econst:_digits)
                  000847c2    00000026                       : _printfi.c.obj (.econst:.string)
                  000847e8    00000024                       : strtold.c.obj (.econst:_powerof10)
                  0008480c    00000020                       : strtod.c.obj (.econst:_digits)
                  0008482c    0000001c                       : _printfi.c.obj (.econst)
                  00084848    0000001c                       : s_scalbn.c.obj (.econst)
                  00084864    0000001a     Orangepi_main.obj (.econst:.string)
                  0008487e    00000013     device.obj (.econst:.string)
                  00084891    00000001     --HOLE-- [fill = 0]
                  00084892    0000000e     rts2800_fpu32.lib : _scanfi.c.obj (.econst:.string)
                  000848a0    0000000c                       : strtod.c.obj (.econst:_powerof10)
                  000848ac    0000000c                       : strtold.c.obj (.econst)
                  000848b8    00000008                       : s_frexp.c.obj (.econst)
                  000848c0    00000007                       : _scanfi.c.obj (.econst:.string:_flit$1)
                  000848c7    00000006                       : _scanfi.c.obj (.econst:.string:_barr$2)
                  000848cd    00000001     --HOLE-- [fill = 0]
                  000848ce    00000006                       : s_scalbnf.c.obj (.econst)

.TI.ramfunc 
*          0    00084bd0    000002a9     RUN ADDR = 00008000
                  00084bd0    000001e0     F28379dSerial.obj (.TI.ramfunc:retain)
                  00084db0    0000008a     F28379dSerial.obj (.TI.ramfunc)
                  00084e3a    00000037     F2837xD_SysCtrl.obj (.TI.ramfunc)
                  00084e71    00000004     F2837xD_usDelay.obj (.TI.ramfunc)
                  00084e75    00000004     driverlib_coff.lib : sysctl.obj (.TI.ramfunc)

GETBUFFER 
*          0    0003f800    00000000     DSECT

GETWRITEIDX 
*          0    0003f800    00000000     DSECT

PUTREADIDX 
*          0    0003f800    00000000     DSECT

AdcaResultFile 
*          1    00000b00    00000018     UNINITIALIZED
                  00000b00    00000018     F2837xD_GlobalVariableDefs.obj (AdcaResultFile)

AdcbResultFile 
*          1    00000b20    00000018     UNINITIALIZED
                  00000b20    00000018     F2837xD_GlobalVariableDefs.obj (AdcbResultFile)

AdccResultFile 
*          1    00000b40    00000018     UNINITIALIZED
                  00000b40    00000018     F2837xD_GlobalVariableDefs.obj (AdccResultFile)

AdcdResultFile 
*          1    00000b60    00000018     UNINITIALIZED
                  00000b60    00000018     F2837xD_GlobalVariableDefs.obj (AdcdResultFile)

CpuTimer0RegsFile 
*          1    00000c00    00000008     UNINITIALIZED
                  00000c00    00000008     F2837xD_GlobalVariableDefs.obj (CpuTimer0RegsFile)

CpuTimer1RegsFile 
*          1    00000c08    00000008     UNINITIALIZED
                  00000c08    00000008     F2837xD_GlobalVariableDefs.obj (CpuTimer1RegsFile)

CpuTimer2RegsFile 
*          1    00000c10    00000008     UNINITIALIZED
                  00000c10    00000008     F2837xD_GlobalVariableDefs.obj (CpuTimer2RegsFile)

PieCtrlRegsFile 
*          1    00000ce0    0000001a     UNINITIALIZED
                  00000ce0    0000001a     F2837xD_GlobalVariableDefs.obj (PieCtrlRegsFile)

PieVectTableFile 
*          1    00000d00    000001c0     UNINITIALIZED
                  00000d00    000001c0     F2837xD_GlobalVariableDefs.obj (PieVectTableFile)

EmuBModeVar 
*          1    00000d00    00000001     UNINITIALIZED
                  00000d00    00000001     F2837xD_GlobalVariableDefs.obj (EmuBModeVar)

EmuBootPinsVar 
*          1    00000d01    00000001     UNINITIALIZED
                  00000d01    00000001     F2837xD_GlobalVariableDefs.obj (EmuBootPinsVar)

DmaRegsFile 
*          1    00001000    000000e0     UNINITIALIZED
                  00001000    000000e0     F2837xD_GlobalVariableDefs.obj (DmaRegsFile)

Cla1RegsFile 
*          1    00001400    0000003e     UNINITIALIZED
                  00001400    0000003e     F2837xD_GlobalVariableDefs.obj (Cla1RegsFile)

EPwm1RegsFile 
*          1    00004000    00000100     UNINITIALIZED
                  00004000    00000100     F2837xD_GlobalVariableDefs.obj (EPwm1RegsFile)

EPwm2RegsFile 
*          1    00004100    00000100     UNINITIALIZED
                  00004100    00000100     F2837xD_GlobalVariableDefs.obj (EPwm2RegsFile)

EPwm3RegsFile 
*          1    00004200    00000100     UNINITIALIZED
                  00004200    00000100     F2837xD_GlobalVariableDefs.obj (EPwm3RegsFile)

EPwm4RegsFile 
*          1    00004300    00000100     UNINITIALIZED
                  00004300    00000100     F2837xD_GlobalVariableDefs.obj (EPwm4RegsFile)

EPwm5RegsFile 
*          1    00004400    00000100     UNINITIALIZED
                  00004400    00000100     F2837xD_GlobalVariableDefs.obj (EPwm5RegsFile)

EPwm6RegsFile 
*          1    00004500    00000100     UNINITIALIZED
                  00004500    00000100     F2837xD_GlobalVariableDefs.obj (EPwm6RegsFile)

EPwm7RegsFile 
*          1    00004600    00000100     UNINITIALIZED
                  00004600    00000100     F2837xD_GlobalVariableDefs.obj (EPwm7RegsFile)

EPwm8RegsFile 
*          1    00004700    00000100     UNINITIALIZED
                  00004700    00000100     F2837xD_GlobalVariableDefs.obj (EPwm8RegsFile)

EPwm9RegsFile 
*          1    00004800    00000100     UNINITIALIZED
                  00004800    00000100     F2837xD_GlobalVariableDefs.obj (EPwm9RegsFile)

EPwm10RegsFile 
*          1    00004900    00000100     UNINITIALIZED
                  00004900    00000100     F2837xD_GlobalVariableDefs.obj (EPwm10RegsFile)

EPwm11RegsFile 
*          1    00004a00    00000100     UNINITIALIZED
                  00004a00    00000100     F2837xD_GlobalVariableDefs.obj (EPwm11RegsFile)

EPwm12RegsFile 
*          1    00004b00    00000100     UNINITIALIZED
                  00004b00    00000100     F2837xD_GlobalVariableDefs.obj (EPwm12RegsFile)

ECap1RegsFile 
*          1    00005000    00000020     UNINITIALIZED
                  00005000    00000020     F2837xD_GlobalVariableDefs.obj (ECap1RegsFile)

ECap2RegsFile 
*          1    00005020    00000020     UNINITIALIZED
                  00005020    00000020     F2837xD_GlobalVariableDefs.obj (ECap2RegsFile)

ECap3RegsFile 
*          1    00005040    00000020     UNINITIALIZED
                  00005040    00000020     F2837xD_GlobalVariableDefs.obj (ECap3RegsFile)

ECap4RegsFile 
*          1    00005060    00000020     UNINITIALIZED
                  00005060    00000020     F2837xD_GlobalVariableDefs.obj (ECap4RegsFile)

ECap5RegsFile 
*          1    00005080    00000020     UNINITIALIZED
                  00005080    00000020     F2837xD_GlobalVariableDefs.obj (ECap5RegsFile)

ECap6RegsFile 
*          1    000050a0    00000020     UNINITIALIZED
                  000050a0    00000020     F2837xD_GlobalVariableDefs.obj (ECap6RegsFile)

EQep1RegsFile 
*          1    00005100    00000022     UNINITIALIZED
                  00005100    00000022     F2837xD_GlobalVariableDefs.obj (EQep1RegsFile)

EQep2RegsFile 
*          1    00005140    00000022     UNINITIALIZED
                  00005140    00000022     F2837xD_GlobalVariableDefs.obj (EQep2RegsFile)

EQep3RegsFile 
*          1    00005180    00000022     UNINITIALIZED
                  00005180    00000022     F2837xD_GlobalVariableDefs.obj (EQep3RegsFile)

DacaRegsFile 
*          1    00005c00    00000008     UNINITIALIZED
                  00005c00    00000008     F2837xD_GlobalVariableDefs.obj (DacaRegsFile)

DacbRegsFile 
*          1    00005c10    00000008     UNINITIALIZED
                  00005c10    00000008     F2837xD_GlobalVariableDefs.obj (DacbRegsFile)

DaccRegsFile 
*          1    00005c20    00000008     UNINITIALIZED
                  00005c20    00000008     F2837xD_GlobalVariableDefs.obj (DaccRegsFile)

Sdfm1RegsFile 
*          1    00005e00    00000080     UNINITIALIZED
                  00005e00    00000080     F2837xD_GlobalVariableDefs.obj (Sdfm1RegsFile)

Sdfm2RegsFile 
*          1    00005e80    00000080     UNINITIALIZED
                  00005e80    00000080     F2837xD_GlobalVariableDefs.obj (Sdfm2RegsFile)

McbspaRegsFile 
*          1    00006000    00000024     UNINITIALIZED
                  00006000    00000024     F2837xD_GlobalVariableDefs.obj (McbspaRegsFile)

McbspbRegsFile 
*          1    00006040    00000024     UNINITIALIZED
                  00006040    00000024     F2837xD_GlobalVariableDefs.obj (McbspbRegsFile)

SpiaRegsFile 
*          1    00006100    00000010     UNINITIALIZED
                  00006100    00000010     F2837xD_GlobalVariableDefs.obj (SpiaRegsFile)

SpibRegsFile 
*          1    00006110    00000010     UNINITIALIZED
                  00006110    00000010     F2837xD_GlobalVariableDefs.obj (SpibRegsFile)

SpicRegsFile 
*          1    00006120    00000010     UNINITIALIZED
                  00006120    00000010     F2837xD_GlobalVariableDefs.obj (SpicRegsFile)

UppRegsFile 
*          1    00006200    00000048     UNINITIALIZED
                  00006200    00000048     F2837xD_GlobalVariableDefs.obj (UppRegsFile)

WdRegsFile 
*          1    00007000    0000002b     UNINITIALIZED
                  00007000    0000002b     F2837xD_GlobalVariableDefs.obj (WdRegsFile)

NmiIntruptRegsFile 
*          1    00007060    00000007     UNINITIALIZED
                  00007060    00000007     F2837xD_GlobalVariableDefs.obj (NmiIntruptRegsFile)

XintRegsFile 
*          1    00007070    0000000b     UNINITIALIZED
                  00007070    0000000b     F2837xD_GlobalVariableDefs.obj (XintRegsFile)

SciaRegsFile 
*          1    00007200    00000010     UNINITIALIZED
                  00007200    00000010     F2837xD_GlobalVariableDefs.obj (SciaRegsFile)

ScibRegsFile 
*          1    00007210    00000010     UNINITIALIZED
                  00007210    00000010     F2837xD_GlobalVariableDefs.obj (ScibRegsFile)

ScicRegsFile 
*          1    00007220    00000010     UNINITIALIZED
                  00007220    00000010     F2837xD_GlobalVariableDefs.obj (ScicRegsFile)

ScidRegsFile 
*          1    00007230    00000010     UNINITIALIZED
                  00007230    00000010     F2837xD_GlobalVariableDefs.obj (ScidRegsFile)

I2caRegsFile 
*          1    00007300    00000022     UNINITIALIZED
                  00007300    00000022     F2837xD_GlobalVariableDefs.obj (I2caRegsFile)

I2cbRegsFile 
*          1    00007340    00000022     UNINITIALIZED
                  00007340    00000022     F2837xD_GlobalVariableDefs.obj (I2cbRegsFile)

AdcaRegsFile 
*          1    00007400    00000080     UNINITIALIZED
                  00007400    00000080     F2837xD_GlobalVariableDefs.obj (AdcaRegsFile)

AdcbRegsFile 
*          1    00007480    00000080     UNINITIALIZED
                  00007480    00000080     F2837xD_GlobalVariableDefs.obj (AdcbRegsFile)

AdccRegsFile 
*          1    00007500    00000080     UNINITIALIZED
                  00007500    00000080     F2837xD_GlobalVariableDefs.obj (AdccRegsFile)

AdcdRegsFile 
*          1    00007580    00000080     UNINITIALIZED
                  00007580    00000080     F2837xD_GlobalVariableDefs.obj (AdcdRegsFile)

InputXbarRegsFile 
*          1    00007900    00000020     UNINITIALIZED
                  00007900    00000020     F2837xD_GlobalVariableDefs.obj (InputXbarRegsFile)

XbarRegsFile 
*          1    00007920    00000020     UNINITIALIZED
                  00007920    00000020     F2837xD_GlobalVariableDefs.obj (XbarRegsFile)

SyncSocRegsFile 
*          1    00007940    00000006     UNINITIALIZED
                  00007940    00000006     F2837xD_GlobalVariableDefs.obj (SyncSocRegsFile)

DmaClaSrcSelRegsFile 
*          1    00007980    0000001a     UNINITIALIZED
                  00007980    0000001a     F2837xD_GlobalVariableDefs.obj (DmaClaSrcSelRegsFile)

EPwmXbarRegsFile 
*          1    00007a00    00000040     UNINITIALIZED
                  00007a00    00000040     F2837xD_GlobalVariableDefs.obj (EPwmXbarRegsFile)

OutputXbarRegsFile 
*          1    00007a80    00000040     UNINITIALIZED
                  00007a80    00000040     F2837xD_GlobalVariableDefs.obj (OutputXbarRegsFile)

GpioCtrlRegsFile 
*          1    00007c00    00000180     UNINITIALIZED
                  00007c00    00000180     F2837xD_GlobalVariableDefs.obj (GpioCtrlRegsFile)

GpioDataRegsFile 
*          1    00007f00    00000030     UNINITIALIZED
                  00007f00    00000030     F2837xD_GlobalVariableDefs.obj (GpioDataRegsFile)

Emif1RegsFile 
*          1    00047000    00000070     UNINITIALIZED
                  00047000    00000070     F2837xD_GlobalVariableDefs.obj (Emif1RegsFile)

Emif2RegsFile 
*          1    00047800    00000070     UNINITIALIZED
                  00047800    00000070     F2837xD_GlobalVariableDefs.obj (Emif2RegsFile)

CanaRegsFile 
*          1    00048000    00000164     UNINITIALIZED
                  00048000    00000164     F2837xD_GlobalVariableDefs.obj (CanaRegsFile)

CanbRegsFile 
*          1    0004a000    00000164     UNINITIALIZED
                  0004a000    00000164     F2837xD_GlobalVariableDefs.obj (CanbRegsFile)

AnalogSubsysRegsFile 
*          1    0005d180    00000048     UNINITIALIZED
                  0005d180    00000048     F2837xD_GlobalVariableDefs.obj (AnalogSubsysRegsFile)

Cla1SoftIntRegsFile 
*          1    00000ce0    00000004     DSECT
                  00000ce0    00000004     F2837xD_GlobalVariableDefs.obj (Cla1SoftIntRegsFile)

Cmpss1RegsFile 
*          1    00005c80    00000020     UNINITIALIZED
                  00005c80    00000020     F2837xD_GlobalVariableDefs.obj (Cmpss1RegsFile)

Cmpss2RegsFile 
*          1    00005ca0    00000020     UNINITIALIZED
                  00005ca0    00000020     F2837xD_GlobalVariableDefs.obj (Cmpss2RegsFile)

Cmpss3RegsFile 
*          1    00005cc0    00000020     UNINITIALIZED
                  00005cc0    00000020     F2837xD_GlobalVariableDefs.obj (Cmpss3RegsFile)

Cmpss4RegsFile 
*          1    00005ce0    00000020     UNINITIALIZED
                  00005ce0    00000020     F2837xD_GlobalVariableDefs.obj (Cmpss4RegsFile)

Cmpss5RegsFile 
*          1    00005d00    00000020     UNINITIALIZED
                  00005d00    00000020     F2837xD_GlobalVariableDefs.obj (Cmpss5RegsFile)

Cmpss6RegsFile 
*          1    00005d20    00000020     UNINITIALIZED
                  00005d20    00000020     F2837xD_GlobalVariableDefs.obj (Cmpss6RegsFile)

Cmpss7RegsFile 
*          1    00005d40    00000020     UNINITIALIZED
                  00005d40    00000020     F2837xD_GlobalVariableDefs.obj (Cmpss7RegsFile)

Cmpss8RegsFile 
*          1    00005d60    00000020     UNINITIALIZED
                  00005d60    00000020     F2837xD_GlobalVariableDefs.obj (Cmpss8RegsFile)

IpcRegsFile 
*          1    00050000    00000024     UNINITIALIZED
                  00050000    00000024     F2837xD_GlobalVariableDefs.obj (IpcRegsFile)

FlashPumpSemaphoreRegsFile 
*          1    00050024    00000002     UNINITIALIZED
                  00050024    00000002     F2837xD_GlobalVariableDefs.obj (FlashPumpSemaphoreRegsFile)

RomPrefetchRegsFile 
*          1    0005e608    00000002     UNINITIALIZED
                  0005e608    00000002     F2837xD_GlobalVariableDefs.obj (RomPrefetchRegsFile)

DcsmZ1RegsFile 
*          1    0005f000    00000024     UNINITIALIZED
                  0005f000    00000024     F2837xD_GlobalVariableDefs.obj (DcsmZ1RegsFile)

DcsmZ2RegsFile 
*          1    0005f040    00000024     UNINITIALIZED
                  0005f040    00000024     F2837xD_GlobalVariableDefs.obj (DcsmZ2RegsFile)

DcsmCommonRegsFile 
*          1    0005f070    00000008     UNINITIALIZED
                  0005f070    00000008     F2837xD_GlobalVariableDefs.obj (DcsmCommonRegsFile)

MemCfgRegsFile 
*          1    0005f400    00000080     UNINITIALIZED
                  0005f400    00000080     F2837xD_GlobalVariableDefs.obj (MemCfgRegsFile)

Emif1ConfigRegsFile 
*          1    0005f480    00000020     UNINITIALIZED
                  0005f480    00000020     F2837xD_GlobalVariableDefs.obj (Emif1ConfigRegsFile)

Emif2ConfigRegsFile 
*          1    0005f4a0    00000020     UNINITIALIZED
                  0005f4a0    00000020     F2837xD_GlobalVariableDefs.obj (Emif2ConfigRegsFile)

AccessProtectionRegsFile 
*          1    0005f4c0    00000040     UNINITIALIZED
                  0005f4c0    00000040     F2837xD_GlobalVariableDefs.obj (AccessProtectionRegsFile)

MemoryErrorRegsFile 
*          1    0005f500    00000040     UNINITIALIZED
                  0005f500    00000040     F2837xD_GlobalVariableDefs.obj (MemoryErrorRegsFile)

RomWaitStateRegsFile 
*          1    0005f540    00000002     UNINITIALIZED
                  0005f540    00000002     F2837xD_GlobalVariableDefs.obj (RomWaitStateRegsFile)

Flash0CtrlRegsFile 
*          1    0005f800    00000182     UNINITIALIZED
                  0005f800    00000182     F2837xD_GlobalVariableDefs.obj (Flash0CtrlRegsFile)

Flash0EccRegsFile 
*          1    0005fb00    00000028     UNINITIALIZED
                  0005fb00    00000028     F2837xD_GlobalVariableDefs.obj (Flash0EccRegsFile)

DevCfgRegsFile 
*          1    0005d000    0000012e     UNINITIALIZED
                  0005d000    0000012e     F2837xD_GlobalVariableDefs.obj (DevCfgRegsFile)

ClkCfgRegsFile 
*          1    0005d200    00000032     UNINITIALIZED
                  0005d200    00000032     F2837xD_GlobalVariableDefs.obj (ClkCfgRegsFile)

CpuSysRegsFile 
*          1    0005d300    00000082     UNINITIALIZED
                  0005d300    00000082     F2837xD_GlobalVariableDefs.obj (CpuSysRegsFile)

.text.1    0    00080008    00001ff7     
                  00080008    00000ce4     rts2800_fpu32.lib : _printfi.c.obj (.text)
                  00080cec    000007b5                       : _scanfi.c.obj (.text)
                  000814a1    00000739     Orangepi_main.obj (.text)
                  00081bda    000002b2     F28379dSerial.obj (.text)
                  00081e8c    0000013f     rts2800_fpu32.lib : strtoll.c.obj (.text)
                  00081fcb    00000031                       : atoi.c.obj (.text)
                  00081ffc    00000002                       : pre_init.c.obj (.text)
                  00081ffe    00000001                       : startup.c.obj (.text)

.text.2    0    00082000    00002000     
                  00082000    00000650     Orangepi_main.obj (.text:retain)
                  00082650    00000585     F2837xD_DefaultISR.obj (.text:retain)
                  00082bd5    000004b4     F2837xD_SysCtrl.obj (.text)
                  00083089    00000283     rts2800_fpu32.lib : strtold.c.obj (.text)
                  0008330c    00000244     F2837xD_Gpio.obj (.text)
                  00083550    000001ff     rts2800_fpu32.lib : strtod.c.obj (.text)
                  0008374f    00000107                       : ll_div28.asm.obj (.text)
                  00083856    00000103                       : strtoull.c.obj (.text)
                  00083959    000000f0     F2837xD_Adc.obj (.text)
                  00083a49    000000d3     rts2800_fpu32.lib : strtol.c.obj (.text)
                  00083b1c    000000b1                       : strtoul.c.obj (.text)
                  00083bcd    000000ae                       : s_scalbn.c.obj (.text)
                  00083c7b    0000009c                       : fd_add28.asm.obj (.text)
                  00083d17    0000008b                       : fd_div28.asm.obj (.text)
                  00083da2    00000088                       : fs_div28.asm.obj (.text)
                  00083e2a    00000083                       : fd_mpy28.asm.obj (.text)
                  00083ead    0000007c     F2837xD_CpuTimers.obj (.text)
                  00083f29    0000006d     rts2800_fpu32.lib : sscanf.c.obj (.text)
                  00083f96    0000005a                       : s_frexp.c.obj (.text)
                  00083ff0    00000010                       : memccpy.c.obj (.text)

.text.3    0    00084000    000003a0     
                  00084000    00000058     rts2800_fpu32.lib : s_scalbnf.c.obj (.text)
                  00084058    00000056                       : boot28.asm.obj (.text)
                  000840ae    00000030                       : _ltoa.c.obj (.text)
                  000840de    00000030                       : vsprintf.c.obj (.text)
                  0008410e    0000002a                       : fd_cmp28.asm.obj (.text)
                  00084138    0000002a                       : l_div28.asm.obj (.text)
                  00084162    00000029                       : exit.c.obj (.text)
                  0008418b    00000028     F2837xD_PieCtrl.obj (.text)
                  000841b3    00000026     F2837xD_PieVect.obj (.text)
                  000841d9    00000025     rts2800_fpu32.lib : s_copysign.c.obj (.text)
                  000841fe    00000024                       : cpy_tbl.c.obj (.text)
                  00084222    00000021                       : fd_toi28.asm.obj (.text)
                  00084243    0000001f                       : fd_tol28.asm.obj (.text)
                  00084262    0000001e                       : ll_cmp28.asm.obj (.text)
                  00084280    0000001d                       : i_tofd28.asm.obj (.text)
                  0008429d    0000001d                       : memcpy.c.obj (.text)
                  000842ba    0000001c                       : fs_tofdfpu32.asm.obj (.text)
                  000842d6    0000001c                       : l_tofd28.asm.obj (.text)
                  000842f2    00000018                       : ll_aox28.asm.obj (.text)
                  0008430a    00000014                       : ll_mpy28.asm.obj (.text)
                  0008431e    00000012                       : args_main.c.obj (.text)
                  00084330    00000011                       : s_copysignf.c.obj (.text)
                  00084341    0000000e                       : fd_sub28.asm.obj (.text)
                  0008434f    0000000c                       : strchr.c.obj (.text)
                  0008435b    0000000b                       : strrchr.c.obj (.text)
                  00084366    0000000b                       : u_div28.asm.obj (.text)
                  00084371    00000009                       : _lock.c.obj (.text)
                  0008437a    00000009                       : fd_neg28.asm.obj (.text)
                  00084383    00000009                       : wcslen.c.obj (.text)
                  0008438c    00000008                       : strlen.c.obj (.text)
                  00084394    00000007                       : memset.c.obj (.text)
                  0008439b    00000005                       : strcpy.c.obj (.text)

.ebss.1    1    0000d000    0000316f     UNINITIALIZED
                  0000d000    00002f30     F28379dSerial.obj (.ebss)
                  0000ff30    00000008     Orangepi_main.obj (.ebss:_LeftWheelArray)
                  0000ff38    00000008     Orangepi_main.obj (.ebss:_RightWheelArray)
                  0000ff40    0000012c     Orangepi_main.obj (.ebss)
                  0001006c    00000008     Orangepi_main.obj (.ebss:_gyro_array)
                  00010074    00000008     Orangepi_main.obj (.ebss:_tilt_array)
                  0001007c    00000002     rts2800_fpu32.lib : _lock.c.obj (.ebss:__lock)
                  0001007e    00000002                       : _lock.c.obj (.ebss:__unlock)
                  00010080    000000ca     Orangepi_main.obj (.ebss:_b)
                  0001014a    00000018     F2837xD_CpuTimers.obj (.ebss)
                  00010162    00000006     device.obj (.ebss)
                  00010168    00000006     rts2800_fpu32.lib : exit.c.obj (.ebss)
                  0001016e    00000001                       : errno.c.obj (.ebss)

.ebss.2    1    00010180    000000ca     UNINITIALIZED
                  00010180    000000ca     Orangepi_main.obj (.ebss:_xk)

.ebss.3    1    00010280    00000080     UNINITIALIZED
                  00010280    00000080     Orangepi_main.obj (.ebss:_RXBuff)

MODULE SUMMARY

       Module                           code    initialized data   uninitialized data
       ------                           ----    ----------------   ------------------
    ./
       F28379dSerial.obj                1926    0                  12080             
       F2837xD_GlobalVariableDefs.obj   0       0                  8695              
       Orangepi_main.obj                3465    738                864               
       F2837xD_DefaultISR.obj           1413    0                  0                 
       F2837xD_SysCtrl.obj              1314    0                  0                 
       F2837xD_Gpio.obj                 580     0                  0                 
       F2837xD_PieVect.obj              38      448                0                 
       F2837xD_Adc.obj                  240     0                  0                 
       F2837xD_CpuTimers.obj            124     0                  24                
       F2837xD_PieCtrl.obj              40      0                  0                 
       F2837xD_usDelay.obj              8       0                  0                 
       F2837xD_CodeStartBranch.obj      2       0                  0                 
    +--+--------------------------------+-------+------------------+--------------------+
       Total:                           9150    1186               21663             
                                                                                     
    ./device/
       device.obj                       0       34                 6                 
    +--+--------------------------------+-------+------------------+--------------------+
       Total:                           0       34                 6                 
                                                                                     
    /Applications/ti/ccs1020/ccs/tools/compiler/ti-cgt-c2000_20.2.2.LTS/lib/rts2800_fpu32.lib
       _printfi.c.obj                   3300    66                 0                 
       _scanfi.c.obj                    1973    27                 0                 
       strtold.c.obj                    643     112                0                 
       strtod.c.obj                     511     44                 0                 
       strtoll.c.obj                    319     0                  0                 
       ll_div28.asm.obj                 263     0                  0                 
       strtoull.c.obj                   259     0                  0                 
       ctype.c.obj                      0       257                0                 
       strtol.c.obj                     211     0                  0                 
       s_scalbn.c.obj                   174     28                 0                 
       strtoul.c.obj                    177     0                  0                 
       fd_add28.asm.obj                 156     0                  0                 
       fd_div28.asm.obj                 139     0                  0                 
       fs_div28.asm.obj                 136     0                  0                 
       fd_mpy28.asm.obj                 131     0                  0                 
       sscanf.c.obj                     109     0                  0                 
       s_frexp.c.obj                    90      8                  0                 
       s_scalbnf.c.obj                  88      6                  0                 
       boot28.asm.obj                   86      0                  0                 
       exit.c.obj                       41      14                 6                 
       atoi.c.obj                       49      0                  0                 
       _ltoa.c.obj                      48      0                  0                 
       vsprintf.c.obj                   48      0                  0                 
       fd_cmp28.asm.obj                 42      0                  0                 
       l_div28.asm.obj                  42      0                  0                 
       s_copysign.c.obj                 37      0                  0                 
       cpy_tbl.c.obj                    36      0                  0                 
       fd_toi28.asm.obj                 33      0                  0                 
       fd_tol28.asm.obj                 31      0                  0                 
       ll_cmp28.asm.obj                 30      0                  0                 
       i_tofd28.asm.obj                 29      0                  0                 
       memcpy.c.obj                     29      0                  0                 
       fs_tofdfpu32.asm.obj             28      0                  0                 
       l_tofd28.asm.obj                 28      0                  0                 
       ll_aox28.asm.obj                 24      0                  0                 
       _lock.c.obj                      9       10                 4                 
       ll_mpy28.asm.obj                 20      0                  0                 
       args_main.c.obj                  18      0                  0                 
       s_copysignf.c.obj                17      0                  0                 
       memccpy.c.obj                    16      0                  0                 
       fd_sub28.asm.obj                 14      0                  0                 
       strchr.c.obj                     12      0                  0                 
       strrchr.c.obj                    11      0                  0                 
       u_div28.asm.obj                  11      0                  0                 
       fd_neg28.asm.obj                 9       0                  0                 
       wcslen.c.obj                     9       0                  0                 
       strlen.c.obj                     8       0                  0                 
       memset.c.obj                     7       0                  0                 
       errno.c.obj                      0       4                  1                 
       strcpy.c.obj                     5       0                  0                 
       pre_init.c.obj                   2       0                  0                 
       startup.c.obj                    1       0                  0                 
    +--+--------------------------------+-------+------------------+--------------------+
       Total:                           9509    576                11                
                                                                                     
    /Users/sagarsachdev/Documents/SP2021 CLASSES/SE 423/sagars2_SE423/C2000Ware_3_02_00_00_F28379D/driverlib/f2837xd/driverlib/ccs/Debug/driverlib_coff.lib
       flash.obj                        0       191                0                 
       sysctl.obj                       8       96                 0                 
    +--+--------------------------------+-------+------------------+--------------------+
       Total:                           8       287                0                 
                                                                                     
       Stack:                           0       0                  2048              
    +--+--------------------------------+-------+------------------+--------------------+
       Grand Total:                     18667   2083               23728             


GLOBAL DATA SYMBOLS: SORTED BY DATA PAGE

address     data page           name
--------    ----------------    ----
00000b00      2c (00000b00)     _AdcaResultRegs
00000b20      2c (00000b00)     _AdcbResultRegs

00000b40      2d (00000b40)     _AdccResultRegs
00000b60      2d (00000b40)     _AdcdResultRegs

00000c00      30 (00000c00)     _CpuTimer0Regs
00000c08      30 (00000c00)     _CpuTimer1Regs
00000c10      30 (00000c00)     _CpuTimer2Regs

00000ce0      33 (00000cc0)     _Cla1SoftIntRegs
00000ce0      33 (00000cc0)     _PieCtrlRegs

00000d00      34 (00000d00)     _EmuBMode
00000d00      34 (00000d00)     _PieVectTable
00000d01      34 (00000d00)     _EmuBootPins

00001000      40 (00001000)     _DmaRegs

00001400      50 (00001400)     _Cla1Regs

00004000     100 (00004000)     _EPwm1Regs

00004100     104 (00004100)     _EPwm2Regs

00004200     108 (00004200)     _EPwm3Regs

00004300     10c (00004300)     _EPwm4Regs

00004400     110 (00004400)     _EPwm5Regs

00004500     114 (00004500)     _EPwm6Regs

00004600     118 (00004600)     _EPwm7Regs

00004700     11c (00004700)     _EPwm8Regs

00004800     120 (00004800)     _EPwm9Regs

00004900     124 (00004900)     _EPwm10Regs

00004a00     128 (00004a00)     _EPwm11Regs

00004b00     12c (00004b00)     _EPwm12Regs

00005000     140 (00005000)     _ECap1Regs
00005020     140 (00005000)     _ECap2Regs

00005040     141 (00005040)     _ECap3Regs
00005060     141 (00005040)     _ECap4Regs

00005080     142 (00005080)     _ECap5Regs
000050a0     142 (00005080)     _ECap6Regs

00005100     144 (00005100)     _EQep1Regs

00005140     145 (00005140)     _EQep2Regs

00005180     146 (00005180)     _EQep3Regs

00005c00     170 (00005c00)     _DacaRegs
00005c10     170 (00005c00)     _DacbRegs
00005c20     170 (00005c00)     _DaccRegs

00005c80     172 (00005c80)     _Cmpss1Regs
00005ca0     172 (00005c80)     _Cmpss2Regs

00005cc0     173 (00005cc0)     _Cmpss3Regs
00005ce0     173 (00005cc0)     _Cmpss4Regs

00005d00     174 (00005d00)     _Cmpss5Regs
00005d20     174 (00005d00)     _Cmpss6Regs

00005d40     175 (00005d40)     _Cmpss7Regs
00005d60     175 (00005d40)     _Cmpss8Regs

00005e00     178 (00005e00)     _Sdfm1Regs

00005e80     17a (00005e80)     _Sdfm2Regs

00006000     180 (00006000)     _McbspaRegs

00006040     181 (00006040)     _McbspbRegs

00006100     184 (00006100)     _SpiaRegs
00006110     184 (00006100)     _SpibRegs
00006120     184 (00006100)     _SpicRegs

00006200     188 (00006200)     _UppRegs

00007000     1c0 (00007000)     _WdRegs

00007060     1c1 (00007040)     _NmiIntruptRegs
00007070     1c1 (00007040)     _XintRegs

00007200     1c8 (00007200)     _SciaRegs
00007210     1c8 (00007200)     _ScibRegs
00007220     1c8 (00007200)     _ScicRegs
00007230     1c8 (00007200)     _ScidRegs

00007300     1cc (00007300)     _I2caRegs

00007340     1cd (00007340)     _I2cbRegs

00007400     1d0 (00007400)     _AdcaRegs

00007480     1d2 (00007480)     _AdcbRegs

00007500     1d4 (00007500)     _AdccRegs

00007580     1d6 (00007580)     _AdcdRegs

00007900     1e4 (00007900)     _InputXbarRegs
00007920     1e4 (00007900)     _XbarRegs

00007940     1e5 (00007940)     _SyncSocRegs

00007980     1e6 (00007980)     _DmaClaSrcSelRegs

00007a00     1e8 (00007a00)     _EPwmXbarRegs

00007a80     1ea (00007a80)     _OutputXbarRegs

00007c00     1f0 (00007c00)     _GpioCtrlRegs

00007f00     1fc (00007f00)     _GpioDataRegs

0000b000     2c0 (0000b000)     __stack

0000d000     340 (0000d000)     _SerialA

0000dfc0     37f (0000dfc0)     _SerialC

0000ef80     3be (0000ef80)     _SerialD

0000ff30     3fc (0000ff00)     _LeftWheelArray
0000ff38     3fc (0000ff00)     _RightWheelArray

0000ff40     3fd (0000ff40)     _UARTPrint
0000ff41     3fd (0000ff40)     _LEDdisplaynum
0000ff42     3fd (0000ff40)     _SendToOrange
0000ff43     3fd (0000ff40)     _count
0000ff44     3fd (0000ff40)     _val
0000ff45     3fd (0000ff40)     _dummy
0000ff46     3fd (0000ff40)     _accelXraw
0000ff47     3fd (0000ff40)     _accelYraw
0000ff48     3fd (0000ff40)     _accelZraw
0000ff49     3fd (0000ff40)     _gyroXraw
0000ff4a     3fd (0000ff40)     _gyroYraw
0000ff4b     3fd (0000ff40)     _gyroZraw
0000ff4c     3fd (0000ff40)     _adcd0result
0000ff4d     3fd (0000ff40)     _adcd1result
0000ff4e     3fd (0000ff40)     _adca0result
0000ff4f     3fd (0000ff40)     _adca1result
0000ff50     3fd (0000ff40)     _adcb0result
0000ff51     3fd (0000ff40)     _adcb1result
0000ff52     3fd (0000ff40)     _temp
0000ff53     3fd (0000ff40)     _doneCal
0000ff54     3fd (0000ff40)     _SpibNumCalls
0000ff55     3fd (0000ff40)     _calibration_state
0000ff56     3fd (0000ff40)     _collectdata
0000ff57     3fd (0000ff40)     _spivalue1
0000ff58     3fd (0000ff40)     _spivalue2
0000ff59     3fd (0000ff40)     _spivalue3
0000ff5a     3fd (0000ff40)     _newData
0000ff5c     3fd (0000ff40)     _numTimer0calls
0000ff5e     3fd (0000ff40)     _numSWIcalls
0000ff60     3fd (0000ff40)     _numRXA
0000ff62     3fd (0000ff40)     _numRXD
0000ff64     3fd (0000ff40)     _spi_val1
0000ff66     3fd (0000ff40)     _spi_val2
0000ff68     3fd (0000ff40)     _spi_val3
0000ff6a     3fd (0000ff40)     _adc_val1
0000ff6c     3fd (0000ff40)     _adc_val2
0000ff6e     3fd (0000ff40)     _accelXreading
0000ff70     3fd (0000ff40)     _accelYreading
0000ff72     3fd (0000ff40)     _accelZreading
0000ff74     3fd (0000ff40)     _gyroXreading
0000ff76     3fd (0000ff40)     _gyroYreading
0000ff78     3fd (0000ff40)     _gyroZreading
0000ff7a     3fd (0000ff40)     _RightWheel
0000ff7c     3fd (0000ff40)     _LeftWheel
0000ff7e     3fd (0000ff40)     _Rightdist

0000ff80     3fe (0000ff80)     _Leftdist
0000ff82     3fe (0000ff80)     _uLeft
0000ff84     3fe (0000ff80)     _uRight
0000ff86     3fe (0000ff80)     _LeftWheelK
0000ff88     3fe (0000ff80)     _RightWheelK
0000ff8a     3fe (0000ff80)     _RightWheelK_1
0000ff8c     3fe (0000ff80)     _LeftWheelK_1
0000ff8e     3fe (0000ff80)     _v_left
0000ff90     3fe (0000ff80)     _v_right
0000ff92     3fe (0000ff80)     _Vel_WhlDiff
0000ff94     3fe (0000ff80)     _Err_Left
0000ff96     3fe (0000ff80)     _I_left_K
0000ff98     3fe (0000ff80)     _I_left_K_1
0000ff9a     3fe (0000ff80)     _Err_LeftK_1
0000ff9c     3fe (0000ff80)     _vleft
0000ff9e     3fe (0000ff80)     _Err_Right
0000ffa0     3fe (0000ff80)     _I_right_K
0000ffa2     3fe (0000ff80)     _I_right_K_1
0000ffa4     3fe (0000ff80)     _Err_RightK_1
0000ffa6     3fe (0000ff80)     _turn1
0000ffa8     3fe (0000ff80)     _turn
0000ffaa     3fe (0000ff80)     _K_turn
0000ffac     3fe (0000ff80)     _e_left
0000ffae     3fe (0000ff80)     _e_right
0000ffb0     3fe (0000ff80)     _e_turn
0000ffb2     3fe (0000ff80)     _w_r
0000ffb4     3fe (0000ff80)     _r_wh
0000ffb6     3fe (0000ff80)     _theta_r
0000ffb8     3fe (0000ff80)     _theta_l
0000ffba     3fe (0000ff80)     _omega_r
0000ffbc     3fe (0000ff80)     _omega_l
0000ffbe     3fe (0000ff80)     _phi_r

0000ffc0     3ff (0000ffc0)     _x_r
0000ffc2     3ff (0000ffc0)     _y_r
0000ffc4     3ff (0000ffc0)     _theta_avg
0000ffc6     3ff (0000ffc0)     _omega_avg
0000ffc8     3ff (0000ffc0)     _xr_dot
0000ffca     3ff (0000ffc0)     _yr_dot
0000ffcc     3ff (0000ffc0)     _xr
0000ffce     3ff (0000ffc0)     _xr_1
0000ffd0     3ff (0000ffc0)     _xr_dot_1
0000ffd2     3ff (0000ffc0)     _yr
0000ffd4     3ff (0000ffc0)     _yr_1
0000ffd6     3ff (0000ffc0)     _yr_dot_1
0000ffd8     3ff (0000ffc0)     _e_left_1
0000ffda     3ff (0000ffc0)     _e_right_1
0000ffdc     3ff (0000ffc0)     _var0
0000ffde     3ff (0000ffc0)     _var1
0000ffe0     3ff (0000ffc0)     _var2
0000ffe2     3ff (0000ffc0)     _var3
0000ffe4     3ff (0000ffc0)     _var4
0000ffe6     3ff (0000ffc0)     _var5
0000ffe8     3ff (0000ffc0)     _accelx_offset
0000ffea     3ff (0000ffc0)     _accely_offset
0000ffec     3ff (0000ffc0)     _accelz_offset
0000ffee     3ff (0000ffc0)     _gyrox_offset
0000fff0     3ff (0000ffc0)     _gyroy_offset
0000fff2     3ff (0000ffc0)     _gyroz_offset
0000fff4     3ff (0000ffc0)     _accelzBalancePoint
0000fff6     3ff (0000ffc0)     _tilt_value
0000fff8     3ff (0000ffc0)     _gyro_value
0000fffa     3ff (0000ffc0)     _T
0000fffc     3ff (0000ffc0)     _Q
0000fffe     3ff (0000ffc0)     _R

00010000     400 (00010000)     _kalman_tilt
00010002     400 (00010000)     _kalman_P
00010004     400 (00010000)     _pred_P
00010006     400 (00010000)     _kalman_K
00010008     400 (00010000)     _timecount
0001000a     400 (00010000)     _calibration_count
0001000c     400 (00010000)     _Spib_count
0001000e     400 (00010000)     _accelx
00010010     400 (00010000)     _accely
00010012     400 (00010000)     _accelz
00010014     400 (00010000)     _gyrox
00010016     400 (00010000)     _gyroy
00010018     400 (00010000)     _gyroz
0001001a     400 (00010000)     _vel_right
0001001c     400 (00010000)     _vel_left
0001001e     400 (00010000)     _vel_right_1
00010020     400 (00010000)     _vel_left_1
00010022     400 (00010000)     _omega_r1
00010024     400 (00010000)     _theta_r1
00010026     400 (00010000)     _omega_l1
00010028     400 (00010000)     _theta_l1
0001002a     400 (00010000)     _K1
0001002c     400 (00010000)     _K2
0001002e     400 (00010000)     _K3
00010030     400 (00010000)     _ubal
00010032     400 (00010000)     _WhlDiff
00010034     400 (00010000)     _WhlDiff_1
00010036     400 (00010000)     _Vel_WhlDiff_1
00010038     400 (00010000)     _turn_1
0001003a     400 (00010000)     _turnrate
0001003c     400 (00010000)     _turnrate_1
0001003e     400 (00010000)     _errorDiff

00010040     401 (00010040)     _errorDiff_1
00010042     401 (00010040)     _intDiff
00010044     401 (00010040)     _intDiff_1
00010046     401 (00010040)     _Kp
00010048     401 (00010040)     _Kd
0001004a     401 (00010040)     _Ki
0001004c     401 (00010040)     _RightWheel_1
0001004e     401 (00010040)     _LeftWheel_1
00010050     401 (00010040)     _DVel
00010052     401 (00010040)     _u_right
00010054     401 (00010040)     _u_left
00010056     401 (00010040)     _Opti_x
00010058     401 (00010040)     _Opti_y
0001005a     401 (00010040)     _Opti_theta
0001005c     401 (00010040)     _Opti_Body
0001005e     401 (00010040)     _Opti_Stamp
00010060     401 (00010040)     _yk
00010062     401 (00010040)     _OptiRecv
0001006c     401 (00010040)     _gyro_array
00010074     401 (00010040)     _tilt_array
0001007c     401 (00010040)     __lock
0001007e     401 (00010040)     __unlock

00010080     402 (00010080)     _b

0001014a     405 (00010140)     _CpuTimer0
00010152     405 (00010140)     _CpuTimer1
0001015a     405 (00010140)     _CpuTimer2
00010162     405 (00010140)     _Example_Result
00010164     405 (00010140)     _Example_PassCount
00010166     405 (00010140)     _Example_Fail
00010168     405 (00010140)     ___TI_enable_exit_profile_output
0001016a     405 (00010140)     ___TI_cleanup_ptr
0001016c     405 (00010140)     ___TI_dtors_ptr
0001016e     405 (00010140)     _errno

00010180     406 (00010180)     _xk

00010280     40a (00010280)     _RXBuff

00047000    11c0 (00047000)     _Emif1Regs

00047800    11e0 (00047800)     _Emif2Regs

00048000    1200 (00048000)     _CanaRegs

0004a000    1280 (0004a000)     _CanbRegs

00050000    1400 (00050000)     _IpcRegs
00050024    1400 (00050000)     _FlashPumpSemaphoreRegs

0005d000    1740 (0005d000)     _DevCfgRegs

0005d180    1746 (0005d180)     _AnalogSubsysRegs

0005d200    1748 (0005d200)     _ClkCfgRegs

0005d300    174c (0005d300)     _CpuSysRegs

0005e608    1798 (0005e600)     _RomPrefetchRegs

0005f000    17c0 (0005f000)     _DcsmZ1Regs

0005f040    17c1 (0005f040)     _DcsmZ2Regs
0005f070    17c1 (0005f040)     _DcsmCommonRegs

0005f400    17d0 (0005f400)     _MemCfgRegs

0005f480    17d2 (0005f480)     _Emif1ConfigRegs
0005f4a0    17d2 (0005f480)     _Emif2ConfigRegs

0005f4c0    17d3 (0005f4c0)     _AccessProtectionRegs

0005f500    17d4 (0005f500)     _MemoryErrorRegs

0005f540    17d5 (0005f540)     _RomWaitStateRegs

0005f800    17e0 (0005f800)     _Flash0CtrlRegs

0005fb00    17ec (0005fb00)     _Flash0EccRegs

000843a0    210e (00084380)     _PieVectTableInit

00084560    2115 (00084540)     __ctypes_


GLOBAL SYMBOLS: SORTED ALPHABETICALLY BY Name 

page  address   name                                  
----  -------   ----                                  
abs   ffffffff  .text                                 
0     00084162  C$$EXIT                               
0     00083c7b  FD$$ADD                               
0     0008410e  FD$$CMP                               
0     00083d17  FD$$DIV                               
0     00083e2a  FD$$MPY                               
0     0008437a  FD$$NEG                               
0     00084341  FD$$SUB                               
0     00084222  FD$$TOI                               
0     00084243  FD$$TOL                               
0     00083da2  FS$$DIV                               
0     000842ba  FS$$TOFD                              
0     00084280  I$$TOFD                               
0     00084138  L$$DIV                                
0     00084147  L$$MOD                                
0     000842d6  L$$TOFD                               
0     000842f2  LL$$AND                               
0     00084262  LL$$CMP                               
0     0008374f  LL$$DIV                               
0     0008378b  LL$$MOD                               
0     0008430a  LL$$MPY                               
0     000842fa  LL$$OR                                
0     00084302  LL$$XOR                               
0     00084366  U$$DIV                                
0     0008436b  U$$MOD                                
0     00084155  UL$$DIV                               
0     0008415c  UL$$MOD                               
0     00084274  ULL$$CMP                              
0     000837c5  ULL$$DIV                              
0     000837f4  ULL$$MOD                              
0     0008270e  _ADCA1_ISR                            
0     0008298e  _ADCA2_ISR                            
0     00082998  _ADCA3_ISR                            
0     000829a2  _ADCA4_ISR                            
0     00082984  _ADCA_EVT_ISR                         
0     0008258a  _ADCA_ISR                             
0     00082718  _ADCB1_ISR                            
0     000829b6  _ADCB2_ISR                            
0     000829c0  _ADCB3_ISR                            
0     000829ca  _ADCB4_ISR                            
0     000829ac  _ADCB_EVT_ISR                         
0     00082722  _ADCC1_ISR                            
0     00082b1e  _ADCC2_ISR                            
0     00082b28  _ADCC3_ISR                            
0     00082b32  _ADCC4_ISR                            
0     00082b14  _ADCC_EVT_ISR                         
0     00082740  _ADCD1_ISR                            
0     00082b46  _ADCD2_ISR                            
0     00082b50  _ADCD3_ISR                            
0     00082b5a  _ADCD4_ISR                            
0     00082b3c  _ADCD_EVT_ISR                         
0     00082b96  _AUX_PLL_SLIP_ISR                     
1     0005f4c0  _AccessProtectionRegs                 
0     00083959  _AdcSetMode                           
1     00007400  _AdcaRegs                             
1     00000b00  _AdcaResultRegs                       
1     00007480  _AdcbRegs                             
1     00000b20  _AdcbResultRegs                       
1     00007500  _AdccRegs                             
1     00000b40  _AdccResultRegs                       
1     00007580  _AdcdRegs                             
1     00000b60  _AdcdResultRegs                       
1     0005d180  _AnalogSubsysRegs                     
0     00083018  _AuxAuxClkSel                         
0     00083002  _AuxIntOsc2Sel                        
0     0008300c  _AuxXtalOscSel                        
0     0008295c  _CANA0_ISR                            
0     00082966  _CANA1_ISR                            
0     00082970  _CANB0_ISR                            
0     0008297a  _CANB1_ISR                            
0     000829d4  _CLA1_1_ISR                           
0     000829de  _CLA1_2_ISR                           
0     000829e8  _CLA1_3_ISR                           
0     000829f2  _CLA1_4_ISR                           
0     000829fc  _CLA1_5_ISR                           
0     00082a06  _CLA1_6_ISR                           
0     00082a10  _CLA1_7_ISR                           
0     00082a1a  _CLA1_8_ISR                           
0     00082ba0  _CLA_OVERFLOW_ISR                     
0     00082baa  _CLA_UNDERFLOW_ISR                    
0     00083a0f  _CalAdcINL                            
1     00048000  _CanaRegs                             
1     0004a000  _CanbRegs                             
1     00001400  _Cla1Regs                             
0     00000ce0  _Cla1SoftIntRegs                      
1     0005d200  _ClkCfgRegs                           
1     00005c80  _Cmpss1Regs                           
1     00005ca0  _Cmpss2Regs                           
1     00005cc0  _Cmpss3Regs                           
1     00005ce0  _Cmpss4Regs                           
1     00005d00  _Cmpss5Regs                           
1     00005d20  _Cmpss6Regs                           
1     00005d40  _Cmpss7Regs                           
1     00005d60  _Cmpss8Regs                           
0     00083eee  _ConfigCpuTimer                       
0     0008306c  _ConfigureTMXAnalogTrim               
1     0005d300  _CpuSysRegs                           
1     0001014a  _CpuTimer0                            
1     00000c00  _CpuTimer0Regs                        
1     00010152  _CpuTimer1                            
1     00000c08  _CpuTimer1Regs                        
1     0001015a  _CpuTimer2                            
1     00000c10  _CpuTimer2Regs                        
0     00082fad  _CsmUnlock                            
0     00082664  _DATALOG_ISR                          
0     000828a8  _DMA_CH1_ISR                          
0     000828b2  _DMA_CH2_ISR                          
0     000828bc  _DMA_CH3_ISR                          
0     000828c6  _DMA_CH4_ISR                          
0     000828d0  _DMA_CH5_ISR                          
0     000828da  _DMA_CH6_ISR                          
1     00010050  _DVel                                 
1     00005c00  _DacaRegs                             
1     00005c10  _DacbRegs                             
1     00005c20  _DaccRegs                             
1     0005f070  _DcsmCommonRegs                       
1     0005f000  _DcsmZ1Regs                           
1     0005f040  _DcsmZ2Regs                           
1     0005d000  _DevCfgRegs                           
0     00082cc1  _DisableDog                           
0     00082c82  _DisablePeripheralClocks              
1     00007980  _DmaClaSrcSelRegs                     
1     00001000  _DmaRegs                              
0     000827fe  _ECAP1_ISR                            
0     00082808  _ECAP2_ISR                            
0     00082812  _ECAP3_ISR                            
0     0008281c  _ECAP4_ISR                            
0     00082826  _ECAP5_ISR                            
0     00082830  _ECAP6_ISR                            
1     00005000  _ECap1Regs                            
1     00005020  _ECap2Regs                            
1     00005040  _ECap3Regs                            
1     00005060  _ECap4Regs                            
1     00005080  _ECap5Regs                            
1     000050a0  _ECap6Regs                            
0     00082b64  _EMIF_ERROR_ISR                       
0     00082bbe  _EMPTY_ISR                            
0     00082678  _EMU_ISR                              
0     00082aba  _EPWM10_ISR                           
0     00082a92  _EPWM10_TZ_ISR                        
0     00082ac4  _EPWM11_ISR                           
0     00082a9c  _EPWM11_TZ_ISR                        
0     00082ace  _EPWM12_ISR                           
0     00082aa6  _EPWM12_TZ_ISR                        
0     000827ae  _EPWM1_ISR                            
0     0008275e  _EPWM1_TZ_ISR                         
0     000827b8  _EPWM2_ISR                            
0     00082768  _EPWM2_TZ_ISR                         
0     000827c2  _EPWM3_ISR                            
0     00082772  _EPWM3_TZ_ISR                         
0     000827cc  _EPWM4_ISR                            
0     0008277c  _EPWM4_TZ_ISR                         
0     000827d6  _EPWM5_ISR                            
0     00082786  _EPWM5_TZ_ISR                         
0     000827e0  _EPWM6_ISR                            
0     00082790  _EPWM6_TZ_ISR                         
0     000827ea  _EPWM7_ISR                            
0     0008279a  _EPWM7_TZ_ISR                         
0     000827f4  _EPWM8_ISR                            
0     000827a4  _EPWM8_TZ_ISR                         
0     00082ab0  _EPWM9_ISR                            
0     00082a88  _EPWM9_TZ_ISR                         
1     00004900  _EPwm10Regs                           
1     00004a00  _EPwm11Regs                           
1     00004b00  _EPwm12Regs                           
1     00004000  _EPwm1Regs                            
1     00004100  _EPwm2Regs                            
1     00004200  _EPwm3Regs                            
1     00004300  _EPwm4Regs                            
1     00004400  _EPwm5Regs                            
1     00004500  _EPwm6Regs                            
1     00004600  _EPwm7Regs                            
1     00004700  _EPwm8Regs                            
1     00004800  _EPwm9Regs                            
1     00007a00  _EPwmXbarRegs                         
0     0008283a  _EQEP1_ISR                            
0     00082844  _EQEP2_ISR                            
0     0008284e  _EQEP3_ISR                            
1     00005100  _EQep1Regs                            
1     00005140  _EQep2Regs                            
1     00005180  _EQep3Regs                            
1     0005f480  _Emif1ConfigRegs                      
1     00047000  _Emif1Regs                            
1     0005f4a0  _Emif2ConfigRegs                      
1     00047800  _Emif2Regs                            
1     00000d00  _EmuBMode                             
1     00000d01  _EmuBootPins                          
0     000841aa  _EnableInterrupts                     
1     0000ff94  _Err_Left                             
1     0000ff9a  _Err_LeftK_1                          
1     0000ff9e  _Err_Right                            
1     0000ffa4  _Err_RightK_1                         
1     00010166  _Example_Fail                         
1     00010164  _Example_PassCount                    
1     00010162  _Example_Result                       
0     000082a1  _F28x_usDelay                         
0     00082b78  _FLASH_CORRECTABLE_ERROR_ISR          
0     00082a4c  _FPU_OVERFLOW_ISR                     
0     00082a56  _FPU_UNDERFLOW_ISR                    
1     0005f800  _Flash0CtrlRegs                       
1     0005fb00  _Flash0EccRegs                        
0     00008293  _FlashOff                             
1     00050024  _FlashPumpSemaphoreRegs               
0     00083505  _GPIO_EnableUnbondedIOPullups         
0     000834e0  _GPIO_EnableUnbondedIOPullupsFor100Pin
0     000834c7  _GPIO_EnableUnbondedIOPullupsFor176Pin
0     0008351b  _GPIO_ReadPin                         
0     0008346c  _GPIO_SetupLock                       
0     0008334c  _GPIO_SetupPinMux                     
0     000833d8  _GPIO_SetupPinOptions                 
0     00083495  _GPIO_SetupXINT1Gpio                  
0     0008349f  _GPIO_SetupXINT2Gpio                  
0     000834a9  _GPIO_SetupXINT3Gpio                  
0     000834b3  _GPIO_SetupXINT4Gpio                  
0     000834bd  _GPIO_SetupXINT5Gpio                  
0     00083532  _GPIO_WritePin                        
1     00007c00  _GpioCtrlRegs                         
1     00007f00  _GpioDataRegs                         
0     00083036  _HALT                                 
0     0008304f  _HIB                                  
0     000828ee  _I2CA_FIFO_ISR                        
0     000828e4  _I2CA_ISR                             
0     00082902  _I2CB_FIFO_ISR                        
0     000828f8  _I2CB_ISR                             
1     00007300  _I2caRegs                             
1     00007340  _I2cbRegs                             
0     00083022  _IDLE                                 
0     0008268c  _ILLEGAL_ISR                          
0     00082a60  _IPC0_ISR                             
0     00082a6a  _IPC1_ISR                             
0     00082a74  _IPC2_ISR                             
0     00082a7e  _IPC3_ISR                             
1     0000ff96  _I_left_K                             
1     0000ff98  _I_left_K_1                           
1     0000ffa0  _I_right_K                            
1     0000ffa2  _I_right_K_1                          
0     00082ebe  _InitAuxPll                           
0     00083ead  _InitCpuTimers                        
0     0000826a  _InitFlash                            
0     0008330c  _InitGpio                             
0     00082bfe  _InitPeripheralClocks                 
0     0008418b  _InitPieCtrl                          
0     000841b3  _InitPieVectTable                     
0     00082bd5  _InitSysCtrl                          
0     00082ccf  _InitSysPll                           
1     00007900  _InputXbarRegs                        
1     00050000  _IpcRegs                              
1     0001002a  _K1                                   
1     0001002c  _K2                                   
1     0001002e  _K3                                   
1     0000ffaa  _K_turn                               
1     00010048  _Kd                                   
1     0001004a  _Ki                                   
1     00010046  _Kp                                   
1     0000ff41  _LEDdisplaynum                        
1     0000ff7c  _LeftWheel                            
1     0000ff30  _LeftWheelArray                       
1     0000ff86  _LeftWheelK                           
1     0000ff8c  _LeftWheelK_1                         
1     0001004e  _LeftWheel_1                          
1     0000ff80  _Leftdist                             
0     00082880  _MCBSPA_RX_ISR                        
0     0008288a  _MCBSPA_TX_ISR                        
0     00082894  _MCBSPB_RX_ISR                        
0     0008289e  _MCBSPB_TX_ISR                        
1     00006000  _McbspaRegs                           
1     00006040  _McbspbRegs                           
1     0005f400  _MemCfgRegs                           
1     0005f500  _MemoryErrorRegs                      
0     00082682  _NMI_ISR                              
0     00082bcb  _NOTUSED_ISR                          
1     00007060  _NmiIntruptRegs                       
1     00010062  _OptiRecv                             
1     0001005c  _Opti_Body                            
1     0001005e  _Opti_Stamp                           
1     0001005a  _Opti_theta                           
1     00010056  _Opti_x                               
1     00010058  _Opti_y                               
1     00007a80  _OutputXbarRegs                       
0     00082bb4  _PIE_RESERVED_ISR                     
1     00000ce0  _PieCtrlRegs                          
1     00000d00  _PieVectTable                         
0     000843a0  _PieVectTableInit                     
1     0000fffc  _Q                                    
1     0000fffe  _R                                    
0     00082b82  _RAM_ACCESS_VIOLATION_ISR             
0     00082b6e  _RAM_CORRECTABLE_ERROR_ISR            
0     0008266e  _RTOS_ISR                             
0     0000813b  _RXAINT_recv_ready                    
1     00010280  _RXBuff                               
0     00008172  _RXCINT_recv_ready                    
0     000081a9  _RXDINT_recv_ready                    
0     00084e79  _RamfuncsLoadEnd                      
abs   000002a9  _RamfuncsLoadSize                     
0     00084bd0  _RamfuncsLoadStart                    
0     000082a9  _RamfuncsRunEnd                       
abs   000002a9  _RamfuncsRunSize                      
0     00008000  _RamfuncsRunStart                     
0     00082ca9  _ReleaseFlashPump                     
1     0000ff7a  _RightWheel                           
1     0000ff38  _RightWheelArray                      
1     0000ff88  _RightWheelK                          
1     0000ff8a  _RightWheelK_1                        
1     0001004c  _RightWheel_1                         
1     0000ff7e  _Rightdist                            
1     0005e608  _RomPrefetchRegs                      
1     0005f540  _RomWaitStateRegs                     
0     00082934  _SCIA_RX_ISR                          
0     0008293e  _SCIA_TX_ISR                          
0     00082948  _SCIB_RX_ISR                          
0     00082952  _SCIB_TX_ISR                          
0     0008290c  _SCIC_RX_ISR                          
0     00082916  _SCIC_TX_ISR                          
0     00082920  _SCID_RX_ISR                          
0     0008292a  _SCID_TX_ISR                          
0     00082ad8  _SD1_ISR                              
0     00082ae2  _SD2_ISR                              
0     00082858  _SPIA_RX_ISR                          
0     00082862  _SPIA_TX_ISR                          
0     0008286c  _SPIB_RX_ISR                          
0     00082876  _SPIB_TX_ISR                          
0     0008227b  _SPIB_isr                             
0     00082aec  _SPIC_RX_ISR                          
0     00082af6  _SPIC_TX_ISR                          
0     0008302b  _STANDBY                              
0     00082000  _SWI_isr                              
0     00082b8c  _SYS_PLL_SLIP_ISR                     
1     00007200  _SciaRegs                             
1     00007210  _ScibRegs                             
1     00007220  _ScicRegs                             
1     00007230  _ScidRegs                             
1     00005e00  _Sdfm1Regs                            
1     00005e80  _Sdfm2Regs                            
0     00082c9a  _SeizeFlashPump                       
1     0000ff42  _SendToOrange                         
1     0000d000  _SerialA                              
1     0000dfc0  _SerialC                              
1     0000ef80  _SerialD                              
0     00082cb3  _ServiceDog                           
1     00006100  _SpiaRegs                             
1     0000ff54  _SpibNumCalls                         
1     00006110  _SpibRegs                             
1     0001000c  _Spib_count                           
1     00006120  _SpicRegs                             
1     00007940  _SyncSocRegs                          
0     000082a5  _SysCtl_delay                         
0     00082fce  _SysIntOsc1Sel                        
0     00082fde  _SysIntOsc2Sel                        
0     00082ff2  _SysXtalOscSel                        
1     0000fffa  _T                                    
0     0008274a  _TIMER0_ISR                           
0     00082650  _TIMER1_ISR                           
0     0008265a  _TIMER2_ISR                           
0     00008000  _TXAINT_data_sent                     
0     00008069  _TXCINT_data_sent                     
0     000080d2  _TXDINT_data_sent                     
1     0000ff40  _UARTPrint                            
0     00081e7f  _UART_printfLine                      
0     00081e29  _UART_vprintfLine                     
0     00082b00  _UPPA_ISR                             
0     00082b0a  _USBA_ISR                             
0     000826f0  _USER10_ISR                           
0     000826fa  _USER11_ISR                           
0     00082704  _USER12_ISR                           
0     00082696  _USER1_ISR                            
0     000826a0  _USER2_ISR                            
0     000826aa  _USER3_ISR                            
0     000826b4  _USER4_ISR                            
0     000826be  _USER5_ISR                            
0     000826c8  _USER6_ISR                            
0     000826d2  _USER7_ISR                            
0     000826dc  _USER8_ISR                            
0     000826e6  _USER9_ISR                            
1     00006200  _UppRegs                              
0     00082a42  _VCU_ISR                              
1     0000ff92  _Vel_WhlDiff                          
1     00010036  _Vel_WhlDiff_1                        
0     00082754  _WAKE_ISR                             
1     00007000  _WdRegs                               
1     00010032  _WhlDiff                              
1     00010034  _WhlDiff_1                            
0     0008272c  _XINT1_ISR                            
0     00082736  _XINT2_ISR                            
0     00082a24  _XINT3_ISR                            
0     00082a2e  _XINT4_ISR                            
0     00082a38  _XINT5_ISR                            
1     00007920  _XbarRegs                             
1     00007070  _XintRegs                             
1     0000b800  __STACK_END                           
abs   00000800  __STACK_SIZE                          
1     0001016a  ___TI_cleanup_ptr                     
1     0001016c  ___TI_dtors_ptr                       
1     00010168  ___TI_enable_exit_profile_output      
0     000840ae  ___TI_ltoa                            
abs   ffffffff  ___TI_pprof_out_hndl                  
0     00080b5b  ___TI_printfi                         
abs   ffffffff  ___TI_prof_data_size                  
abs   ffffffff  ___TI_prof_data_start                 
0     000811a7  ___TI_scanfi                          
abs   ffffffff  ___binit__                            
abs   ffffffff  ___c_args__                           
0     000848d8  ___cinit__                            
abs   ffffffff  ___etext__                            
abs   ffffffff  ___pinit__                            
abs   ffffffff  ___text__                             
0     0008431e  __args_main                           
0     00084560  __ctypes_                             
1     0001007c  __lock                                
0     00084379  __nop                                 
0     00084375  __register_lock                       
0     00084371  __register_unlock                     
1     0000b000  __stack                               
0     00081ffe  __system_post_cinit                   
0     00081ffc  __system_pre_init                     
1     0001007e  __unlock                              
0     00084162  _abort                                
1     0000ff46  _accelXraw                            
1     0000ff6e  _accelXreading                        
1     0000ff47  _accelYraw                            
1     0000ff70  _accelYreading                        
1     0000ff48  _accelZraw                            
1     0000ff72  _accelZreading                        
1     0001000e  _accelx                               
1     0000ffe8  _accelx_offset                        
1     00010010  _accely                               
1     0000ffea  _accely_offset                        
1     00010012  _accelz                               
1     0000fff4  _accelzBalancePoint                   
1     0000ffec  _accelz_offset                        
1     0000ff6a  _adc_val1                             
1     0000ff6c  _adc_val2                             
1     0000ff4e  _adca0result                          
1     0000ff4f  _adca1result                          
1     0000ff50  _adcb0result                          
1     0000ff51  _adcb1result                          
1     0000ff4c  _adcd0result                          
1     0000ff4d  _adcd1result                          
0     00081fcb  _atoi                                 
1     00010080  _b                                    
0     00084058  _c_int00                              
1     0001000a  _calibration_count                    
1     0000ff55  _calibration_state                    
[...]
0     00083a0f  _CalAdcINL                            
0     00083a49  _strtol                               
0     00083b1c  _strtoul                              
0     00083bcd  _ldexpl                               
0     00083bcd  _scalbnl                              
0     00083c7b  FD$$ADD                               
0     00083d17  FD$$DIV                               
0     00083da2  FS$$DIV                               
0     00083e2a  FD$$MPY                               
0     00083ead  _InitCpuTimers                        
0     00083eee  _ConfigCpuTimer                       
0     00083f29  _vsscanf                              
0     00083f39  _sscanf                               
0     00083f96  _frexpl                               
0     00083ff0  _memccpy                              
0     00084000  _ldexp                                
0     00084000  _ldexpf                               
0     00084000  _scalbn                               
0     00084000  _scalbnf                              
0     00084058  _c_int00                              
0     000840ae  ___TI_ltoa                            
0     000840de  _vsprintf                             
0     0008410e  FD$$CMP                               
0     00084138  L$$DIV                                
0     00084147  L$$MOD                                
0     00084155  UL$$DIV                               
0     0008415c  UL$$MOD                               
0     00084162  C$$EXIT                               
0     00084162  _abort                                
0     00084164  _exit                                 
0     0008418b  _InitPieCtrl                          
0     000841aa  _EnableInterrupts                     
0     000841b3  _InitPieVectTable                     
0     000841d9  _copysignl                            
0     000841fe  _copy_in                              
0     00084222  FD$$TOI                               
0     00084243  FD$$TOL                               
0     00084262  LL$$CMP                               
0     00084274  ULL$$CMP                              
0     00084280  I$$TOFD                               
0     0008429d  _memcpy                               
0     000842ba  FS$$TOFD                              
0     000842d6  L$$TOFD                               
0     000842f2  LL$$AND                               
0     000842fa  LL$$OR                                
0     00084302  LL$$XOR                               
0     0008430a  LL$$MPY                               
0     0008431e  __args_main                           
0     00084330  _copysign                             
0     00084330  _copysignf                            
0     00084341  FD$$SUB                               
0     0008434f  _strchr                               
0     0008435b  _strrchr                              
0     00084366  U$$DIV                                
0     0008436b  U$$MOD                                
0     00084371  __register_unlock                     
0     00084375  __register_lock                       
0     00084379  __nop                                 
0     0008437a  FD$$NEG                               
0     00084383  _wcslen                               
0     0008438c  _strlen                               
0     00084394  _memset                               
0     0008439b  _strcpy                               
0     000843a0  _PieVectTableInit                     
0     00084560  __ctypes_                             
0     000848d8  ___cinit__                            
0     000848d8  cinit                                 
0     00084bd0  _RamfuncsLoadStart                    
0     00084e79  _RamfuncsLoadEnd                      
1     00000b00  _AdcaResultRegs                       
1     00000b20  _AdcbResultRegs                       
1     00000b40  _AdccResultRegs                       
1     00000b60  _AdcdResultRegs                       
1     00000c00  _CpuTimer0Regs                        
1     00000c08  _CpuTimer1Regs                        
1     00000c10  _CpuTimer2Regs                        
1     00000ce0  _PieCtrlRegs                          
1     00000d00  _EmuBMode                             
1     00000d00  _PieVectTable                         
1     00000d01  _EmuBootPins                          
1     00001000  _DmaRegs                              
1     00001400  _Cla1Regs                             
1     00004000  _EPwm1Regs                            
1     00004100  _EPwm2Regs                            
1     00004200  _EPwm3Regs                            
1     00004300  _EPwm4Regs                            
1     00004400  _EPwm5Regs                            
1     00004500  _EPwm6Regs                            
1     00004600  _EPwm7Regs                            
1     00004700  _EPwm8Regs                            
1     00004800  _EPwm9Regs                            
1     00004900  _EPwm10Regs                           
1     00004a00  _EPwm11Regs                           
1     00004b00  _EPwm12Regs                           
1     00005000  _ECap1Regs                            
1     00005020  _ECap2Regs                            
1     00005040  _ECap3Regs                            
1     00005060  _ECap4Regs                            
1     00005080  _ECap5Regs                            
1     000050a0  _ECap6Regs                            
1     00005100  _EQep1Regs                            
1     00005140  _EQep2Regs                            
1     00005180  _EQep3Regs                            
1     00005c00  _DacaRegs                             
1     00005c10  _DacbRegs                             
1     00005c20  _DaccRegs                             
1     00005c80  _Cmpss1Regs                           
1     00005ca0  _Cmpss2Regs                           
1     00005cc0  _Cmpss3Regs                           
1     00005ce0  _Cmpss4Regs                           
1     00005d00  _Cmpss5Regs                           
1     00005d20  _Cmpss6Regs                           
1     00005d40  _Cmpss7Regs                           
1     00005d60  _Cmpss8Regs                           
1     00005e00  _Sdfm1Regs                            
1     00005e80  _Sdfm2Regs                            
1     00006000  _McbspaRegs                           
1     00006040  _McbspbRegs                           
1     00006100  _SpiaRegs                             
1     00006110  _SpibRegs                             
1     00006120  _SpicRegs                             
1     00006200  _UppRegs                              
1     00007000  _WdRegs                               
1     00007060  _NmiIntruptRegs                       
1     00007070  _XintRegs                             
1     00007200  _SciaRegs                             
1     00007210  _ScibRegs                             
1     00007220  _ScicRegs                             
1     00007230  _ScidRegs                             
1     00007300  _I2caRegs                             
1     00007340  _I2cbRegs                             
1     00007400  _AdcaRegs                             
1     00007480  _AdcbRegs                             
1     00007500  _AdccRegs                             
1     00007580  _AdcdRegs                             
1     00007900  _InputXbarRegs                        
1     00007920  _XbarRegs                             
1     00007940  _SyncSocRegs                          
1     00007980  _DmaClaSrcSelRegs                     
1     00007a00  _EPwmXbarRegs                         
1     00007a80  _OutputXbarRegs                       
1     00007c00  _GpioCtrlRegs                         
1     00007f00  _GpioDataRegs                         
1     0000b000  __stack                               
1     0000b800  __STACK_END                           
1     0000d000  _SerialA                              
1     0000dfc0  _SerialC                              
1     0000ef80  _SerialD                              
1     0000ff30  _LeftWheelArray                       
1     0000ff38  _RightWheelArray                      
1     0000ff40  _UARTPrint                            
1     0000ff41  _LEDdisplaynum                        
1     0000ff42  _SendToOrange                         
1     0000ff43  _count                                
1     0000ff44  _val                                  
1     0000ff45  _dummy                                
1     0000ff46  _accelXraw                            
1     0000ff47  _accelYraw                            
1     0000ff48  _accelZraw                            
1     0000ff49  _gyroXraw                             
1     0000ff4a  _gyroYraw                             
1     0000ff4b  _gyroZraw                             
1     0000ff4c  _adcd0result                          
1     0000ff4d  _adcd1result                          
1     0000ff4e  _adca0result                          
1     0000ff4f  _adca1result                          
1     0000ff50  _adcb0result                          
1     0000ff51  _adcb1result                          
1     0000ff52  _temp                                 
1     0000ff53  _doneCal                              
1     0000ff54  _SpibNumCalls                         
1     0000ff55  _calibration_state                    
1     0000ff56  _collectdata                          
1     0000ff57  _spivalue1                            
1     0000ff58  _spivalue2                            
1     0000ff59  _spivalue3                            
1     0000ff5a  _newData                              
1     0000ff5c  _numTimer0calls                       
1     0000ff5e  _numSWIcalls                          
1     0000ff60  _numRXA                               
1     0000ff62  _numRXD                               
1     0000ff64  _spi_val1                             
1     0000ff66  _spi_val2                             
1     0000ff68  _spi_val3                             
1     0000ff6a  _adc_val1                             
1     0000ff6c  _adc_val2                             
1     0000ff6e  _accelXreading                        
1     0000ff70  _accelYreading                        
1     0000ff72  _accelZreading                        
1     0000ff74  _gyroXreading                         
1     0000ff76  _gyroYreading                         
1     0000ff78  _gyroZreading                         
1     0000ff7a  _RightWheel                           
1     0000ff7c  _LeftWheel                            
1     0000ff7e  _Rightdist                            
1     0000ff80  _Leftdist                             
1     0000ff82  _uLeft                                
1     0000ff84  _uRight                               
1     0000ff86  _LeftWheelK                           
1     0000ff88  _RightWheelK                          
1     0000ff8a  _RightWheelK_1                        
1     0000ff8c  _LeftWheelK_1                         
1     0000ff8e  _v_left                               
1     0000ff90  _v_right                              
1     0000ff92  _Vel_WhlDiff                          
1     0000ff94  _Err_Left                             
1     0000ff96  _I_left_K                             
1     0000ff98  _I_left_K_1                           
1     0000ff9a  _Err_LeftK_1                          
1     0000ff9c  _vleft                                
1     0000ff9e  _Err_Right                            
1     0000ffa0  _I_right_K                            
1     0000ffa2  _I_right_K_1                          
1     0000ffa4  _Err_RightK_1                         
1     0000ffa6  _turn1                                
1     0000ffa8  _turn                                 
1     0000ffaa  _K_turn                               
1     0000ffac  _e_left                               
1     0000ffae  _e_right                              
1     0000ffb0  _e_turn                               
1     0000ffb2  _w_r                                  
1     0000ffb4  _r_wh                                 
1     0000ffb6  _theta_r                              
1     0000ffb8  _theta_l                              
1     0000ffba  _omega_r                              
1     0000ffbc  _omega_l                              
1     0000ffbe  _phi_r                                
1     0000ffc0  _x_r                                  
1     0000ffc2  _y_r                                  
1     0000ffc4  _theta_avg                            
1     0000ffc6  _omega_avg                            
1     0000ffc8  _xr_dot                               
1     0000ffca  _yr_dot                               
1     0000ffcc  _xr                                   
1     0000ffce  _xr_1                                 
1     0000ffd0  _xr_dot_1                             
1     0000ffd2  _yr                                   
1     0000ffd4  _yr_1                                 
1     0000ffd6  _yr_dot_1                             
1     0000ffd8  _e_left_1                             
1     0000ffda  _e_right_1                            
1     0000ffdc  _var0                                 
1     0000ffde  _var1                                 
1     0000ffe0  _var2                                 
1     0000ffe2  _var3                                 
1     0000ffe4  _var4                                 
1     0000ffe6  _var5                                 
1     0000ffe8  _accelx_offset                        
1     0000ffea  _accely_offset                        
1     0000ffec  _accelz_offset                        
1     0000ffee  _gyrox_offset                         
1     0000fff0  _gyroy_offset                         
1     0000fff2  _gyroz_offset                         
1     0000fff4  _accelzBalancePoint                   
1     0000fff6  _tilt_value                           
1     0000fff8  _gyro_value                           
1     0000fffa  _T                                    
1     0000fffc  _Q                                    
1     0000fffe  _R                                    
1     00010000  _kalman_tilt                          
1     00010002  _kalman_P                             
1     00010004  _pred_P                               
1     00010006  _kalman_K                             
1     00010008  _timecount                            
1     0001000a  _calibration_count                    
1     0001000c  _Spib_count                           
1     0001000e  _accelx                               
1     00010010  _accely                               
1     00010012  _accelz                               
1     00010014  _gyrox                                
1     00010016  _gyroy                                
1     00010018  _gyroz                                
1     0001001a  _vel_right                            
1     0001001c  _vel_left                             
1     0001001e  _vel_right_1                          
1     00010020  _vel_left_1                           
1     00010022  _omega_r1                             
1     00010024  _theta_r1                             
1     00010026  _omega_l1                             
1     00010028  _theta_l1                             
1     0001002a  _K1                                   
1     0001002c  _K2                                   
1     0001002e  _K3                                   
1     00010030  _ubal                                 
1     00010032  _WhlDiff                              
1     00010034  _WhlDiff_1                            
1     00010036  _Vel_WhlDiff_1                        
1     00010038  _turn_1                               
1     0001003a  _turnrate                             
1     0001003c  _turnrate_1                           
1     0001003e  _errorDiff                            
1     00010040  _errorDiff_1                          
1     00010042  _intDiff                              
1     00010044  _intDiff_1                            
1     00010046  _Kp                                   
1     00010048  _Kd                                   
1     0001004a  _Ki                                   
1     0001004c  _RightWheel_1                         
1     0001004e  _LeftWheel_1                          
1     00010050  _DVel                                 
1     00010052  _u_right                              
1     00010054  _u_left                               
1     00010056  _Opti_x                               
1     00010058  _Opti_y                               
1     0001005a  _Opti_theta                           
1     0001005c  _Opti_Body                            
1     0001005e  _Opti_Stamp                           
1     00010060  _yk                                   
1     00010062  _OptiRecv                             
1     0001006c  _gyro_array                           
1     00010074  _tilt_array                           
1     0001007c  __lock                                
1     0001007e  __unlock                              
1     00010080  _b                                    
1     0001014a  _CpuTimer0                            
1     00010152  _CpuTimer1                            
1     0001015a  _CpuTimer2                            
1     00010162  _Example_Result                       
1     00010164  _Example_PassCount                    
1     00010166  _Example_Fail                         
1     00010168  ___TI_enable_exit_profile_output      
1     0001016a  ___TI_cleanup_ptr                     
1     0001016c  ___TI_dtors_ptr                       
1     0001016e  _errno                                
1     00010180  _xk                                   
1     00010280  _RXBuff                               
1     00047000  _Emif1Regs                            
1     00047800  _Emif2Regs                            
1     00048000  _CanaRegs                             
1     0004a000  _CanbRegs                             
1     00050000  _IpcRegs                              
1     00050024  _FlashPumpSemaphoreRegs               
1     0005d000  _DevCfgRegs                           
1     0005d180  _AnalogSubsysRegs                     
1     0005d200  _ClkCfgRegs                           
1     0005d300  _CpuSysRegs                           
1     0005e608  _RomPrefetchRegs                      
1     0005f000  _DcsmZ1Regs                           
1     0005f040  _DcsmZ2Regs                           
1     0005f070  _DcsmCommonRegs                       
1     0005f400  _MemCfgRegs                           
1     0005f480  _Emif1ConfigRegs                      
1     0005f4a0  _Emif2ConfigRegs                      
1     0005f4c0  _AccessProtectionRegs                 
1     0005f500  _MemoryErrorRegs                      
1     0005f540  _RomWaitStateRegs                     
1     0005f800  _Flash0CtrlRegs                       
1     0005fb00  _Flash0EccRegs                        
abs   000002a9  _RamfuncsLoadSize                     
abs   000002a9  _RamfuncsRunSize                      
abs   00000800  __STACK_SIZE                          
abs   ffffffff  .text                                 
abs   ffffffff  ___TI_pprof_out_hndl                  
abs   ffffffff  ___TI_prof_data_size                  
abs   ffffffff  ___TI_prof_data_start                 
abs   ffffffff  ___binit__                            
abs   ffffffff  ___c_args__                           
abs   ffffffff  ___etext__                            
abs   ffffffff  ___pinit__                            
abs   ffffffff  ___text__                             
abs   ffffffff  binit                                 
abs   ffffffff  etext                                 
abs   ffffffff  pinit                                 

[591 symbols]
