******************************************************************************
             TMS320C2000 Linker Unix v20.2.2                   
******************************************************************************
>> Linked Fri May 14 10:42:11 2021

OUTPUT FILE NAME:   <final_project.out>
ENTRY POINT SYMBOL: "_c_int00"  address: 0000ea6d


MEMORY CONFIGURATION

         name            origin    length      used     unused   attr    fill
----------------------  --------  ---------  --------  --------  ----  --------
PAGE 0:
  BEGIN                 00000000   00000002  00000002  00000000  RWIX
  RAMM0                 00000123   000002dd  00000008  000002d5  RWIX
  RAMLS04               00008000   00002800  00002800  00000000  RWIX
  RAMD0                 0000b000   00000800  000002f5  0000050b  RWIX
  RAMGS0108             0000d000   00008000  00001df8  00006208  RWIX
  RESET                 003fffc0   00000002  00000000  00000002  RWIX

PAGE 1:
  BOOT_RSVD             00000002   00000121  00000000  00000121  RWIX
  RAMM1                 00000400   000003f8  00000000  000003f8  RWIX
  ADCA_RESULT           00000b00   00000020  00000018  00000008  RWIX
  ADCB_RESULT           00000b20   00000020  00000018  00000008  RWIX
  ADCC_RESULT           00000b40   00000020  00000018  00000008  RWIX
  ADCD_RESULT           00000b60   00000020  00000018  00000008  RWIX
  CPU_TIMER0            00000c00   00000008  00000008  00000000  RWIX
  CPU_TIMER1            00000c08   00000008  00000008  00000000  RWIX
  CPU_TIMER2            00000c10   00000008  00000008  00000000  RWIX
  PIE_CTRL              00000ce0   00000020  0000001a  00000006  RWIX
  PIE_VECT              00000d00   00000200  000001c0  00000040  RWIX
  DMA                   00001000   00000200  000000e0  00000120  RWIX
  CLA1                  00001400   00000040  0000003e  00000002  RWIX
  EPWM1                 00004000   00000100  00000100  00000000  RWIX
  EPWM2                 00004100   00000100  00000100  00000000  RWIX
  EPWM3                 00004200   00000100  00000100  00000000  RWIX
  EPWM4                 00004300   00000100  00000100  00000000  RWIX
  EPWM5                 00004400   00000100  00000100  00000000  RWIX
  EPWM6                 00004500   00000100  00000100  00000000  RWIX
  EPWM7                 00004600   00000100  00000100  00000000  RWIX
  EPWM8                 00004700   00000100  00000100  00000000  RWIX
  EPWM9                 00004800   00000100  00000100  00000000  RWIX
  EPWM10                00004900   00000100  00000100  00000000  RWIX
  EPWM11                00004a00   00000100  00000100  00000000  RWIX
  EPWM12                00004b00   00000100  00000100  00000000  RWIX
  ECAP1                 00005000   00000020  00000020  00000000  RWIX
  ECAP2                 00005020   00000020  00000020  00000000  RWIX
  ECAP3                 00005040   00000020  00000020  00000000  RWIX
  ECAP4                 00005060   00000020  00000020  00000000  RWIX
  ECAP5                 00005080   00000020  00000020  00000000  RWIX
  ECAP6                 000050a0   00000020  00000020  00000000  RWIX
  EQEP1                 00005100   00000040  00000022  0000001e  RWIX
  EQEP2                 00005140   00000040  00000022  0000001e  RWIX
  EQEP3                 00005180   00000040  00000022  0000001e  RWIX
  DACA                  00005c00   00000010  00000008  00000008  RWIX
  DACB                  00005c10   00000010  00000008  00000008  RWIX
  DACC                  00005c20   00000010  00000008  00000008  RWIX
  CMPSS1                00005c80   00000020  00000020  00000000  RWIX
  CMPSS2                00005ca0   00000020  00000020  00000000  RWIX
  CMPSS3                00005cc0   00000020  00000020  00000000  RWIX
  CMPSS4                00005ce0   00000020  00000020  00000000  RWIX
  CMPSS5                00005d00   00000020  00000020  00000000  RWIX
  CMPSS6                00005d20   00000020  00000020  00000000  RWIX
  CMPSS7                00005d40   00000020  00000020  00000000  RWIX
  CMPSS8                00005d60   00000020  00000020  00000000  RWIX
  SDFM1                 00005e00   00000080  00000080  00000000  RWIX
  SDFM2                 00005e80   00000080  00000080  00000000  RWIX
  MCBSPA                00006000   00000040  00000024  0000001c  RWIX
  MCBSPB                00006040   00000040  00000024  0000001c  RWIX
  SPIA                  00006100   00000010  00000010  00000000  RWIX
  SPIB                  00006110   00000010  00000010  00000000  RWIX
  SPIC                  00006120   00000010  00000010  00000000  RWIX
  SPID                  00006130   00000010  00000000  00000010  RWIX
  UPP                   00006200   00000100  00000048  000000b8  RWIX
  WD                    00007000   00000040  0000002b  00000015  RWIX
  NMIINTRUPT            00007060   00000010  00000007  00000009  RWIX
  XINT                  00007070   00000010  0000000b  00000005  RWIX
  SCIA                  00007200   00000010  00000010  00000000  RWIX
  SCIB                  00007210   00000010  00000010  00000000  RWIX
  SCIC                  00007220   00000010  00000010  00000000  RWIX
  SCID                  00007230   00000010  00000010  00000000  RWIX
  I2CA                  00007300   00000040  00000022  0000001e  RWIX
  I2CB                  00007340   00000040  00000022  0000001e  RWIX
  ADCA                  00007400   00000080  00000080  00000000  RWIX
  ADCB                  00007480   00000080  00000080  00000000  RWIX
  ADCC                  00007500   00000080  00000080  00000000  RWIX
  ADCD                  00007580   00000080  00000080  00000000  RWIX
  INPUT_XBAR            00007900   00000020  00000020  00000000  RWIX
  XBAR                  00007920   00000020  00000020  00000000  RWIX
  SYNC_SOC              00007940   00000010  00000006  0000000a  RWIX
  DMACLASRCSEL          00007980   00000040  0000001a  00000026  RWIX
  EPWM_XBAR             00007a00   00000040  00000040  00000000  RWIX
  CLB_XBAR              00007a40   00000040  00000000  00000040  RWIX
  OUTPUT_XBAR           00007a80   00000040  00000040  00000000  RWIX
  GPIOCTRL              00007c00   00000180  00000180  00000000  RWIX
  GPIODAT               00007f00   00000030  00000030  00000000  RWIX
  RAMLS5                0000a800   00000800  00000474  0000038c  RWIX
  RAMD1                 0000b800   00000800  00000800  00000000  RWIX
  RAMGS0915             00015000   00006ff8  00003300  00003cf8  RWIX
  CPU2TOCPU1RAM         0003f800   00000400  00000000  00000400  RWIX
  CPU1TOCPU2RAM         0003fc00   00000400  00000000  00000400  RWIX
  EMIF1                 00047000   00000800  00000070  00000790  RWIX
  EMIF2                 00047800   00000800  00000070  00000790  RWIX
  CANA                  00048000   00000800  00000164  0000069c  RWIX
  CANA_MSG_RAM          00049000   00000800  00000000  00000800  RWIX
  CANB                  0004a000   00000800  00000164  0000069c  RWIX
  CANB_MSG_RAM          0004b000   00000800  00000000  00000800  RWIX
  IPC                   00050000   00000024  00000024  00000000  RWIX
  FLASHPUMPSEMAPHORE    00050024   00000002  00000002  00000000  RWIX
  DEV_CFG               0005d000   00000180  0000012e  00000052  RWIX
  ANALOG_SUBSYS         0005d180   00000080  00000048  00000038  RWIX
  CLK_CFG               0005d200   00000100  00000032  000000ce  RWIX
  CPU_SYS               0005d300   00000100  00000082  0000007e  RWIX
  ROMPREFETCH           0005e608   00000002  00000002  00000000  RWIX
  DCSM_Z1               0005f000   00000030  00000024  0000000c  RWIX
  DCSM_Z2               0005f040   00000030  00000024  0000000c  RWIX
  DCSM_COMMON           0005f070   00000010  00000008  00000008  RWIX
  MEMCFG                0005f400   00000080  00000080  00000000  RWIX
  EMIF1CONFIG           0005f480   00000020  00000020  00000000  RWIX
  EMIF2CONFIG           0005f4a0   00000020  00000020  00000000  RWIX
  ACCESSPROTECTION      0005f4c0   00000040  00000040  00000000  RWIX
  MEMORYERROR           0005f500   00000040  00000040  00000000  RWIX
  ROMWAITSTATE          0005f540   00000002  00000002  00000000  RWIX
  FLASH0_CTRL           0005f800   00000300  00000182  0000017e  RWIX
  FLASH0_ECC            0005fb00   00000040  00000028  00000018  RWIX


SECTION ALLOCATION MAP

 output                                  attributes/
section   page    origin      length       input sections
--------  ----  ----------  ----------   ----------------
codestart 
*          0    00000000    00000002     
                  00000000    00000002     F2837xD_CodeStartBranch.obj (codestart)

.cinit     0    0000b000    000002f5     
                  0000b000    000001ca     Orangepi_main.obj (.cinit)
                  0000b1ca    000000cd     Orangepi_main.obj (.cinit:_b)
                  0000b297    0000000f     device.obj (.cinit)
                  0000b2a6    0000000e     rts2800_fpu32.lib : exit.c.obj (.cinit)
                  0000b2b4    0000000b     Orangepi_main.obj (.cinit:_LeftWheelArray)
                  0000b2bf    0000000b     Orangepi_main.obj (.cinit:_RightWheelArray)
                  0000b2ca    0000000b     Orangepi_main.obj (.cinit:_gyro_array)
                  0000b2d5    0000000b     Orangepi_main.obj (.cinit:_tilt_array)
                  0000b2e0    00000005     rts2800_fpu32.lib : _lock.c.obj (.cinit:__lock)
                  0000b2e5    00000005                       : _lock.c.obj (.cinit:__unlock)
                  0000b2ea    00000005     Orangepi_main.obj (.cinit:_xk)
                  0000b2ef    00000004     rts2800_fpu32.lib : errno.c.obj (.cinit)
                  0000b2f3    00000002     --HOLE-- [fill = 0]

.reset     0    003fffc0    00000002     DSECT
                  003fffc0    00000002     rts2800_fpu32.lib : boot28.asm.obj (.reset)

.stack     1    0000b800    00000800     UNINITIALIZED
                  0000b800    00000800     --HOLE--

.pinit     0    0000b000    00000000     UNINITIALIZED

.econst    1    0000a800    00000474     
                  0000a800    000001c0     F2837xD_PieVect.obj (.econst:_PieVectTableInit)
                  0000a9c0    00000101     rts2800_fpu32.lib : ctype.c.obj (.econst:.string:__ctypes_)
                  0000aac1    00000001     --HOLE-- [fill = 0]
                  0000aac2    00000060     driverlib_coff.lib : sysctl.obj (.econst:.string)
                  0000ab22    00000040     rts2800_fpu32.lib : strtold.c.obj (.econst:_digits)
                  0000ab62    00000026                       : _printfi.c.obj (.econst:.string)
                  0000ab88    00000024                       : strtold.c.obj (.econst:_powerof10)
                  0000abac    00000020                       : strtod.c.obj (.econst:_digits)
                  0000abcc    0000001c                       : _printfi.c.obj (.econst)
                  0000abe8    0000001c                       : s_scalbn.c.obj (.econst)
                  0000ac04    0000001a     Orangepi_main.obj (.econst:.string)
                  0000ac1e    00000013     device.obj (.econst:.string)
                  0000ac31    00000001     --HOLE-- [fill = 0]
                  0000ac32    0000000e     rts2800_fpu32.lib : _scanfi.c.obj (.econst:.string)
                  0000ac40    0000000c                       : strtod.c.obj (.econst:_powerof10)
                  0000ac4c    0000000c                       : strtold.c.obj (.econst)
                  0000ac58    00000008                       : s_frexp.c.obj (.econst)
                  0000ac60    00000007                       : _scanfi.c.obj (.econst:.string:_flit$1)
                  0000ac67    00000006                       : _scanfi.c.obj (.econst:.string:_barr$2)
                  0000ac6d    00000001     --HOLE-- [fill = 0]
                  0000ac6e    00000006                       : s_scalbnf.c.obj (.econst)

.ebss      1    00015000    00003300     UNINITIALIZED
                  00015000    00002f30     F28379dSerial.obj (.ebss)
                  00017f30    00000008     Orangepi_main.obj (.ebss:_LeftWheelArray)
                  00017f38    00000008     Orangepi_main.obj (.ebss:_RightWheelArray)
                  00017f40    0000012c     Orangepi_main.obj (.ebss)
                  0001806c    00000008     Orangepi_main.obj (.ebss:_gyro_array)
                  00018074    00000008     Orangepi_main.obj (.ebss:_tilt_array)
                  0001807c    00000002     rts2800_fpu32.lib : _lock.c.obj (.ebss:__lock)
                  0001807e    00000002                       : _lock.c.obj (.ebss:__unlock)
                  00018080    000000ca     Orangepi_main.obj (.ebss:_b)
                  0001814a    00000018     F2837xD_CpuTimers.obj (.ebss)
                  00018162    00000006     device.obj (.ebss)
                  00018168    00000006     rts2800_fpu32.lib : exit.c.obj (.ebss)
                  0001816e    00000001                       : errno.c.obj (.ebss)
                  0001816f    00000011     --HOLE--
                  00018180    000000ca     Orangepi_main.obj (.ebss:_xk)
                  0001824a    00000036     --HOLE--
                  00018280    00000080     Orangepi_main.obj (.ebss:_RXBuff)

.TI.ramfunc 
*          0    00000123    00000008     
                  00000123    00000004     F2837xD_usDelay.obj (.TI.ramfunc)
                  00000127    00000004     driverlib_coff.lib : sysctl.obj (.TI.ramfunc)

GETBUFFER 
*          0    0003f800    00000000     DSECT

GETWRITEIDX 
*          0    0003f800    00000000     DSECT

PUTREADIDX 
*          0    0003f800    00000000     DSECT

AdcaResultFile 
*          1    00000b00    00000018     UNINITIALIZED
                  00000b00    00000018     F2837xD_GlobalVariableDefs.obj (AdcaResultFile)

AdcbResultFile 
*          1    00000b20    00000018     UNINITIALIZED
                  00000b20    00000018     F2837xD_GlobalVariableDefs.obj (AdcbResultFile)

AdccResultFile 
*          1    00000b40    00000018     UNINITIALIZED
                  00000b40    00000018     F2837xD_GlobalVariableDefs.obj (AdccResultFile)

AdcdResultFile 
*          1    00000b60    00000018     UNINITIALIZED
                  00000b60    00000018     F2837xD_GlobalVariableDefs.obj (AdcdResultFile)

CpuTimer0RegsFile 
*          1    00000c00    00000008     UNINITIALIZED
                  00000c00    00000008     F2837xD_GlobalVariableDefs.obj (CpuTimer0RegsFile)

CpuTimer1RegsFile 
*          1    00000c08    00000008     UNINITIALIZED
                  00000c08    00000008     F2837xD_GlobalVariableDefs.obj (CpuTimer1RegsFile)

CpuTimer2RegsFile 
*          1    00000c10    00000008     UNINITIALIZED
                  00000c10    00000008     F2837xD_GlobalVariableDefs.obj (CpuTimer2RegsFile)

PieCtrlRegsFile 
*          1    00000ce0    0000001a     UNINITIALIZED
                  00000ce0    0000001a     F2837xD_GlobalVariableDefs.obj (PieCtrlRegsFile)

PieVectTableFile 
*          1    00000d00    000001c0     UNINITIALIZED
                  00000d00    000001c0     F2837xD_GlobalVariableDefs.obj (PieVectTableFile)

EmuBModeVar 
*          1    00000d00    00000001     UNINITIALIZED
                  00000d00    00000001     F2837xD_GlobalVariableDefs.obj (EmuBModeVar)

EmuBootPinsVar 
*          1    00000d01    00000001     UNINITIALIZED
                  00000d01    00000001     F2837xD_GlobalVariableDefs.obj (EmuBootPinsVar)

DmaRegsFile 
*          1    00001000    000000e0     UNINITIALIZED
                  00001000    000000e0     F2837xD_GlobalVariableDefs.obj (DmaRegsFile)

Cla1RegsFile 
*          1    00001400    0000003e     UNINITIALIZED
                  00001400    0000003e     F2837xD_GlobalVariableDefs.obj (Cla1RegsFile)

EPwm1RegsFile 
*          1    00004000    00000100     UNINITIALIZED
                  00004000    00000100     F2837xD_GlobalVariableDefs.obj (EPwm1RegsFile)

EPwm2RegsFile 
*          1    00004100    00000100     UNINITIALIZED
                  00004100    00000100     F2837xD_GlobalVariableDefs.obj (EPwm2RegsFile)

EPwm3RegsFile 
*          1    00004200    00000100     UNINITIALIZED
                  00004200    00000100     F2837xD_GlobalVariableDefs.obj (EPwm3RegsFile)

EPwm4RegsFile 
*          1    00004300    00000100     UNINITIALIZED
                  00004300    00000100     F2837xD_GlobalVariableDefs.obj (EPwm4RegsFile)

EPwm5RegsFile 
*          1    00004400    00000100     UNINITIALIZED
                  00004400    00000100     F2837xD_GlobalVariableDefs.obj (EPwm5RegsFile)

EPwm6RegsFile 
*          1    00004500    00000100     UNINITIALIZED
                  00004500    00000100     F2837xD_GlobalVariableDefs.obj (EPwm6RegsFile)

EPwm7RegsFile 
*          1    00004600    00000100     UNINITIALIZED
                  00004600    00000100     F2837xD_GlobalVariableDefs.obj (EPwm7RegsFile)

EPwm8RegsFile 
*          1    00004700    00000100     UNINITIALIZED
                  00004700    00000100     F2837xD_GlobalVariableDefs.obj (EPwm8RegsFile)

EPwm9RegsFile 
*          1    00004800    00000100     UNINITIALIZED
                  00004800    00000100     F2837xD_GlobalVariableDefs.obj (EPwm9RegsFile)

EPwm10RegsFile 
*          1    00004900    00000100     UNINITIALIZED
                  00004900    00000100     F2837xD_GlobalVariableDefs.obj (EPwm10RegsFile)

EPwm11RegsFile 
*          1    00004a00    00000100     UNINITIALIZED
                  00004a00    00000100     F2837xD_GlobalVariableDefs.obj (EPwm11RegsFile)

EPwm12RegsFile 
*          1    00004b00    00000100     UNINITIALIZED
                  00004b00    00000100     F2837xD_GlobalVariableDefs.obj (EPwm12RegsFile)

ECap1RegsFile 
*          1    00005000    00000020     UNINITIALIZED
                  00005000    00000020     F2837xD_GlobalVariableDefs.obj (ECap1RegsFile)

ECap2RegsFile 
*          1    00005020    00000020     UNINITIALIZED
                  00005020    00000020     F2837xD_GlobalVariableDefs.obj (ECap2RegsFile)

ECap3RegsFile 
*          1    00005040    00000020     UNINITIALIZED
                  00005040    00000020     F2837xD_GlobalVariableDefs.obj (ECap3RegsFile)

ECap4RegsFile 
*          1    00005060    00000020     UNINITIALIZED
                  00005060    00000020     F2837xD_GlobalVariableDefs.obj (ECap4RegsFile)

ECap5RegsFile 
*          1    00005080    00000020     UNINITIALIZED
                  00005080    00000020     F2837xD_GlobalVariableDefs.obj (ECap5RegsFile)

ECap6RegsFile 
*          1    000050a0    00000020     UNINITIALIZED
                  000050a0    00000020     F2837xD_GlobalVariableDefs.obj (ECap6RegsFile)

EQep1RegsFile 
*          1    00005100    00000022     UNINITIALIZED
                  00005100    00000022     F2837xD_GlobalVariableDefs.obj (EQep1RegsFile)

EQep2RegsFile 
*          1    00005140    00000022     UNINITIALIZED
                  00005140    00000022     F2837xD_GlobalVariableDefs.obj (EQep2RegsFile)

EQep3RegsFile 
*          1    00005180    00000022     UNINITIALIZED
                  00005180    00000022     F2837xD_GlobalVariableDefs.obj (EQep3RegsFile)

DacaRegsFile 
*          1    00005c00    00000008     UNINITIALIZED
                  00005c00    00000008     F2837xD_GlobalVariableDefs.obj (DacaRegsFile)

DacbRegsFile 
*          1    00005c10    00000008     UNINITIALIZED
                  00005c10    00000008     F2837xD_GlobalVariableDefs.obj (DacbRegsFile)

DaccRegsFile 
*          1    00005c20    00000008     UNINITIALIZED
                  00005c20    00000008     F2837xD_GlobalVariableDefs.obj (DaccRegsFile)

I2caRegsFile 
*          1    00007300    00000022     UNINITIALIZED
                  00007300    00000022     F2837xD_GlobalVariableDefs.obj (I2caRegsFile)

I2cbRegsFile 
*          1    00007340    00000022     UNINITIALIZED
                  00007340    00000022     F2837xD_GlobalVariableDefs.obj (I2cbRegsFile)

AdcaRegsFile 
*          1    00007400    00000080     UNINITIALIZED
                  00007400    00000080     F2837xD_GlobalVariableDefs.obj (AdcaRegsFile)

AdcbRegsFile 
*          1    00007480    00000080     UNINITIALIZED
                  00007480    00000080     F2837xD_GlobalVariableDefs.obj (AdcbRegsFile)

AdccRegsFile 
*          1    00007500    00000080     UNINITIALIZED
                  00007500    00000080     F2837xD_GlobalVariableDefs.obj (AdccRegsFile)

AdcdRegsFile 
*          1    00007580    00000080     UNINITIALIZED
                  00007580    00000080     F2837xD_GlobalVariableDefs.obj (AdcdRegsFile)

CanaRegsFile 
*          1    00048000    00000164     UNINITIALIZED
                  00048000    00000164     F2837xD_GlobalVariableDefs.obj (CanaRegsFile)

CanbRegsFile 
*          1    0004a000    00000164     UNINITIALIZED
                  0004a000    00000164     F2837xD_GlobalVariableDefs.obj (CanbRegsFile)

AnalogSubsysRegsFile 
*          1    0005d180    00000048     UNINITIALIZED
                  0005d180    00000048     F2837xD_GlobalVariableDefs.obj (AnalogSubsysRegsFile)

Cla1SoftIntRegsFile 
*          1    00000ce0    00000004     DSECT
                  00000ce0    00000004     F2837xD_GlobalVariableDefs.obj (Cla1SoftIntRegsFile)

Cmpss1RegsFile 
*          1    00005c80    00000020     UNINITIALIZED
                  00005c80    00000020     F2837xD_GlobalVariableDefs.obj (Cmpss1RegsFile)

Cmpss2RegsFile 
*          1    00005ca0    00000020     UNINITIALIZED
                  00005ca0    00000020     F2837xD_GlobalVariableDefs.obj (Cmpss2RegsFile)

Cmpss3RegsFile 
*          1    00005cc0    00000020     UNINITIALIZED
                  00005cc0    00000020     F2837xD_GlobalVariableDefs.obj (Cmpss3RegsFile)

Cmpss4RegsFile 
*          1    00005ce0    00000020     UNINITIALIZED
                  00005ce0    00000020     F2837xD_GlobalVariableDefs.obj (Cmpss4RegsFile)

Cmpss5RegsFile 
*          1    00005d00    00000020     UNINITIALIZED
                  00005d00    00000020     F2837xD_GlobalVariableDefs.obj (Cmpss5RegsFile)

Cmpss6RegsFile 
*          1    00005d20    00000020     UNINITIALIZED
                  00005d20    00000020     F2837xD_GlobalVariableDefs.obj (Cmpss6RegsFile)

Cmpss7RegsFile 
*          1    00005d40    00000020     UNINITIALIZED
                  00005d40    00000020     F2837xD_GlobalVariableDefs.obj (Cmpss7RegsFile)

Cmpss8RegsFile 
*          1    00005d60    00000020     UNINITIALIZED
                  00005d60    00000020     F2837xD_GlobalVariableDefs.obj (Cmpss8RegsFile)

Sdfm1RegsFile 
*          1    00005e00    00000080     UNINITIALIZED
                  00005e00    00000080     F2837xD_GlobalVariableDefs.obj (Sdfm1RegsFile)

Sdfm2RegsFile 
*          1    00005e80    00000080     UNINITIALIZED
                  00005e80    00000080     F2837xD_GlobalVariableDefs.obj (Sdfm2RegsFile)

McbspaRegsFile 
*          1    00006000    00000024     UNINITIALIZED
                  00006000    00000024     F2837xD_GlobalVariableDefs.obj (McbspaRegsFile)

McbspbRegsFile 
*          1    00006040    00000024     UNINITIALIZED
                  00006040    00000024     F2837xD_GlobalVariableDefs.obj (McbspbRegsFile)

SpiaRegsFile 
*          1    00006100    00000010     UNINITIALIZED
                  00006100    00000010     F2837xD_GlobalVariableDefs.obj (SpiaRegsFile)

SpibRegsFile 
*          1    00006110    00000010     UNINITIALIZED
                  00006110    00000010     F2837xD_GlobalVariableDefs.obj (SpibRegsFile)

SpicRegsFile 
*          1    00006120    00000010     UNINITIALIZED
                  00006120    00000010     F2837xD_GlobalVariableDefs.obj (SpicRegsFile)

UppRegsFile 
*          1    00006200    00000048     UNINITIALIZED
                  00006200    00000048     F2837xD_GlobalVariableDefs.obj (UppRegsFile)

WdRegsFile 
*          1    00007000    0000002b     UNINITIALIZED
                  00007000    0000002b     F2837xD_GlobalVariableDefs.obj (WdRegsFile)

NmiIntruptRegsFile 
*          1    00007060    00000007     UNINITIALIZED
                  00007060    00000007     F2837xD_GlobalVariableDefs.obj (NmiIntruptRegsFile)

XintRegsFile 
*          1    00007070    0000000b     UNINITIALIZED
                  00007070    0000000b     F2837xD_GlobalVariableDefs.obj (XintRegsFile)

SciaRegsFile 
*          1    00007200    00000010     UNINITIALIZED
                  00007200    00000010     F2837xD_GlobalVariableDefs.obj (SciaRegsFile)

ScibRegsFile 
*          1    00007210    00000010     UNINITIALIZED
                  00007210    00000010     F2837xD_GlobalVariableDefs.obj (ScibRegsFile)

ScicRegsFile 
*          1    00007220    00000010     UNINITIALIZED
                  00007220    00000010     F2837xD_GlobalVariableDefs.obj (ScicRegsFile)

ScidRegsFile 
*          1    00007230    00000010     UNINITIALIZED
                  00007230    00000010     F2837xD_GlobalVariableDefs.obj (ScidRegsFile)

InputXbarRegsFile 
*          1    00007900    00000020     UNINITIALIZED
                  00007900    00000020     F2837xD_GlobalVariableDefs.obj (InputXbarRegsFile)

XbarRegsFile 
*          1    00007920    00000020     UNINITIALIZED
                  00007920    00000020     F2837xD_GlobalVariableDefs.obj (XbarRegsFile)

SyncSocRegsFile 
*          1    00007940    00000006     UNINITIALIZED
                  00007940    00000006     F2837xD_GlobalVariableDefs.obj (SyncSocRegsFile)

DmaClaSrcSelRegsFile 
*          1    00007980    0000001a     UNINITIALIZED
                  00007980    0000001a     F2837xD_GlobalVariableDefs.obj (DmaClaSrcSelRegsFile)

EPwmXbarRegsFile 
*          1    00007a00    00000040     UNINITIALIZED
                  00007a00    00000040     F2837xD_GlobalVariableDefs.obj (EPwmXbarRegsFile)

OutputXbarRegsFile 
*          1    00007a80    00000040     UNINITIALIZED
                  00007a80    00000040     F2837xD_GlobalVariableDefs.obj (OutputXbarRegsFile)

GpioCtrlRegsFile 
*          1    00007c00    00000180     UNINITIALIZED
                  00007c00    00000180     F2837xD_GlobalVariableDefs.obj (GpioCtrlRegsFile)

GpioDataRegsFile 
*          1    00007f00    00000030     UNINITIALIZED
                  00007f00    00000030     F2837xD_GlobalVariableDefs.obj (GpioDataRegsFile)

Emif1RegsFile 
*          1    00047000    00000070     UNINITIALIZED
                  00047000    00000070     F2837xD_GlobalVariableDefs.obj (Emif1RegsFile)

Emif2RegsFile 
*          1    00047800    00000070     UNINITIALIZED
                  00047800    00000070     F2837xD_GlobalVariableDefs.obj (Emif2RegsFile)

IpcRegsFile 
*          1    00050000    00000024     UNINITIALIZED
                  00050000    00000024     F2837xD_GlobalVariableDefs.obj (IpcRegsFile)

FlashPumpSemaphoreRegsFile 
*          1    00050024    00000002     UNINITIALIZED
                  00050024    00000002     F2837xD_GlobalVariableDefs.obj (FlashPumpSemaphoreRegsFile)

RomPrefetchRegsFile 
*          1    0005e608    00000002     UNINITIALIZED
                  0005e608    00000002     F2837xD_GlobalVariableDefs.obj (RomPrefetchRegsFile)

DcsmZ1RegsFile 
*          1    0005f000    00000024     UNINITIALIZED
                  0005f000    00000024     F2837xD_GlobalVariableDefs.obj (DcsmZ1RegsFile)

DcsmZ2RegsFile 
*          1    0005f040    00000024     UNINITIALIZED
                  0005f040    00000024     F2837xD_GlobalVariableDefs.obj (DcsmZ2RegsFile)

DcsmCommonRegsFile 
*          1    0005f070    00000008     UNINITIALIZED
                  0005f070    00000008     F2837xD_GlobalVariableDefs.obj (DcsmCommonRegsFile)

MemCfgRegsFile 
*          1    0005f400    00000080     UNINITIALIZED
                  0005f400    00000080     F2837xD_GlobalVariableDefs.obj (MemCfgRegsFile)

Emif1ConfigRegsFile 
*          1    0005f480    00000020     UNINITIALIZED
                  0005f480    00000020     F2837xD_GlobalVariableDefs.obj (Emif1ConfigRegsFile)

Emif2ConfigRegsFile 
*          1    0005f4a0    00000020     UNINITIALIZED
                  0005f4a0    00000020     F2837xD_GlobalVariableDefs.obj (Emif2ConfigRegsFile)

AccessProtectionRegsFile 
*          1    0005f4c0    00000040     UNINITIALIZED
                  0005f4c0    00000040     F2837xD_GlobalVariableDefs.obj (AccessProtectionRegsFile)

MemoryErrorRegsFile 
*          1    0005f500    00000040     UNINITIALIZED
                  0005f500    00000040     F2837xD_GlobalVariableDefs.obj (MemoryErrorRegsFile)

RomWaitStateRegsFile 
*          1    0005f540    00000002     UNINITIALIZED
                  0005f540    00000002     F2837xD_GlobalVariableDefs.obj (RomWaitStateRegsFile)

Flash0CtrlRegsFile 
*          1    0005f800    00000182     UNINITIALIZED
                  0005f800    00000182     F2837xD_GlobalVariableDefs.obj (Flash0CtrlRegsFile)

Flash0EccRegsFile 
*          1    0005fb00    00000028     UNINITIALIZED
                  0005fb00    00000028     F2837xD_GlobalVariableDefs.obj (Flash0EccRegsFile)

DevCfgRegsFile 
*          1    0005d000    0000012e     UNINITIALIZED
                  0005d000    0000012e     F2837xD_GlobalVariableDefs.obj (DevCfgRegsFile)

ClkCfgRegsFile 
*          1    0005d200    00000032     UNINITIALIZED
                  0005d200    00000032     F2837xD_GlobalVariableDefs.obj (ClkCfgRegsFile)

CpuSysRegsFile 
*          1    0005d300    00000082     UNINITIALIZED
                  0005d300    00000082     F2837xD_GlobalVariableDefs.obj (CpuSysRegsFile)

.text.1    0    00008000    00002800     
                  00008000    00000ce4     rts2800_fpu32.lib : _printfi.c.obj (.text)
                  00008ce4    000007b5                       : _scanfi.c.obj (.text)
                  00009499    00000739     Orangepi_main.obj (.text)
                  00009bd2    00000650     Orangepi_main.obj (.text:retain)
                  0000a222    00000585     F2837xD_DefaultISR.obj (.text:retain)
                  0000a7a7    00000058     rts2800_fpu32.lib : s_scalbnf.c.obj (.text)
                  0000a7ff    00000001                       : startup.c.obj (.text)

.text.2    0    0000d000    00001df8     
                  0000d000    000004ab     F2837xD_SysCtrl.obj (.text)
                  0000d4ab    0000033c     F28379dSerial.obj (.text)
                  0000d7e7    00000283     rts2800_fpu32.lib : strtold.c.obj (.text)
                  0000da6a    00000244     F2837xD_Gpio.obj (.text)
                  0000dcae    000001ff     rts2800_fpu32.lib : strtod.c.obj (.text)
                  0000dead    000001e0     F28379dSerial.obj (.text:retain)
                  0000e08d    0000013f     rts2800_fpu32.lib : strtoll.c.obj (.text)
                  0000e1cc    00000107                       : ll_div28.asm.obj (.text)
                  0000e2d3    00000103                       : strtoull.c.obj (.text)
                  0000e3d6    000000f0     F2837xD_Adc.obj (.text)
                  0000e4c6    000000d3     rts2800_fpu32.lib : strtol.c.obj (.text)
                  0000e599    000000b1                       : strtoul.c.obj (.text)
                  0000e64a    000000ae                       : s_scalbn.c.obj (.text)
                  0000e6f8    0000009c                       : fd_add28.asm.obj (.text)
                  0000e794    0000008b                       : fd_div28.asm.obj (.text)
                  0000e81f    00000088                       : fs_div28.asm.obj (.text)
                  0000e8a7    00000083                       : fd_mpy28.asm.obj (.text)
                  0000e92a    0000007c     F2837xD_CpuTimers.obj (.text)
                  0000e9a6    0000006d     rts2800_fpu32.lib : sscanf.c.obj (.text)
                  0000ea13    0000005a                       : s_frexp.c.obj (.text)
                  0000ea6d    00000056                       : boot28.asm.obj (.text)
                  0000eac3    00000031                       : atoi.c.obj (.text)
                  0000eaf4    00000030                       : _ltoa.c.obj (.text)
                  0000eb24    00000030                       : vsprintf.c.obj (.text)
                  0000eb54    0000002a                       : fd_cmp28.asm.obj (.text)
                  0000eb7e    0000002a                       : l_div28.asm.obj (.text)
                  0000eba8    00000029                       : exit.c.obj (.text)
                  0000ebd1    00000028     F2837xD_PieCtrl.obj (.text)
                  0000ebf9    00000026     F2837xD_PieVect.obj (.text)
                  0000ec1f    00000025     rts2800_fpu32.lib : s_copysign.c.obj (.text)
                  0000ec44    00000024                       : cpy_tbl.c.obj (.text)
                  0000ec68    00000021                       : fd_toi28.asm.obj (.text)
                  0000ec89    0000001f                       : fd_tol28.asm.obj (.text)
                  0000eca8    0000001e                       : ll_cmp28.asm.obj (.text)
                  0000ecc6    0000001d                       : i_tofd28.asm.obj (.text)
                  0000ece3    0000001d                       : memcpy.c.obj (.text)
                  0000ed00    0000001c                       : fs_tofdfpu32.asm.obj (.text)
                  0000ed1c    0000001c                       : l_tofd28.asm.obj (.text)
                  0000ed38    00000018                       : ll_aox28.asm.obj (.text)
                  0000ed50    00000014                       : ll_mpy28.asm.obj (.text)
                  0000ed64    00000012                       : args_main.c.obj (.text)
                  0000ed76    00000011                       : s_copysignf.c.obj (.text)
                  0000ed87    00000010                       : memccpy.c.obj (.text)
                  0000ed97    0000000e                       : fd_sub28.asm.obj (.text)
                  0000eda5    0000000c                       : strchr.c.obj (.text)
                  0000edb1    0000000b                       : strrchr.c.obj (.text)
                  0000edbc    0000000b                       : u_div28.asm.obj (.text)
                  0000edc7    00000009                       : _lock.c.obj (.text)
                  0000edd0    00000009                       : fd_neg28.asm.obj (.text)
                  0000edd9    00000009                       : wcslen.c.obj (.text)
                  0000ede2    00000008                       : strlen.c.obj (.text)
                  0000edea    00000007                       : memset.c.obj (.text)
                  0000edf1    00000005                       : strcpy.c.obj (.text)
                  0000edf6    00000002                       : pre_init.c.obj (.text)

MODULE SUMMARY

       Module                           code    initialized data   uninitialized data
       ------                           ----    ----------------   ------------------
    ./
       F28379dSerial.obj                1308    0                  12080             
       F2837xD_GlobalVariableDefs.obj   0       0                  8695              
       Orangepi_main.obj                3465    738                864               
       F2837xD_DefaultISR.obj           1413    0                  0                 
       F2837xD_SysCtrl.obj              1195    0                  0                 
       F2837xD_Gpio.obj                 580     0                  0                 
       F2837xD_PieVect.obj              38      448                0                 
       F2837xD_Adc.obj                  240     0                  0                 
       F2837xD_CpuTimers.obj            124     0                  24                
       F2837xD_PieCtrl.obj              40      0                  0                 
       F2837xD_usDelay.obj              4       0                  0                 
       F2837xD_CodeStartBranch.obj      2       0                  0                 
    +--+--------------------------------+-------+------------------+--------------------+
       Total:                           8409    1186               21663             
                                                                                     
    ./device/
       device.obj                       0       34                 6                 
    +--+--------------------------------+-------+------------------+--------------------+
       Total:                           0       34                 6                 
                                                                                     
    /Applications/ti/ccs1020/ccs/tools/compiler/ti-cgt-c2000_20.2.2.LTS/lib/rts2800_fpu32.lib
       _printfi.c.obj                   3300    66                 0                 
       _scanfi.c.obj                    1973    27                 0                 
       strtold.c.obj                    643     112                0                 
       strtod.c.obj                     511     44                 0                 
       strtoll.c.obj                    319     0                  0                 
       ll_div28.asm.obj                 263     0                  0                 
       strtoull.c.obj                   259     0                  0                 
       ctype.c.obj                      0       257                0                 
       strtol.c.obj                     211     0                  0                 
       s_scalbn.c.obj                   174     28                 0                 
       strtoul.c.obj                    177     0                  0                 
       fd_add28.asm.obj                 156     0                  0                 
       fd_div28.asm.obj                 139     0                  0                 
       fs_div28.asm.obj                 136     0                  0                 
       fd_mpy28.asm.obj                 131     0                  0                 
       sscanf.c.obj                     109     0                  0                 
       s_frexp.c.obj                    90      8                  0                 
       s_scalbnf.c.obj                  88      6                  0                 
       boot28.asm.obj                   86      0                  0                 
       exit.c.obj                       41      14                 6                 
       atoi.c.obj                       49      0                  0                 
       _ltoa.c.obj                      48      0                  0                 
       vsprintf.c.obj                   48      0                  0                 
       fd_cmp28.asm.obj                 42      0                  0                 
       l_div28.asm.obj                  42      0                  0                 
       s_copysign.c.obj                 37      0                  0                 
       cpy_tbl.c.obj                    36      0                  0                 
       fd_toi28.asm.obj                 33      0                  0                 
       fd_tol28.asm.obj                 31      0                  0                 
       ll_cmp28.asm.obj                 30      0                  0                 
       i_tofd28.asm.obj                 29      0                  0                 
       memcpy.c.obj                     29      0                  0                 
       fs_tofdfpu32.asm.obj             28      0                  0                 
       l_tofd28.asm.obj                 28      0                  0                 
       ll_aox28.asm.obj                 24      0                  0                 
       _lock.c.obj                      9       10                 4                 
       ll_mpy28.asm.obj                 20      0                  0                 
       args_main.c.obj                  18      0                  0                 
       s_copysignf.c.obj                17      0                  0                 
       memccpy.c.obj                    16      0                  0                 
       fd_sub28.asm.obj                 14      0                  0                 
       strchr.c.obj                     12      0                  0                 
       strrchr.c.obj                    11      0                  0                 
       u_div28.asm.obj                  11      0                  0                 
       fd_neg28.asm.obj                 9       0                  0                 
       wcslen.c.obj                     9       0                  0                 
       strlen.c.obj                     8       0                  0                 
       memset.c.obj                     7       0                  0                 
       errno.c.obj                      0       4                  1                 
       strcpy.c.obj                     5       0                  0                 
       pre_init.c.obj                   2       0                  0                 
       startup.c.obj                    1       0                  0                 
    +--+--------------------------------+-------+------------------+--------------------+
       Total:                           9509    576                11                
                                                                                     
    /Users/sagarsachdev/Documents/SP2021 CLASSES/SE 423/sagars2_SE423/C2000Ware_3_02_00_00_F28379D/driverlib/f2837xd/driverlib/ccs/Debug/driverlib_coff.lib
       sysctl.obj                       4       96                 0                 
    +--+--------------------------------+-------+------------------+--------------------+
       Total:                           4       96                 0                 
                                                                                     
       Stack:                           0       0                  2048              
    +--+--------------------------------+-------+------------------+--------------------+
       Grand Total:                     17922   1892               23728             


GLOBAL DATA SYMBOLS: SORTED BY DATA PAGE

address     data page           name
--------    ----------------    ----
00000b00      2c (00000b00)     _AdcaResultRegs
00000b20      2c (00000b00)     _AdcbResultRegs

00000b40      2d (00000b40)     _AdccResultRegs
00000b60      2d (00000b40)     _AdcdResultRegs

00000c00      30 (00000c00)     _CpuTimer0Regs
00000c08      30 (00000c00)     _CpuTimer1Regs
00000c10      30 (00000c00)     _CpuTimer2Regs

00000ce0      33 (00000cc0)     _Cla1SoftIntRegs
00000ce0      33 (00000cc0)     _PieCtrlRegs

00000d00      34 (00000d00)     _EmuBMode
00000d00      34 (00000d00)     _PieVectTable
00000d01      34 (00000d00)     _EmuBootPins

00001000      40 (00001000)     _DmaRegs

00001400      50 (00001400)     _Cla1Regs

00004000     100 (00004000)     _EPwm1Regs

00004100     104 (00004100)     _EPwm2Regs

00004200     108 (00004200)     _EPwm3Regs

00004300     10c (00004300)     _EPwm4Regs

00004400     110 (00004400)     _EPwm5Regs

00004500     114 (00004500)     _EPwm6Regs

00004600     118 (00004600)     _EPwm7Regs

00004700     11c (00004700)     _EPwm8Regs

00004800     120 (00004800)     _EPwm9Regs

00004900     124 (00004900)     _EPwm10Regs

00004a00     128 (00004a00)     _EPwm11Regs

00004b00     12c (00004b00)     _EPwm12Regs

00005000     140 (00005000)     _ECap1Regs
00005020     140 (00005000)     _ECap2Regs

00005040     141 (00005040)     _ECap3Regs
00005060     141 (00005040)     _ECap4Regs

00005080     142 (00005080)     _ECap5Regs
000050a0     142 (00005080)     _ECap6Regs

00005100     144 (00005100)     _EQep1Regs

00005140     145 (00005140)     _EQep2Regs

00005180     146 (00005180)     _EQep3Regs

00005c00     170 (00005c00)     _DacaRegs
00005c10     170 (00005c00)     _DacbRegs
00005c20     170 (00005c00)     _DaccRegs

00005c80     172 (00005c80)     _Cmpss1Regs
00005ca0     172 (00005c80)     _Cmpss2Regs

00005cc0     173 (00005cc0)     _Cmpss3Regs
00005ce0     173 (00005cc0)     _Cmpss4Regs

00005d00     174 (00005d00)     _Cmpss5Regs
00005d20     174 (00005d00)     _Cmpss6Regs

00005d40     175 (00005d40)     _Cmpss7Regs
00005d60     175 (00005d40)     _Cmpss8Regs

00005e00     178 (00005e00)     _Sdfm1Regs

00005e80     17a (00005e80)     _Sdfm2Regs

00006000     180 (00006000)     _McbspaRegs

00006040     181 (00006040)     _McbspbRegs

00006100     184 (00006100)     _SpiaRegs
00006110     184 (00006100)     _SpibRegs
00006120     184 (00006100)     _SpicRegs

00006200     188 (00006200)     _UppRegs

00007000     1c0 (00007000)     _WdRegs

00007060     1c1 (00007040)     _NmiIntruptRegs
00007070     1c1 (00007040)     _XintRegs

00007200     1c8 (00007200)     _SciaRegs
00007210     1c8 (00007200)     _ScibRegs
00007220     1c8 (00007200)     _ScicRegs
00007230     1c8 (00007200)     _ScidRegs

00007300     1cc (00007300)     _I2caRegs

00007340     1cd (00007340)     _I2cbRegs

00007400     1d0 (00007400)     _AdcaRegs

00007480     1d2 (00007480)     _AdcbRegs

00007500     1d4 (00007500)     _AdccRegs

00007580     1d6 (00007580)     _AdcdRegs

00007900     1e4 (00007900)     _InputXbarRegs
00007920     1e4 (00007900)     _XbarRegs

00007940     1e5 (00007940)     _SyncSocRegs

00007980     1e6 (00007980)     _DmaClaSrcSelRegs

00007a00     1e8 (00007a00)     _EPwmXbarRegs

00007a80     1ea (00007a80)     _OutputXbarRegs

00007c00     1f0 (00007c00)     _GpioCtrlRegs

00007f00     1fc (00007f00)     _GpioDataRegs

0000a800     2a0 (0000a800)     _PieVectTableInit

0000a9c0     2a7 (0000a9c0)     __ctypes_

0000b800     2e0 (0000b800)     __stack

00015000     540 (00015000)     _SerialA

00015fc0     57f (00015fc0)     _SerialC

00016f80     5be (00016f80)     _SerialD

00017f30     5fc (00017f00)     _LeftWheelArray
00017f38     5fc (00017f00)     _RightWheelArray

00017f40     5fd (00017f40)     _UARTPrint
00017f41     5fd (00017f40)     _LEDdisplaynum
00017f42     5fd (00017f40)     _SendToOrange
00017f43     5fd (00017f40)     _count
00017f44     5fd (00017f40)     _val
00017f45     5fd (00017f40)     _dummy
00017f46     5fd (00017f40)     _accelXraw
00017f47     5fd (00017f40)     _accelYraw
00017f48     5fd (00017f40)     _accelZraw
00017f49     5fd (00017f40)     _gyroXraw
00017f4a     5fd (00017f40)     _gyroYraw
00017f4b     5fd (00017f40)     _gyroZraw
00017f4c     5fd (00017f40)     _adcd0result
00017f4d     5fd (00017f40)     _adcd1result
00017f4e     5fd (00017f40)     _adca0result
00017f4f     5fd (00017f40)     _adca1result
00017f50     5fd (00017f40)     _adcb0result
00017f51     5fd (00017f40)     _adcb1result
00017f52     5fd (00017f40)     _temp
00017f53     5fd (00017f40)     _doneCal
00017f54     5fd (00017f40)     _SpibNumCalls
00017f55     5fd (00017f40)     _calibration_state
00017f56     5fd (00017f40)     _collectdata
00017f57     5fd (00017f40)     _spivalue1
00017f58     5fd (00017f40)     _spivalue2
00017f59     5fd (00017f40)     _spivalue3
00017f5a     5fd (00017f40)     _newData
00017f5c     5fd (00017f40)     _numTimer0calls
00017f5e     5fd (00017f40)     _numSWIcalls
00017f60     5fd (00017f40)     _numRXA
00017f62     5fd (00017f40)     _numRXD
00017f64     5fd (00017f40)     _spi_val1
00017f66     5fd (00017f40)     _spi_val2
00017f68     5fd (00017f40)     _spi_val3
00017f6a     5fd (00017f40)     _adc_val1
00017f6c     5fd (00017f40)     _adc_val2
00017f6e     5fd (00017f40)     _accelXreading
00017f70     5fd (00017f40)     _accelYreading
00017f72     5fd (00017f40)     _accelZreading
00017f74     5fd (00017f40)     _gyroXreading
00017f76     5fd (00017f40)     _gyroYreading
00017f78     5fd (00017f40)     _gyroZreading
00017f7a     5fd (00017f40)     _RightWheel
00017f7c     5fd (00017f40)     _LeftWheel
00017f7e     5fd (00017f40)     _Rightdist

00017f80     5fe (00017f80)     _Leftdist
00017f82     5fe (00017f80)     _uLeft
00017f84     5fe (00017f80)     _uRight
00017f86     5fe (00017f80)     _LeftWheelK
00017f88     5fe (00017f80)     _RightWheelK
00017f8a     5fe (00017f80)     _RightWheelK_1
00017f8c     5fe (00017f80)     _LeftWheelK_1
00017f8e     5fe (00017f80)     _v_left
00017f90     5fe (00017f80)     _v_right
00017f92     5fe (00017f80)     _Vel_WhlDiff
00017f94     5fe (00017f80)     _Err_Left
00017f96     5fe (00017f80)     _I_left_K
00017f98     5fe (00017f80)     _I_left_K_1
00017f9a     5fe (00017f80)     _Err_LeftK_1
00017f9c     5fe (00017f80)     _vleft
00017f9e     5fe (00017f80)     _Err_Right
00017fa0     5fe (00017f80)     _I_right_K
00017fa2     5fe (00017f80)     _I_right_K_1
00017fa4     5fe (00017f80)     _Err_RightK_1
00017fa6     5fe (00017f80)     _turn1
00017fa8     5fe (00017f80)     _turn
00017faa     5fe (00017f80)     _K_turn
00017fac     5fe (00017f80)     _e_left
00017fae     5fe (00017f80)     _e_right
00017fb0     5fe (00017f80)     _e_turn
00017fb2     5fe (00017f80)     _w_r
00017fb4     5fe (00017f80)     _r_wh
00017fb6     5fe (00017f80)     _theta_r
00017fb8     5fe (00017f80)     _theta_l
00017fba     5fe (00017f80)     _omega_r
00017fbc     5fe (00017f80)     _omega_l
00017fbe     5fe (00017f80)     _phi_r

00017fc0     5ff (00017fc0)     _x_r
00017fc2     5ff (00017fc0)     _y_r
00017fc4     5ff (00017fc0)     _theta_avg
00017fc6     5ff (00017fc0)     _omega_avg
00017fc8     5ff (00017fc0)     _xr_dot
00017fca     5ff (00017fc0)     _yr_dot
00017fcc     5ff (00017fc0)     _xr
00017fce     5ff (00017fc0)     _xr_1
00017fd0     5ff (00017fc0)     _xr_dot_1
00017fd2     5ff (00017fc0)     _yr
00017fd4     5ff (00017fc0)     _yr_1
00017fd6     5ff (00017fc0)     _yr_dot_1
00017fd8     5ff (00017fc0)     _e_left_1
00017fda     5ff (00017fc0)     _e_right_1
00017fdc     5ff (00017fc0)     _var0
00017fde     5ff (00017fc0)     _var1
00017fe0     5ff (00017fc0)     _var2
00017fe2     5ff (00017fc0)     _var3
00017fe4     5ff (00017fc0)     _var4
00017fe6     5ff (00017fc0)     _var5
00017fe8     5ff (00017fc0)     _accelx_offset
00017fea     5ff (00017fc0)     _accely_offset
00017fec     5ff (00017fc0)     _accelz_offset
00017fee     5ff (00017fc0)     _gyrox_offset
00017ff0     5ff (00017fc0)     _gyroy_offset
00017ff2     5ff (00017fc0)     _gyroz_offset
00017ff4     5ff (00017fc0)     _accelzBalancePoint
00017ff6     5ff (00017fc0)     _tilt_value
00017ff8     5ff (00017fc0)     _gyro_value
00017ffa     5ff (00017fc0)     _T
00017ffc     5ff (00017fc0)     _Q
00017ffe     5ff (00017fc0)     _R

00018000     600 (00018000)     _kalman_tilt
00018002     600 (00018000)     _kalman_P
00018004     600 (00018000)     _pred_P
00018006     600 (00018000)     _kalman_K
00018008     600 (00018000)     _timecount
0001800a     600 (00018000)     _calibration_count
0001800c     600 (00018000)     _Spib_count
0001800e     600 (00018000)     _accelx
00018010     600 (00018000)     _accely
00018012     600 (00018000)     _accelz
00018014     600 (00018000)     _gyrox
00018016     600 (00018000)     _gyroy
00018018     600 (00018000)     _gyroz
0001801a     600 (00018000)     _vel_right
0001801c     600 (00018000)     _vel_left
0001801e     600 (00018000)     _vel_right_1
00018020     600 (00018000)     _vel_left_1
00018022     600 (00018000)     _omega_r1
00018024     600 (00018000)     _theta_r1
00018026     600 (00018000)     _omega_l1
00018028     600 (00018000)     _theta_l1
0001802a     600 (00018000)     _K1
0001802c     600 (00018000)     _K2
0001802e     600 (00018000)     _K3
00018030     600 (00018000)     _ubal
00018032     600 (00018000)     _WhlDiff
00018034     600 (00018000)     _WhlDiff_1
00018036     600 (00018000)     _Vel_WhlDiff_1
00018038     600 (00018000)     _turn_1
0001803a     600 (00018000)     _turnrate
0001803c     600 (00018000)     _turnrate_1
0001803e     600 (00018000)     _errorDiff

00018040     601 (00018040)     _errorDiff_1
00018042     601 (00018040)     _intDiff
00018044     601 (00018040)     _intDiff_1
00018046     601 (00018040)     _Kp
00018048     601 (00018040)     _Kd
0001804a     601 (00018040)     _Ki
0001804c     601 (00018040)     _RightWheel_1
0001804e     601 (00018040)     _LeftWheel_1
00018050     601 (00018040)     _DVel
00018052     601 (00018040)     _u_right
00018054     601 (00018040)     _u_left
00018056     601 (00018040)     _Opti_x
00018058     601 (00018040)     _Opti_y
0001805a     601 (00018040)     _Opti_theta
0001805c     601 (00018040)     _Opti_Body
0001805e     601 (00018040)     _Opti_Stamp
00018060     601 (00018040)     _yk
00018062     601 (00018040)     _OptiRecv
0001806c     601 (00018040)     _gyro_array
00018074     601 (00018040)     _tilt_array
0001807c     601 (00018040)     __lock
0001807e     601 (00018040)     __unlock

00018080     602 (00018080)     _b

0001814a     605 (00018140)     _CpuTimer0
00018152     605 (00018140)     _CpuTimer1
0001815a     605 (00018140)     _CpuTimer2
00018162     605 (00018140)     _Example_Result
00018164     605 (00018140)     _Example_PassCount
00018166     605 (00018140)     _Example_Fail
00018168     605 (00018140)     ___TI_enable_exit_profile_output
0001816a     605 (00018140)     ___TI_cleanup_ptr
0001816c     605 (00018140)     ___TI_dtors_ptr
0001816e     605 (00018140)     _errno

00018180     606 (00018180)     _xk

00018280     60a (00018280)     _RXBuff

00047000    11c0 (00047000)     _Emif1Regs

00047800    11e0 (00047800)     _Emif2Regs

00048000    1200 (00048000)     _CanaRegs

0004a000    1280 (0004a000)     _CanbRegs

00050000    1400 (00050000)     _IpcRegs
00050024    1400 (00050000)     _FlashPumpSemaphoreRegs

0005d000    1740 (0005d000)     _DevCfgRegs

0005d180    1746 (0005d180)     _AnalogSubsysRegs

0005d200    1748 (0005d200)     _ClkCfgRegs

0005d300    174c (0005d300)     _CpuSysRegs

0005e608    1798 (0005e600)     _RomPrefetchRegs

0005f000    17c0 (0005f000)     _DcsmZ1Regs

0005f040    17c1 (0005f040)     _DcsmZ2Regs
0005f070    17c1 (0005f040)     _DcsmCommonRegs

0005f400    17d0 (0005f400)     _MemCfgRegs

0005f480    17d2 (0005f480)     _Emif1ConfigRegs
0005f4a0    17d2 (0005f480)     _Emif2ConfigRegs

0005f4c0    17d3 (0005f4c0)     _AccessProtectionRegs

0005f500    17d4 (0005f500)     _MemoryErrorRegs

0005f540    17d5 (0005f540)     _RomWaitStateRegs

0005f800    17e0 (0005f800)     _Flash0CtrlRegs

0005fb00    17ec (0005fb00)     _Flash0EccRegs


GLOBAL SYMBOLS: SORTED ALPHABETICALLY BY Name 

page  address   name                                  
----  -------   ----                                  
abs   ffffffff  .text                                 
0     0000eba8  C$$EXIT                               
0     0000e6f8  FD$$ADD                               
0     0000eb54  FD$$CMP                               
0     0000e794  FD$$DIV                               
0     0000e8a7  FD$$MPY                               
0     0000edd0  FD$$NEG                               
0     0000ed97  FD$$SUB                               
0     0000ec68  FD$$TOI                               
0     0000ec89  FD$$TOL                               
0     0000e81f  FS$$DIV                               
0     0000ed00  FS$$TOFD                              
0     0000ecc6  I$$TOFD                               
0     0000eb7e  L$$DIV                                
0     0000eb8d  L$$MOD                                
0     0000ed1c  L$$TOFD                               
0     0000ed38  LL$$AND                               
0     0000eca8  LL$$CMP                               
0     0000e1cc  LL$$DIV                               
0     0000e208  LL$$MOD                               
0     0000ed50  LL$$MPY                               
0     0000ed40  LL$$OR                                
0     0000ed48  LL$$XOR                               
0     0000edbc  U$$DIV                                
0     0000edc1  U$$MOD                                
0     0000eb9b  UL$$DIV                               
0     0000eba2  UL$$MOD                               
0     0000ecba  ULL$$CMP                              
0     0000e242  ULL$$DIV                              
0     0000e271  ULL$$MOD                              
0     0000a2e0  _ADCA1_ISR                            
0     0000a560  _ADCA2_ISR                            
0     0000a56a  _ADCA3_ISR                            
0     0000a574  _ADCA4_ISR                            
0     0000a556  _ADCA_EVT_ISR                         
0     0000a15c  _ADCA_ISR                             
0     0000a2ea  _ADCB1_ISR                            
0     0000a588  _ADCB2_ISR                            
0     0000a592  _ADCB3_ISR                            
0     0000a59c  _ADCB4_ISR                            
0     0000a57e  _ADCB_EVT_ISR                         
0     0000a2f4  _ADCC1_ISR                            
0     0000a6f0  _ADCC2_ISR                            
0     0000a6fa  _ADCC3_ISR                            
0     0000a704  _ADCC4_ISR                            
0     0000a6e6  _ADCC_EVT_ISR                         
0     0000a312  _ADCD1_ISR                            
0     0000a718  _ADCD2_ISR                            
0     0000a722  _ADCD3_ISR                            
0     0000a72c  _ADCD4_ISR                            
0     0000a70e  _ADCD_EVT_ISR                         
0     0000a768  _AUX_PLL_SLIP_ISR                     
1     0005f4c0  _AccessProtectionRegs                 
0     0000e3d6  _AdcSetMode                           
1     00007400  _AdcaRegs                             
1     00000b00  _AdcaResultRegs                       
1     00007480  _AdcbRegs                             
1     00000b20  _AdcbResultRegs                       
1     00007500  _AdccRegs                             
1     00000b40  _AdccResultRegs                       
1     00007580  _AdcdRegs                             
1     00000b60  _AdcdResultRegs                       
1     0005d180  _AnalogSubsysRegs                     
0     0000d43a  _AuxAuxClkSel                         
0     0000d424  _AuxIntOsc2Sel                        
0     0000d42e  _AuxXtalOscSel                        
0     0000a52e  _CANA0_ISR                            
0     0000a538  _CANA1_ISR                            
0     0000a542  _CANB0_ISR                            
0     0000a54c  _CANB1_ISR                            
0     0000a5a6  _CLA1_1_ISR                           
0     0000a5b0  _CLA1_2_ISR                           
0     0000a5ba  _CLA1_3_ISR                           
0     0000a5c4  _CLA1_4_ISR                           
0     0000a5ce  _CLA1_5_ISR                           
0     0000a5d8  _CLA1_6_ISR                           
0     0000a5e2  _CLA1_7_ISR                           
0     0000a5ec  _CLA1_8_ISR                           
0     0000a772  _CLA_OVERFLOW_ISR                     
0     0000a77c  _CLA_UNDERFLOW_ISR                    
0     0000e48c  _CalAdcINL                            
1     00048000  _CanaRegs                             
1     0004a000  _CanbRegs                             
1     00001400  _Cla1Regs                             
0     00000ce0  _Cla1SoftIntRegs                      
1     0005d200  _ClkCfgRegs                           
1     00005c80  _Cmpss1Regs                           
1     00005ca0  _Cmpss2Regs                           
1     00005cc0  _Cmpss3Regs                           
1     00005ce0  _Cmpss4Regs                           
1     00005d00  _Cmpss5Regs                           
1     00005d20  _Cmpss6Regs                           
1     00005d40  _Cmpss7Regs                           
1     00005d60  _Cmpss8Regs                           
0     0000e96b  _ConfigCpuTimer                       
0     0000d48e  _ConfigureTMXAnalogTrim               
1     0005d300  _CpuSysRegs                           
1     0001814a  _CpuTimer0                            
1     00000c00  _CpuTimer0Regs                        
1     00018152  _CpuTimer1                            
1     00000c08  _CpuTimer1Regs                        
1     0001815a  _CpuTimer2                            
1     00000c10  _CpuTimer2Regs                        
0     0000d3cf  _CsmUnlock                            
0     0000a236  _DATALOG_ISR                          
0     0000a47a  _DMA_CH1_ISR                          
0     0000a484  _DMA_CH2_ISR                          
0     0000a48e  _DMA_CH3_ISR                          
0     0000a498  _DMA_CH4_ISR                          
0     0000a4a2  _DMA_CH5_ISR                          
0     0000a4ac  _DMA_CH6_ISR                          
1     00018050  _DVel                                 
1     00005c00  _DacaRegs                             
1     00005c10  _DacbRegs                             
1     00005c20  _DaccRegs                             
1     0005f070  _DcsmCommonRegs                       
1     0005f000  _DcsmZ1Regs                           
1     0005f040  _DcsmZ2Regs                           
1     0005d000  _DevCfgRegs                           
0     0000d0e3  _DisableDog                           
0     0000d0a4  _DisablePeripheralClocks              
1     00007980  _DmaClaSrcSelRegs                     
1     00001000  _DmaRegs                              
0     0000a3d0  _ECAP1_ISR                            
0     0000a3da  _ECAP2_ISR                            
0     0000a3e4  _ECAP3_ISR                            
0     0000a3ee  _ECAP4_ISR                            
0     0000a3f8  _ECAP5_ISR                            
0     0000a402  _ECAP6_ISR                            
1     00005000  _ECap1Regs                            
1     00005020  _ECap2Regs                            
1     00005040  _ECap3Regs                            
1     00005060  _ECap4Regs                            
1     00005080  _ECap5Regs                            
1     000050a0  _ECap6Regs                            
0     0000a736  _EMIF_ERROR_ISR                       
0     0000a790  _EMPTY_ISR                            
0     0000a24a  _EMU_ISR                              
0     0000a68c  _EPWM10_ISR                           
0     0000a664  _EPWM10_TZ_ISR                        
0     0000a696  _EPWM11_ISR                           
0     0000a66e  _EPWM11_TZ_ISR                        
0     0000a6a0  _EPWM12_ISR                           
0     0000a678  _EPWM12_TZ_ISR                        
0     0000a380  _EPWM1_ISR                            
0     0000a330  _EPWM1_TZ_ISR                         
0     0000a38a  _EPWM2_ISR                            
0     0000a33a  _EPWM2_TZ_ISR                         
0     0000a394  _EPWM3_ISR                            
0     0000a344  _EPWM3_TZ_ISR                         
0     0000a39e  _EPWM4_ISR                            
0     0000a34e  _EPWM4_TZ_ISR                         
0     0000a3a8  _EPWM5_ISR                            
0     0000a358  _EPWM5_TZ_ISR                         
0     0000a3b2  _EPWM6_ISR                            
0     0000a362  _EPWM6_TZ_ISR                         
0     0000a3bc  _EPWM7_ISR                            
0     0000a36c  _EPWM7_TZ_ISR                         
0     0000a3c6  _EPWM8_ISR                            
0     0000a376  _EPWM8_TZ_ISR                         
0     0000a682  _EPWM9_ISR                            
0     0000a65a  _EPWM9_TZ_ISR                         
1     00004900  _EPwm10Regs                           
1     00004a00  _EPwm11Regs                           
1     00004b00  _EPwm12Regs                           
1     00004000  _EPwm1Regs                            
1     00004100  _EPwm2Regs                            
1     00004200  _EPwm3Regs                            
1     00004300  _EPwm4Regs                            
1     00004400  _EPwm5Regs                            
1     00004500  _EPwm6Regs                            
1     00004600  _EPwm7Regs                            
1     00004700  _EPwm8Regs                            
1     00004800  _EPwm9Regs                            
1     00007a00  _EPwmXbarRegs                         
0     0000a40c  _EQEP1_ISR                            
0     0000a416  _EQEP2_ISR                            
0     0000a420  _EQEP3_ISR                            
1     00005100  _EQep1Regs                            
1     00005140  _EQep2Regs                            
1     00005180  _EQep3Regs                            
1     0005f480  _Emif1ConfigRegs                      
1     00047000  _Emif1Regs                            
1     0005f4a0  _Emif2ConfigRegs                      
1     00047800  _Emif2Regs                            
1     00000d00  _EmuBMode                             
1     00000d01  _EmuBootPins                          
0     0000ebf0  _EnableInterrupts                     
1     00017f94  _Err_Left                             
1     00017f9a  _Err_LeftK_1                          
1     00017f9e  _Err_Right                            
1     00017fa4  _Err_RightK_1                         
1     00018166  _Example_Fail                         
1     00018164  _Example_PassCount                    
1     00018162  _Example_Result                       
0     00000123  _F28x_usDelay                         
0     0000a74a  _FLASH_CORRECTABLE_ERROR_ISR          
0     0000a61e  _FPU_OVERFLOW_ISR                     
0     0000a628  _FPU_UNDERFLOW_ISR                    
1     0005f800  _Flash0CtrlRegs                       
1     0005fb00  _Flash0EccRegs                        
1     00050024  _FlashPumpSemaphoreRegs               
0     0000dc63  _GPIO_EnableUnbondedIOPullups         
0     0000dc3e  _GPIO_EnableUnbondedIOPullupsFor100Pin
0     0000dc25  _GPIO_EnableUnbondedIOPullupsFor176Pin
0     0000dc79  _GPIO_ReadPin                         
0     0000dbca  _GPIO_SetupLock                       
0     0000daaa  _GPIO_SetupPinMux                     
0     0000db36  _GPIO_SetupPinOptions                 
0     0000dbf3  _GPIO_SetupXINT1Gpio                  
0     0000dbfd  _GPIO_SetupXINT2Gpio                  
0     0000dc07  _GPIO_SetupXINT3Gpio                  
0     0000dc11  _GPIO_SetupXINT4Gpio                  
0     0000dc1b  _GPIO_SetupXINT5Gpio                  
0     0000dc90  _GPIO_WritePin                        
1     00007c00  _GpioCtrlRegs                         
1     00007f00  _GpioDataRegs                         
0     0000d458  _HALT                                 
0     0000d471  _HIB                                  
0     0000a4c0  _I2CA_FIFO_ISR                        
0     0000a4b6  _I2CA_ISR                             
0     0000a4d4  _I2CB_FIFO_ISR                        
0     0000a4ca  _I2CB_ISR                             
1     00007300  _I2caRegs                             
1     00007340  _I2cbRegs                             
0     0000d444  _IDLE                                 
0     0000a25e  _ILLEGAL_ISR                          
0     0000a632  _IPC0_ISR                             
0     0000a63c  _IPC1_ISR                             
0     0000a646  _IPC2_ISR                             
0     0000a650  _IPC3_ISR                             
1     00017f96  _I_left_K                             
1     00017f98  _I_left_K_1                           
1     00017fa0  _I_right_K                            
1     00017fa2  _I_right_K_1                          
0     0000d2e0  _InitAuxPll                           
0     0000e92a  _InitCpuTimers                        
0     0000da6a  _InitGpio                             
0     0000d020  _InitPeripheralClocks                 
0     0000ebd1  _InitPieCtrl                          
0     0000ebf9  _InitPieVectTable                     
0     0000d000  _InitSysCtrl                          
0     0000d0f1  _InitSysPll                           
1     00007900  _InputXbarRegs                        
1     00050000  _IpcRegs                              
1     0001802a  _K1                                   
1     0001802c  _K2                                   
1     0001802e  _K3                                   
1     00017faa  _K_turn                               
1     00018048  _Kd                                   
1     0001804a  _Ki                                   
1     00018046  _Kp                                   
1     00017f41  _LEDdisplaynum                        
1     00017f7c  _LeftWheel                            
1     00017f30  _LeftWheelArray                       
1     00017f86  _LeftWheelK                           
1     00017f8c  _LeftWheelK_1                         
1     0001804e  _LeftWheel_1                          
1     00017f80  _Leftdist                             
0     0000a452  _MCBSPA_RX_ISR                        
0     0000a45c  _MCBSPA_TX_ISR                        
0     0000a466  _MCBSPB_RX_ISR                        
0     0000a470  _MCBSPB_TX_ISR                        
1     00006000  _McbspaRegs                           
1     00006040  _McbspbRegs                           
1     0005f400  _MemCfgRegs                           
1     0005f500  _MemoryErrorRegs                      
0     0000a254  _NMI_ISR                              
0     0000a79d  _NOTUSED_ISR                          
1     00007060  _NmiIntruptRegs                       
1     00018062  _OptiRecv                             
1     0001805c  _Opti_Body                            
1     0001805e  _Opti_Stamp                           
1     0001805a  _Opti_theta                           
1     00018056  _Opti_x                               
1     00018058  _Opti_y                               
1     00007a80  _OutputXbarRegs                       
0     0000a786  _PIE_RESERVED_ISR                     
1     00000ce0  _PieCtrlRegs                          
1     00000d00  _PieVectTable                         
1     0000a800  _PieVectTableInit                     
1     00017ffc  _Q                                    
1     00017ffe  _R                                    
0     0000a754  _RAM_ACCESS_VIOLATION_ISR             
0     0000a740  _RAM_CORRECTABLE_ERROR_ISR            
0     0000a240  _RTOS_ISR                             
0     0000dfe8  _RXAINT_recv_ready                    
1     00018280  _RXBuff                               
0     0000e01f  _RXCINT_recv_ready                    
0     0000e056  _RXDINT_recv_ready                    
0     0000d0cb  _ReleaseFlashPump                     
1     00017f7a  _RightWheel                           
1     00017f38  _RightWheelArray                      
1     00017f88  _RightWheelK                          
1     00017f8a  _RightWheelK_1                        
1     0001804c  _RightWheel_1                         
1     00017f7e  _Rightdist                            
1     0005e608  _RomPrefetchRegs                      
1     0005f540  _RomWaitStateRegs                     
0     0000a506  _SCIA_RX_ISR                          
0     0000a510  _SCIA_TX_ISR                          
0     0000a51a  _SCIB_RX_ISR                          
0     0000a524  _SCIB_TX_ISR                          
0     0000a4de  _SCIC_RX_ISR                          
0     0000a4e8  _SCIC_TX_ISR                          
0     0000a4f2  _SCID_RX_ISR                          
0     0000a4fc  _SCID_TX_ISR                          
0     0000a6aa  _SD1_ISR                              
0     0000a6b4  _SD2_ISR                              
0     0000a42a  _SPIA_RX_ISR                          
0     0000a434  _SPIA_TX_ISR                          
0     0000a43e  _SPIB_RX_ISR                          
0     0000a448  _SPIB_TX_ISR                          
0     00009e4d  _SPIB_isr                             
0     0000a6be  _SPIC_RX_ISR                          
0     0000a6c8  _SPIC_TX_ISR                          
0     0000d44d  _STANDBY                              
0     00009bd2  _SWI_isr                              
0     0000a75e  _SYS_PLL_SLIP_ISR                     
1     00007200  _SciaRegs                             
1     00007210  _ScibRegs                             
1     00007220  _ScicRegs                             
1     00007230  _ScidRegs                             
1     00005e00  _Sdfm1Regs                            
1     00005e80  _Sdfm2Regs                            
0     0000d0bc  _SeizeFlashPump                       
1     00017f42  _SendToOrange                         
1     00015000  _SerialA                              
1     00015fc0  _SerialC                              
1     00016f80  _SerialD                              
0     0000d0d5  _ServiceDog                           
1     00006100  _SpiaRegs                             
1     00017f54  _SpibNumCalls                         
1     00006110  _SpibRegs                             
1     0001800c  _Spib_count                           
1     00006120  _SpicRegs                             
1     00007940  _SyncSocRegs                          
0     00000127  _SysCtl_delay                         
0     0000d3f0  _SysIntOsc1Sel                        
0     0000d400  _SysIntOsc2Sel                        
0     0000d414  _SysXtalOscSel                        
1     00017ffa  _T                                    
0     0000a31c  _TIMER0_ISR                           
0     0000a222  _TIMER1_ISR                           
0     0000a22c  _TIMER2_ISR                           
0     0000dead  _TXAINT_data_sent                     
0     0000df16  _TXCINT_data_sent                     
0     0000df7f  _TXDINT_data_sent                     
1     00017f40  _UARTPrint                            
0     0000d7da  _UART_printfLine                      
0     0000d784  _UART_vprintfLine                     
0     0000a6d2  _UPPA_ISR                             
0     0000a6dc  _USBA_ISR                             
0     0000a2c2  _USER10_ISR                           
0     0000a2cc  _USER11_ISR                           
0     0000a2d6  _USER12_ISR                           
0     0000a268  _USER1_ISR                            
0     0000a272  _USER2_ISR                            
0     0000a27c  _USER3_ISR                            
0     0000a286  _USER4_ISR                            
0     0000a290  _USER5_ISR                            
0     0000a29a  _USER6_ISR                            
0     0000a2a4  _USER7_ISR                            
0     0000a2ae  _USER8_ISR                            
0     0000a2b8  _USER9_ISR                            
1     00006200  _UppRegs                              
0     0000a614  _VCU_ISR                              
1     00017f92  _Vel_WhlDiff                          
1     00018036  _Vel_WhlDiff_1                        
0     0000a326  _WAKE_ISR                             
1     00007000  _WdRegs                               
1     00018032  _WhlDiff                              
1     00018034  _WhlDiff_1                            
0     0000a2fe  _XINT1_ISR                            
0     0000a308  _XINT2_ISR                            
0     0000a5f6  _XINT3_ISR                            
0     0000a600  _XINT4_ISR                            
0     0000a60a  _XINT5_ISR                            
1     00007920  _XbarRegs                             
1     00007070  _XintRegs                             
1     0000c000  __STACK_END                           
abs   00000800  __STACK_SIZE                          
1     0001816a  ___TI_cleanup_ptr                     
1     0001816c  ___TI_dtors_ptr                       
1     00018168  ___TI_enable_exit_profile_output      
0     0000eaf4  ___TI_ltoa                            
abs   ffffffff  ___TI_pprof_out_hndl                  
0     00008b53  ___TI_printfi                         
abs   ffffffff  ___TI_prof_data_size                  
abs   ffffffff  ___TI_prof_data_start                 
0     0000919f  ___TI_scanfi                          
abs   ffffffff  ___binit__                            
abs   ffffffff  ___c_args__                           
0     0000b000  ___cinit__                            
abs   ffffffff  ___etext__                            
abs   ffffffff  ___pinit__                            
abs   ffffffff  ___text__                             
0     0000ed64  __args_main                           
1     0000a9c0  __ctypes_                             
1     0001807c  __lock                                
0     0000edcf  __nop                                 
0     0000edcb  __register_lock                       
0     0000edc7  __register_unlock                     
1     0000b800  __stack                               
0     0000a7ff  __system_post_cinit                   
0     0000edf6  __system_pre_init                     
1     0001807e  __unlock                              
0     0000eba8  _abort                                
1     00017f46  _accelXraw                            
1     00017f6e  _accelXreading                        
1     00017f47  _accelYraw                            
1     00017f70  _accelYreading                        
1     00017f48  _accelZraw                            
1     00017f72  _accelZreading                        
1     0001800e  _accelx                               
1     00017fe8  _accelx_offset                        
1     00018010  _accely                               
1     00017fea  _accely_offset                        
1     00018012  _accelz                               
1     00017ff4  _accelzBalancePoint                   
1     00017fec  _accelz_offset                        
1     00017f6a  _adc_val1                             
1     00017f6c  _adc_val2                             
1     00017f4e  _adca0result                          
1     00017f4f  _adca1result                          
1     00017f50  _adcb0result                          
1     00017f51  _adcb1result                          
1     00017f4c  _adcd0result                          
1     00017f4d  _adcd1result                          
0     0000eac3  _atoi                                 
1     00018080  _b                                    
0     0000ea6d  _c_int00                              
1     0001800a  _calibration_count                    
1     00017f55  _calibration_state                    
1     00017f56  _collectdata                          
0     0000ec44  _copy_in                              
0     0000ed76  _copysign                             
0     0000ed76  _copysignf                            
0     0000ec1f  _copysignl                            
1     00017f43  _count                                
0     00009dd1  _cpu_timer0_isr                       
0     00009e05  _cpu_timer1_isr                       
0     00009e12  _cpu_timer2_isr                       
1     00017f53  _doneCal                              
1     00017f45  _dummy                                
1     00017fac  _e_left                               
1     00017fd8  _e_left_1                             
1     00017fae  _e_right                              
1     00017fda  _e_right_1                            
1     00017fb0  _e_turn                               
1     0001816e  _errno                                
1     0001803e  _errorDiff                            
1     00018040  _errorDiff_1                          
0     0000ebaa  _exit                                 
0     0000ea13  _frexpl                               
1     00017f49  _gyroXraw                             
1     00017f74  _gyroXreading                         
1     00017f4a  _gyroYraw                             
1     00017f76  _gyroYreading                         
1     00017f4b  _gyroZraw                             
1     00017f78  _gyroZreading                         
1     0001806c  _gyro_array                           
[...]
0     0000e056  _RXDINT_recv_ready                    
0     0000e08d  _strtoll                              
0     0000e1cc  LL$$DIV                               
0     0000e208  LL$$MOD                               
0     0000e242  ULL$$DIV                              
0     0000e271  ULL$$MOD                              
0     0000e2d3  _strtoull                             
0     0000e3d6  _AdcSetMode                           
0     0000e48c  _CalAdcINL                            
0     0000e4c6  _strtol                               
0     0000e599  _strtoul                              
0     0000e64a  _ldexpl                               
0     0000e64a  _scalbnl                              
0     0000e6f8  FD$$ADD                               
0     0000e794  FD$$DIV                               
0     0000e81f  FS$$DIV                               
0     0000e8a7  FD$$MPY                               
0     0000e92a  _InitCpuTimers                        
0     0000e96b  _ConfigCpuTimer                       
0     0000e9a6  _vsscanf                              
0     0000e9b6  _sscanf                               
0     0000ea13  _frexpl                               
0     0000ea6d  _c_int00                              
0     0000eac3  _atoi                                 
0     0000eaf4  ___TI_ltoa                            
0     0000eb24  _vsprintf                             
0     0000eb54  FD$$CMP                               
0     0000eb7e  L$$DIV                                
0     0000eb8d  L$$MOD                                
0     0000eb9b  UL$$DIV                               
0     0000eba2  UL$$MOD                               
0     0000eba8  C$$EXIT                               
0     0000eba8  _abort                                
0     0000ebaa  _exit                                 
0     0000ebd1  _InitPieCtrl                          
0     0000ebf0  _EnableInterrupts                     
0     0000ebf9  _InitPieVectTable                     
0     0000ec1f  _copysignl                            
0     0000ec44  _copy_in                              
0     0000ec68  FD$$TOI                               
0     0000ec89  FD$$TOL                               
0     0000eca8  LL$$CMP                               
0     0000ecba  ULL$$CMP                              
0     0000ecc6  I$$TOFD                               
0     0000ece3  _memcpy                               
0     0000ed00  FS$$TOFD                              
0     0000ed1c  L$$TOFD                               
0     0000ed38  LL$$AND                               
0     0000ed40  LL$$OR                                
0     0000ed48  LL$$XOR                               
0     0000ed50  LL$$MPY                               
0     0000ed64  __args_main                           
0     0000ed76  _copysign                             
0     0000ed76  _copysignf                            
0     0000ed87  _memccpy                              
0     0000ed97  FD$$SUB                               
0     0000eda5  _strchr                               
0     0000edb1  _strrchr                              
0     0000edbc  U$$DIV                                
0     0000edc1  U$$MOD                                
0     0000edc7  __register_unlock                     
0     0000edcb  __register_lock                       
0     0000edcf  __nop                                 
0     0000edd0  FD$$NEG                               
0     0000edd9  _wcslen                               
0     0000ede2  _strlen                               
0     0000edea  _memset                               
0     0000edf1  _strcpy                               
0     0000edf6  __system_pre_init                     
1     00000b00  _AdcaResultRegs                       
1     00000b20  _AdcbResultRegs                       
1     00000b40  _AdccResultRegs                       
1     00000b60  _AdcdResultRegs                       
1     00000c00  _CpuTimer0Regs                        
1     00000c08  _CpuTimer1Regs                        
1     00000c10  _CpuTimer2Regs                        
1     00000ce0  _PieCtrlRegs                          
1     00000d00  _EmuBMode                             
1     00000d00  _PieVectTable                         
1     00000d01  _EmuBootPins                          
1     00001000  _DmaRegs                              
1     00001400  _Cla1Regs                             
1     00004000  _EPwm1Regs                            
1     00004100  _EPwm2Regs                            
1     00004200  _EPwm3Regs                            
1     00004300  _EPwm4Regs                            
1     00004400  _EPwm5Regs                            
1     00004500  _EPwm6Regs                            
1     00004600  _EPwm7Regs                            
1     00004700  _EPwm8Regs                            
1     00004800  _EPwm9Regs                            
1     00004900  _EPwm10Regs                           
1     00004a00  _EPwm11Regs                           
1     00004b00  _EPwm12Regs                           
1     00005000  _ECap1Regs                            
1     00005020  _ECap2Regs                            
1     00005040  _ECap3Regs                            
1     00005060  _ECap4Regs                            
1     00005080  _ECap5Regs                            
1     000050a0  _ECap6Regs                            
1     00005100  _EQep1Regs                            
1     00005140  _EQep2Regs                            
1     00005180  _EQep3Regs                            
1     00005c00  _DacaRegs                             
1     00005c10  _DacbRegs                             
1     00005c20  _DaccRegs                             
1     00005c80  _Cmpss1Regs                           
1     00005ca0  _Cmpss2Regs                           
1     00005cc0  _Cmpss3Regs                           
1     00005ce0  _Cmpss4Regs                           
1     00005d00  _Cmpss5Regs                           
1     00005d20  _Cmpss6Regs                           
1     00005d40  _Cmpss7Regs                           
1     00005d60  _Cmpss8Regs                           
1     00005e00  _Sdfm1Regs                            
1     00005e80  _Sdfm2Regs                            
1     00006000  _McbspaRegs                           
1     00006040  _McbspbRegs                           
1     00006100  _SpiaRegs                             
1     00006110  _SpibRegs                             
1     00006120  _SpicRegs                             
1     00006200  _UppRegs                              
1     00007000  _WdRegs                               
1     00007060  _NmiIntruptRegs                       
1     00007070  _XintRegs                             
1     00007200  _SciaRegs                             
1     00007210  _ScibRegs                             
1     00007220  _ScicRegs                             
1     00007230  _ScidRegs                             
1     00007300  _I2caRegs                             
1     00007340  _I2cbRegs                             
1     00007400  _AdcaRegs                             
1     00007480  _AdcbRegs                             
1     00007500  _AdccRegs                             
1     00007580  _AdcdRegs                             
1     00007900  _InputXbarRegs                        
1     00007920  _XbarRegs                             
1     00007940  _SyncSocRegs                          
1     00007980  _DmaClaSrcSelRegs                     
1     00007a00  _EPwmXbarRegs                         
1     00007a80  _OutputXbarRegs                       
1     00007c00  _GpioCtrlRegs                         
1     00007f00  _GpioDataRegs                         
1     0000a800  _PieVectTableInit                     
1     0000a9c0  __ctypes_                             
1     0000b800  __stack                               
1     0000c000  __STACK_END                           
1     00015000  _SerialA                              
1     00015fc0  _SerialC                              
1     00016f80  _SerialD                              
1     00017f30  _LeftWheelArray                       
1     00017f38  _RightWheelArray                      
1     00017f40  _UARTPrint                            
1     00017f41  _LEDdisplaynum                        
1     00017f42  _SendToOrange                         
1     00017f43  _count                                
1     00017f44  _val                                  
1     00017f45  _dummy                                
1     00017f46  _accelXraw                            
1     00017f47  _accelYraw                            
1     00017f48  _accelZraw                            
1     00017f49  _gyroXraw                             
1     00017f4a  _gyroYraw                             
1     00017f4b  _gyroZraw                             
1     00017f4c  _adcd0result                          
1     00017f4d  _adcd1result                          
1     00017f4e  _adca0result                          
1     00017f4f  _adca1result                          
1     00017f50  _adcb0result                          
1     00017f51  _adcb1result                          
1     00017f52  _temp                                 
1     00017f53  _doneCal                              
1     00017f54  _SpibNumCalls                         
1     00017f55  _calibration_state                    
1     00017f56  _collectdata                          
1     00017f57  _spivalue1                            
1     00017f58  _spivalue2                            
1     00017f59  _spivalue3                            
1     00017f5a  _newData                              
1     00017f5c  _numTimer0calls                       
1     00017f5e  _numSWIcalls                          
1     00017f60  _numRXA                               
1     00017f62  _numRXD                               
1     00017f64  _spi_val1                             
1     00017f66  _spi_val2                             
1     00017f68  _spi_val3                             
1     00017f6a  _adc_val1                             
1     00017f6c  _adc_val2                             
1     00017f6e  _accelXreading                        
1     00017f70  _accelYreading                        
1     00017f72  _accelZreading                        
1     00017f74  _gyroXreading                         
1     00017f76  _gyroYreading                         
1     00017f78  _gyroZreading                         
1     00017f7a  _RightWheel                           
1     00017f7c  _LeftWheel                            
1     00017f7e  _Rightdist                            
1     00017f80  _Leftdist                             
1     00017f82  _uLeft                                
1     00017f84  _uRight                               
1     00017f86  _LeftWheelK                           
1     00017f88  _RightWheelK                          
1     00017f8a  _RightWheelK_1                        
1     00017f8c  _LeftWheelK_1                         
1     00017f8e  _v_left                               
1     00017f90  _v_right                              
1     00017f92  _Vel_WhlDiff                          
1     00017f94  _Err_Left                             
1     00017f96  _I_left_K                             
1     00017f98  _I_left_K_1                           
1     00017f9a  _Err_LeftK_1                          
1     00017f9c  _vleft                                
1     00017f9e  _Err_Right                            
1     00017fa0  _I_right_K                            
1     00017fa2  _I_right_K_1                          
1     00017fa4  _Err_RightK_1                         
1     00017fa6  _turn1                                
1     00017fa8  _turn                                 
1     00017faa  _K_turn                               
1     00017fac  _e_left                               
1     00017fae  _e_right                              
1     00017fb0  _e_turn                               
1     00017fb2  _w_r                                  
1     00017fb4  _r_wh                                 
1     00017fb6  _theta_r                              
1     00017fb8  _theta_l                              
1     00017fba  _omega_r                              
1     00017fbc  _omega_l                              
1     00017fbe  _phi_r                                
1     00017fc0  _x_r                                  
1     00017fc2  _y_r                                  
1     00017fc4  _theta_avg                            
1     00017fc6  _omega_avg                            
1     00017fc8  _xr_dot                               
1     00017fca  _yr_dot                               
1     00017fcc  _xr                                   
1     00017fce  _xr_1                                 
1     00017fd0  _xr_dot_1                             
1     00017fd2  _yr                                   
1     00017fd4  _yr_1                                 
1     00017fd6  _yr_dot_1                             
1     00017fd8  _e_left_1                             
1     00017fda  _e_right_1                            
1     00017fdc  _var0                                 
1     00017fde  _var1                                 
1     00017fe0  _var2                                 
1     00017fe2  _var3                                 
1     00017fe4  _var4                                 
1     00017fe6  _var5                                 
1     00017fe8  _accelx_offset                        
1     00017fea  _accely_offset                        
1     00017fec  _accelz_offset                        
1     00017fee  _gyrox_offset                         
1     00017ff0  _gyroy_offset                         
1     00017ff2  _gyroz_offset                         
1     00017ff4  _accelzBalancePoint                   
1     00017ff6  _tilt_value                           
1     00017ff8  _gyro_value                           
1     00017ffa  _T                                    
1     00017ffc  _Q                                    
1     00017ffe  _R                                    
1     00018000  _kalman_tilt                          
1     00018002  _kalman_P                             
1     00018004  _pred_P                               
1     00018006  _kalman_K                             
1     00018008  _timecount                            
1     0001800a  _calibration_count                    
1     0001800c  _Spib_count                           
1     0001800e  _accelx                               
1     00018010  _accely                               
1     00018012  _accelz                               
1     00018014  _gyrox                                
1     00018016  _gyroy                                
1     00018018  _gyroz                                
1     0001801a  _vel_right                            
1     0001801c  _vel_left                             
1     0001801e  _vel_right_1                          
1     00018020  _vel_left_1                           
1     00018022  _omega_r1                             
1     00018024  _theta_r1                             
1     00018026  _omega_l1                             
1     00018028  _theta_l1                             
1     0001802a  _K1                                   
1     0001802c  _K2                                   
1     0001802e  _K3                                   
1     00018030  _ubal                                 
1     00018032  _WhlDiff                              
1     00018034  _WhlDiff_1                            
1     00018036  _Vel_WhlDiff_1                        
1     00018038  _turn_1                               
1     0001803a  _turnrate                             
1     0001803c  _turnrate_1                           
1     0001803e  _errorDiff                            
1     00018040  _errorDiff_1                          
1     00018042  _intDiff                              
1     00018044  _intDiff_1                            
1     00018046  _Kp                                   
1     00018048  _Kd                                   
1     0001804a  _Ki                                   
1     0001804c  _RightWheel_1                         
1     0001804e  _LeftWheel_1                          
1     00018050  _DVel                                 
1     00018052  _u_right                              
1     00018054  _u_left                               
1     00018056  _Opti_x                               
1     00018058  _Opti_y                               
1     0001805a  _Opti_theta                           
1     0001805c  _Opti_Body                            
1     0001805e  _Opti_Stamp                           
1     00018060  _yk                                   
1     00018062  _OptiRecv                             
1     0001806c  _gyro_array                           
1     00018074  _tilt_array                           
1     0001807c  __lock                                
1     0001807e  __unlock                              
1     00018080  _b                                    
1     0001814a  _CpuTimer0                            
1     00018152  _CpuTimer1                            
1     0001815a  _CpuTimer2                            
1     00018162  _Example_Result                       
1     00018164  _Example_PassCount                    
1     00018166  _Example_Fail                         
1     00018168  ___TI_enable_exit_profile_output      
1     0001816a  ___TI_cleanup_ptr                     
1     0001816c  ___TI_dtors_ptr                       
1     0001816e  _errno                                
1     00018180  _xk                                   
1     00018280  _RXBuff                               
1     00047000  _Emif1Regs                            
1     00047800  _Emif2Regs                            
1     00048000  _CanaRegs                             
1     0004a000  _CanbRegs                             
1     00050000  _IpcRegs                              
1     00050024  _FlashPumpSemaphoreRegs               
1     0005d000  _DevCfgRegs                           
1     0005d180  _AnalogSubsysRegs                     
1     0005d200  _ClkCfgRegs                           
1     0005d300  _CpuSysRegs                           
1     0005e608  _RomPrefetchRegs                      
1     0005f000  _DcsmZ1Regs                           
1     0005f040  _DcsmZ2Regs                           
1     0005f070  _DcsmCommonRegs                       
1     0005f400  _MemCfgRegs                           
1     0005f480  _Emif1ConfigRegs                      
1     0005f4a0  _Emif2ConfigRegs                      
1     0005f4c0  _AccessProtectionRegs                 
1     0005f500  _MemoryErrorRegs                      
1     0005f540  _RomWaitStateRegs                     
1     0005f800  _Flash0CtrlRegs                       
1     0005fb00  _Flash0EccRegs                        
abs   00000800  __STACK_SIZE                          
abs   ffffffff  .text                                 
abs   ffffffff  ___TI_pprof_out_hndl                  
abs   ffffffff  ___TI_prof_data_size                  
abs   ffffffff  ___TI_prof_data_start                 
abs   ffffffff  ___binit__                            
abs   ffffffff  ___c_args__                           
abs   ffffffff  ___etext__                            
abs   ffffffff  ___pinit__                            
abs   ffffffff  ___text__                             
abs   ffffffff  binit                                 
abs   ffffffff  etext                                 
abs   ffffffff  pinit                                 

[583 symbols]
