<?xml version="1.0" encoding="ISO-8859-1" ?>
<link_info>
   <banner>TMS320C2000 Linker Unix v20.2.2.LTS</banner>
   <copyright>Copyright (c) 1996-2018 Texas Instruments Incorporated</copyright>
   <link_time>0x609e9a53</link_time>
   <link_errors>0x0</link_errors>
   <output_file>final_project.out</output_file>
   <entry_point>
      <name>_c_int00</name>
      <address>0xea6d</address>
   </entry_point>
   <input_file_list>
      <input_file id="fl-2">
         <path>./</path>
         <kind>object</kind>
         <file>F28379dSerial.obj</file>
         <name>F28379dSerial.obj</name>
      </input_file>
      <input_file id="fl-3">
         <path>./</path>
         <kind>object</kind>
         <file>F2837xD_Adc.obj</file>
         <name>F2837xD_Adc.obj</name>
      </input_file>
      <input_file id="fl-4">
         <path>./</path>
         <kind>object</kind>
         <file>F2837xD_CodeStartBranch.obj</file>
         <name>F2837xD_CodeStartBranch.obj</name>
      </input_file>
      <input_file id="fl-5">
         <path>./</path>
         <kind>object</kind>
         <file>F2837xD_CpuTimers.obj</file>
         <name>F2837xD_CpuTimers.obj</name>
      </input_file>
      <input_file id="fl-6">
         <path>./</path>
         <kind>object</kind>
         <file>F2837xD_DefaultISR.obj</file>
         <name>F2837xD_DefaultISR.obj</name>
      </input_file>
      <input_file id="fl-7">
         <path>./</path>
         <kind>object</kind>
         <file>F2837xD_EPwm.obj</file>
         <name>F2837xD_EPwm.obj</name>
      </input_file>
      <input_file id="fl-8">
         <path>./</path>
         <kind>object</kind>
         <file>F2837xD_GlobalVariableDefs.obj</file>
         <name>F2837xD_GlobalVariableDefs.obj</name>
      </input_file>
      <input_file id="fl-9">
         <path>./</path>
         <kind>object</kind>
         <file>F2837xD_Gpio.obj</file>
         <name>F2837xD_Gpio.obj</name>
      </input_file>
      <input_file id="fl-a">
         <path>./</path>
         <kind>object</kind>
         <file>F2837xD_PieCtrl.obj</file>
         <name>F2837xD_PieCtrl.obj</name>
      </input_file>
      <input_file id="fl-b">
         <path>./</path>
         <kind>object</kind>
         <file>F2837xD_PieVect.obj</file>
         <name>F2837xD_PieVect.obj</name>
      </input_file>
      <input_file id="fl-c">
         <path>./</path>
         <kind>object</kind>
         <file>F2837xD_Spi.obj</file>
         <name>F2837xD_Spi.obj</name>
      </input_file>
      <input_file id="fl-d">
         <path>./</path>
         <kind>object</kind>
         <file>F2837xD_SysCtrl.obj</file>
         <name>F2837xD_SysCtrl.obj</name>
      </input_file>
      <input_file id="fl-e">
         <path>./</path>
         <kind>object</kind>
         <file>F2837xD_usDelay.obj</file>
         <name>F2837xD_usDelay.obj</name>
      </input_file>
      <input_file id="fl-f">
         <path>./</path>
         <kind>object</kind>
         <file>LEDPatterns.obj</file>
         <name>LEDPatterns.obj</name>
      </input_file>
      <input_file id="fl-10">
         <path>./</path>
         <kind>object</kind>
         <file>Orangepi_main.obj</file>
         <name>Orangepi_main.obj</name>
      </input_file>
      <input_file id="fl-11">
         <path>./device/</path>
         <kind>object</kind>
         <file>device.obj</file>
         <name>device.obj</name>
      </input_file>
      <input_file id="fl-18">
         <kind>object</kind>
         <file>&lt;internal&gt;</file>
         <name>&lt;internal&gt;</name>
      </input_file>
      <input_file id="fl-1f">
         <path>/Users/sagarsachdev/Documents/SP2021 CLASSES/SE 423/sagars2_SE423/C2000Ware_3_02_00_00_F28379D/driverlib/f2837xd/driverlib/ccs/Debug/</path>
         <kind>archive</kind>
         <file>driverlib_coff.lib</file>
         <name>sysctl.obj</name>
      </input_file>
      <input_file id="fl-2b">
         <path>/Applications/ti/ccs1020/ccs/tools/compiler/ti-cgt-c2000_20.2.2.LTS/lib/</path>
         <kind>archive</kind>
         <file>rts2800_fpu32.lib</file>
         <name>vsprintf.c.obj</name>
      </input_file>
      <input_file id="fl-2c">
         <path>/Applications/ti/ccs1020/ccs/tools/compiler/ti-cgt-c2000_20.2.2.LTS/lib/</path>
         <kind>archive</kind>
         <file>rts2800_fpu32.lib</file>
         <name>sscanf.c.obj</name>
      </input_file>
      <input_file id="fl-2d">
         <path>/Applications/ti/ccs1020/ccs/tools/compiler/ti-cgt-c2000_20.2.2.LTS/lib/</path>
         <kind>archive</kind>
         <file>rts2800_fpu32.lib</file>
         <name>boot28.asm.obj</name>
      </input_file>
      <input_file id="fl-2e">
         <path>/Applications/ti/ccs1020/ccs/tools/compiler/ti-cgt-c2000_20.2.2.LTS/lib/</path>
         <kind>archive</kind>
         <file>rts2800_fpu32.lib</file>
         <name>fs_div28.asm.obj</name>
      </input_file>
      <input_file id="fl-2f">
         <path>/Applications/ti/ccs1020/ccs/tools/compiler/ti-cgt-c2000_20.2.2.LTS/lib/</path>
         <kind>archive</kind>
         <file>rts2800_fpu32.lib</file>
         <name>u_div28.asm.obj</name>
      </input_file>
      <input_file id="fl-30">
         <path>/Applications/ti/ccs1020/ccs/tools/compiler/ti-cgt-c2000_20.2.2.LTS/lib/</path>
         <kind>archive</kind>
         <file>rts2800_fpu32.lib</file>
         <name>l_div28.asm.obj</name>
      </input_file>
      <input_file id="fl-31">
         <path>/Applications/ti/ccs1020/ccs/tools/compiler/ti-cgt-c2000_20.2.2.LTS/lib/</path>
         <kind>archive</kind>
         <file>rts2800_fpu32.lib</file>
         <name>cpy_tbl.c.obj</name>
      </input_file>
      <input_file id="fl-32">
         <path>/Applications/ti/ccs1020/ccs/tools/compiler/ti-cgt-c2000_20.2.2.LTS/lib/</path>
         <kind>archive</kind>
         <file>rts2800_fpu32.lib</file>
         <name>memcpy.c.obj</name>
      </input_file>
      <input_file id="fl-33">
         <path>/Applications/ti/ccs1020/ccs/tools/compiler/ti-cgt-c2000_20.2.2.LTS/lib/</path>
         <kind>archive</kind>
         <file>rts2800_fpu32.lib</file>
         <name>pre_init.c.obj</name>
      </input_file>
      <input_file id="fl-34">
         <path>/Applications/ti/ccs1020/ccs/tools/compiler/ti-cgt-c2000_20.2.2.LTS/lib/</path>
         <kind>archive</kind>
         <file>rts2800_fpu32.lib</file>
         <name>startup.c.obj</name>
      </input_file>
      <input_file id="fl-35">
         <path>/Applications/ti/ccs1020/ccs/tools/compiler/ti-cgt-c2000_20.2.2.LTS/lib/</path>
         <kind>archive</kind>
         <file>rts2800_fpu32.lib</file>
         <name>exit.c.obj</name>
      </input_file>
      <input_file id="fl-36">
         <path>/Applications/ti/ccs1020/ccs/tools/compiler/ti-cgt-c2000_20.2.2.LTS/lib/</path>
         <kind>archive</kind>
         <file>rts2800_fpu32.lib</file>
         <name>_lock.c.obj</name>
      </input_file>
      <input_file id="fl-37">
         <path>/Applications/ti/ccs1020/ccs/tools/compiler/ti-cgt-c2000_20.2.2.LTS/lib/</path>
         <kind>archive</kind>
         <file>rts2800_fpu32.lib</file>
         <name>args_main.c.obj</name>
      </input_file>
      <input_file id="fl-38">
         <path>/Applications/ti/ccs1020/ccs/tools/compiler/ti-cgt-c2000_20.2.2.LTS/lib/</path>
         <kind>archive</kind>
         <file>rts2800_fpu32.lib</file>
         <name>ctype.c.obj</name>
      </input_file>
      <input_file id="fl-39">
         <path>/Applications/ti/ccs1020/ccs/tools/compiler/ti-cgt-c2000_20.2.2.LTS/lib/</path>
         <kind>archive</kind>
         <file>rts2800_fpu32.lib</file>
         <name>strlen.c.obj</name>
      </input_file>
      <input_file id="fl-3a">
         <path>/Applications/ti/ccs1020/ccs/tools/compiler/ti-cgt-c2000_20.2.2.LTS/lib/</path>
         <kind>archive</kind>
         <file>rts2800_fpu32.lib</file>
         <name>_printfi.c.obj</name>
      </input_file>
      <input_file id="fl-3b">
         <path>/Applications/ti/ccs1020/ccs/tools/compiler/ti-cgt-c2000_20.2.2.LTS/lib/</path>
         <kind>archive</kind>
         <file>rts2800_fpu32.lib</file>
         <name>_scanfi.c.obj</name>
      </input_file>
      <input_file id="fl-3c">
         <path>/Applications/ti/ccs1020/ccs/tools/compiler/ti-cgt-c2000_20.2.2.LTS/lib/</path>
         <kind>archive</kind>
         <file>rts2800_fpu32.lib</file>
         <name>fd_cmp28.asm.obj</name>
      </input_file>
      <input_file id="fl-3d">
         <path>/Applications/ti/ccs1020/ccs/tools/compiler/ti-cgt-c2000_20.2.2.LTS/lib/</path>
         <kind>archive</kind>
         <file>rts2800_fpu32.lib</file>
         <name>fd_mpy28.asm.obj</name>
      </input_file>
      <input_file id="fl-3e">
         <path>/Applications/ti/ccs1020/ccs/tools/compiler/ti-cgt-c2000_20.2.2.LTS/lib/</path>
         <kind>archive</kind>
         <file>rts2800_fpu32.lib</file>
         <name>fd_neg28.asm.obj</name>
      </input_file>
      <input_file id="fl-3f">
         <path>/Applications/ti/ccs1020/ccs/tools/compiler/ti-cgt-c2000_20.2.2.LTS/lib/</path>
         <kind>archive</kind>
         <file>rts2800_fpu32.lib</file>
         <name>fd_sub28.asm.obj</name>
      </input_file>
      <input_file id="fl-40">
         <path>/Applications/ti/ccs1020/ccs/tools/compiler/ti-cgt-c2000_20.2.2.LTS/lib/</path>
         <kind>archive</kind>
         <file>rts2800_fpu32.lib</file>
         <name>fd_toi28.asm.obj</name>
      </input_file>
      <input_file id="fl-41">
         <path>/Applications/ti/ccs1020/ccs/tools/compiler/ti-cgt-c2000_20.2.2.LTS/lib/</path>
         <kind>archive</kind>
         <file>rts2800_fpu32.lib</file>
         <name>fd_tol28.asm.obj</name>
      </input_file>
      <input_file id="fl-42">
         <path>/Applications/ti/ccs1020/ccs/tools/compiler/ti-cgt-c2000_20.2.2.LTS/lib/</path>
         <kind>archive</kind>
         <file>rts2800_fpu32.lib</file>
         <name>ll_aox28.asm.obj</name>
      </input_file>
      <input_file id="fl-43">
         <path>/Applications/ti/ccs1020/ccs/tools/compiler/ti-cgt-c2000_20.2.2.LTS/lib/</path>
         <kind>archive</kind>
         <file>rts2800_fpu32.lib</file>
         <name>ll_cmp28.asm.obj</name>
      </input_file>
      <input_file id="fl-44">
         <path>/Applications/ti/ccs1020/ccs/tools/compiler/ti-cgt-c2000_20.2.2.LTS/lib/</path>
         <kind>archive</kind>
         <file>rts2800_fpu32.lib</file>
         <name>ll_div28.asm.obj</name>
      </input_file>
      <input_file id="fl-45">
         <path>/Applications/ti/ccs1020/ccs/tools/compiler/ti-cgt-c2000_20.2.2.LTS/lib/</path>
         <kind>archive</kind>
         <file>rts2800_fpu32.lib</file>
         <name>i_tofd28.asm.obj</name>
      </input_file>
      <input_file id="fl-46">
         <path>/Applications/ti/ccs1020/ccs/tools/compiler/ti-cgt-c2000_20.2.2.LTS/lib/</path>
         <kind>archive</kind>
         <file>rts2800_fpu32.lib</file>
         <name>l_tofd28.asm.obj</name>
      </input_file>
      <input_file id="fl-47">
         <path>/Applications/ti/ccs1020/ccs/tools/compiler/ti-cgt-c2000_20.2.2.LTS/lib/</path>
         <kind>archive</kind>
         <file>rts2800_fpu32.lib</file>
         <name>fs_tofdfpu32.asm.obj</name>
      </input_file>
      <input_file id="fl-48">
         <path>/Applications/ti/ccs1020/ccs/tools/compiler/ti-cgt-c2000_20.2.2.LTS/lib/</path>
         <kind>archive</kind>
         <file>rts2800_fpu32.lib</file>
         <name>fd_div28.asm.obj</name>
      </input_file>
      <input_file id="fl-49">
         <path>/Applications/ti/ccs1020/ccs/tools/compiler/ti-cgt-c2000_20.2.2.LTS/lib/</path>
         <kind>archive</kind>
         <file>rts2800_fpu32.lib</file>
         <name>_ltoa.c.obj</name>
      </input_file>
      <input_file id="fl-4a">
         <path>/Applications/ti/ccs1020/ccs/tools/compiler/ti-cgt-c2000_20.2.2.LTS/lib/</path>
         <kind>archive</kind>
         <file>rts2800_fpu32.lib</file>
         <name>atoi.c.obj</name>
      </input_file>
      <input_file id="fl-4b">
         <path>/Applications/ti/ccs1020/ccs/tools/compiler/ti-cgt-c2000_20.2.2.LTS/lib/</path>
         <kind>archive</kind>
         <file>rts2800_fpu32.lib</file>
         <name>memccpy.c.obj</name>
      </input_file>
      <input_file id="fl-4c">
         <path>/Applications/ti/ccs1020/ccs/tools/compiler/ti-cgt-c2000_20.2.2.LTS/lib/</path>
         <kind>archive</kind>
         <file>rts2800_fpu32.lib</file>
         <name>memset.c.obj</name>
      </input_file>
      <input_file id="fl-4d">
         <path>/Applications/ti/ccs1020/ccs/tools/compiler/ti-cgt-c2000_20.2.2.LTS/lib/</path>
         <kind>archive</kind>
         <file>rts2800_fpu32.lib</file>
         <name>strchr.c.obj</name>
      </input_file>
      <input_file id="fl-4e">
         <path>/Applications/ti/ccs1020/ccs/tools/compiler/ti-cgt-c2000_20.2.2.LTS/lib/</path>
         <kind>archive</kind>
         <file>rts2800_fpu32.lib</file>
         <name>strcpy.c.obj</name>
      </input_file>
      <input_file id="fl-4f">
         <path>/Applications/ti/ccs1020/ccs/tools/compiler/ti-cgt-c2000_20.2.2.LTS/lib/</path>
         <kind>archive</kind>
         <file>rts2800_fpu32.lib</file>
         <name>strrchr.c.obj</name>
      </input_file>
      <input_file id="fl-50">
         <path>/Applications/ti/ccs1020/ccs/tools/compiler/ti-cgt-c2000_20.2.2.LTS/lib/</path>
         <kind>archive</kind>
         <file>rts2800_fpu32.lib</file>
         <name>strtod.c.obj</name>
      </input_file>
      <input_file id="fl-51">
         <path>/Applications/ti/ccs1020/ccs/tools/compiler/ti-cgt-c2000_20.2.2.LTS/lib/</path>
         <kind>archive</kind>
         <file>rts2800_fpu32.lib</file>
         <name>strtol.c.obj</name>
      </input_file>
      <input_file id="fl-52">
         <path>/Applications/ti/ccs1020/ccs/tools/compiler/ti-cgt-c2000_20.2.2.LTS/lib/</path>
         <kind>archive</kind>
         <file>rts2800_fpu32.lib</file>
         <name>strtold.c.obj</name>
      </input_file>
      <input_file id="fl-53">
         <path>/Applications/ti/ccs1020/ccs/tools/compiler/ti-cgt-c2000_20.2.2.LTS/lib/</path>
         <kind>archive</kind>
         <file>rts2800_fpu32.lib</file>
         <name>strtoll.c.obj</name>
      </input_file>
      <input_file id="fl-54">
         <path>/Applications/ti/ccs1020/ccs/tools/compiler/ti-cgt-c2000_20.2.2.LTS/lib/</path>
         <kind>archive</kind>
         <file>rts2800_fpu32.lib</file>
         <name>strtoul.c.obj</name>
      </input_file>
      <input_file id="fl-55">
         <path>/Applications/ti/ccs1020/ccs/tools/compiler/ti-cgt-c2000_20.2.2.LTS/lib/</path>
         <kind>archive</kind>
         <file>rts2800_fpu32.lib</file>
         <name>strtoull.c.obj</name>
      </input_file>
      <input_file id="fl-56">
         <path>/Applications/ti/ccs1020/ccs/tools/compiler/ti-cgt-c2000_20.2.2.LTS/lib/</path>
         <kind>archive</kind>
         <file>rts2800_fpu32.lib</file>
         <name>errno.c.obj</name>
      </input_file>
      <input_file id="fl-57">
         <path>/Applications/ti/ccs1020/ccs/tools/compiler/ti-cgt-c2000_20.2.2.LTS/lib/</path>
         <kind>archive</kind>
         <file>rts2800_fpu32.lib</file>
         <name>s_frexp.c.obj</name>
      </input_file>
      <input_file id="fl-58">
         <path>/Applications/ti/ccs1020/ccs/tools/compiler/ti-cgt-c2000_20.2.2.LTS/lib/</path>
         <kind>archive</kind>
         <file>rts2800_fpu32.lib</file>
         <name>s_scalbn.c.obj</name>
      </input_file>
      <input_file id="fl-59">
         <path>/Applications/ti/ccs1020/ccs/tools/compiler/ti-cgt-c2000_20.2.2.LTS/lib/</path>
         <kind>archive</kind>
         <file>rts2800_fpu32.lib</file>
         <name>wcslen.c.obj</name>
      </input_file>
      <input_file id="fl-5a">
         <path>/Applications/ti/ccs1020/ccs/tools/compiler/ti-cgt-c2000_20.2.2.LTS/lib/</path>
         <kind>archive</kind>
         <file>rts2800_fpu32.lib</file>
         <name>s_copysign.c.obj</name>
      </input_file>
      <input_file id="fl-5b">
         <path>/Applications/ti/ccs1020/ccs/tools/compiler/ti-cgt-c2000_20.2.2.LTS/lib/</path>
         <kind>archive</kind>
         <file>rts2800_fpu32.lib</file>
         <name>s_scalbnf.c.obj</name>
      </input_file>
      <input_file id="fl-5c">
         <path>/Applications/ti/ccs1020/ccs/tools/compiler/ti-cgt-c2000_20.2.2.LTS/lib/</path>
         <kind>archive</kind>
         <file>rts2800_fpu32.lib</file>
         <name>fd_add28.asm.obj</name>
      </input_file>
      <input_file id="fl-5d">
         <path>/Applications/ti/ccs1020/ccs/tools/compiler/ti-cgt-c2000_20.2.2.LTS/lib/</path>
         <kind>archive</kind>
         <file>rts2800_fpu32.lib</file>
         <name>ll_mpy28.asm.obj</name>
      </input_file>
      <input_file id="fl-5e">
         <path>/Applications/ti/ccs1020/ccs/tools/compiler/ti-cgt-c2000_20.2.2.LTS/lib/</path>
         <kind>archive</kind>
         <file>rts2800_fpu32.lib</file>
         <name>s_copysignf.c.obj</name>
      </input_file>
   </input_file_list>
   <object_component_list>
      <object_component id="oc-90">
         <name>codestart</name>
         <load_address>0x0</load_address>
         <run_address>0x0</run_address>
         <size>0x2</size>
         <input_file_ref idref="fl-4"/>
      </object_component>
      <object_component id="oc-270">
         <name>.text</name>
         <load_address>0x8000</load_address>
         <run_address>0x8000</run_address>
         <size>0xce4</size>
         <input_file_ref idref="fl-3a"/>
      </object_component>
      <object_component id="oc-272">
         <name>.text</name>
         <load_address>0x8ce4</load_address>
         <run_address>0x8ce4</run_address>
         <size>0x7b5</size>
         <input_file_ref idref="fl-3b"/>
      </object_component>
      <object_component id="oc-254">
         <name>.text</name>
         <load_address>0x9499</load_address>
         <run_address>0x9499</run_address>
         <size>0x739</size>
         <input_file_ref idref="fl-10"/>
      </object_component>
      <object_component id="oc-12f">
         <name>.text:retain</name>
         <load_address>0x9bd2</load_address>
         <run_address>0x9bd2</run_address>
         <size>0x650</size>
         <input_file_ref idref="fl-10"/>
      </object_component>
      <object_component id="oc-9c">
         <name>.text:retain</name>
         <load_address>0xa222</load_address>
         <run_address>0xa222</run_address>
         <size>0x585</size>
         <input_file_ref idref="fl-6"/>
      </object_component>
      <object_component id="oc-28c">
         <name>.text</name>
         <load_address>0xa7a7</load_address>
         <run_address>0xa7a7</run_address>
         <size>0x58</size>
         <input_file_ref idref="fl-5b"/>
      </object_component>
      <object_component id="oc-250">
         <name>.text</name>
         <load_address>0xa7ff</load_address>
         <run_address>0xa7ff</run_address>
         <size>0x1</size>
         <input_file_ref idref="fl-34"/>
      </object_component>
      <object_component id="oc-267">
         <name>.text</name>
         <load_address>0xd000</load_address>
         <run_address>0xd000</run_address>
         <size>0x4ab</size>
         <input_file_ref idref="fl-d"/>
      </object_component>
      <object_component id="oc-253">
         <name>.text</name>
         <load_address>0xd4ab</load_address>
         <run_address>0xd4ab</run_address>
         <size>0x33c</size>
         <input_file_ref idref="fl-2"/>
      </object_component>
      <object_component id="oc-283">
         <name>.text</name>
         <load_address>0xd7e7</load_address>
         <run_address>0xd7e7</run_address>
         <size>0x283</size>
         <input_file_ref idref="fl-52"/>
      </object_component>
      <object_component id="oc-264">
         <name>.text</name>
         <load_address>0xda6a</load_address>
         <run_address>0xda6a</run_address>
         <size>0x244</size>
         <input_file_ref idref="fl-9"/>
      </object_component>
      <object_component id="oc-284">
         <name>.text</name>
         <load_address>0xdcae</load_address>
         <run_address>0xdcae</run_address>
         <size>0x1ff</size>
         <input_file_ref idref="fl-50"/>
      </object_component>
      <object_component id="oc-86">
         <name>.text:retain</name>
         <load_address>0xdead</load_address>
         <run_address>0xdead</run_address>
         <size>0x1e0</size>
         <input_file_ref idref="fl-2"/>
      </object_component>
      <object_component id="oc-285">
         <name>.text</name>
         <load_address>0xe08d</load_address>
         <run_address>0xe08d</run_address>
         <size>0x13f</size>
         <input_file_ref idref="fl-53"/>
      </object_component>
      <object_component id="oc-1c4">
         <name>.text</name>
         <load_address>0xe1cc</load_address>
         <run_address>0xe1cc</run_address>
         <size>0x107</size>
         <input_file_ref idref="fl-44"/>
      </object_component>
      <object_component id="oc-281">
         <name>.text</name>
         <load_address>0xe2d3</load_address>
         <run_address>0xe2d3</run_address>
         <size>0x103</size>
         <input_file_ref idref="fl-55"/>
      </object_component>
      <object_component id="oc-26b">
         <name>.text</name>
         <load_address>0xe3d6</load_address>
         <run_address>0xe3d6</run_address>
         <size>0xf0</size>
         <input_file_ref idref="fl-3"/>
      </object_component>
      <object_component id="oc-286">
         <name>.text</name>
         <load_address>0xe4c6</load_address>
         <run_address>0xe4c6</run_address>
         <size>0xd3</size>
         <input_file_ref idref="fl-51"/>
      </object_component>
      <object_component id="oc-282">
         <name>.text</name>
         <load_address>0xe599</load_address>
         <run_address>0xe599</run_address>
         <size>0xb1</size>
         <input_file_ref idref="fl-54"/>
      </object_component>
      <object_component id="oc-278">
         <name>.text</name>
         <load_address>0xe64a</load_address>
         <run_address>0xe64a</run_address>
         <size>0xae</size>
         <input_file_ref idref="fl-58"/>
      </object_component>
      <object_component id="oc-23f">
         <name>.text</name>
         <load_address>0xe6f8</load_address>
         <run_address>0xe6f8</run_address>
         <size>0x9c</size>
         <input_file_ref idref="fl-5c"/>
      </object_component>
      <object_component id="oc-1d8">
         <name>.text</name>
         <load_address>0xe794</load_address>
         <run_address>0xe794</run_address>
         <size>0x8b</size>
         <input_file_ref idref="fl-48"/>
      </object_component>
      <object_component id="oc-154">
         <name>.text</name>
         <load_address>0xe81f</load_address>
         <run_address>0xe81f</run_address>
         <size>0x88</size>
         <input_file_ref idref="fl-2e"/>
      </object_component>
      <object_component id="oc-1a1">
         <name>.text</name>
         <load_address>0xe8a7</load_address>
         <run_address>0xe8a7</run_address>
         <size>0x83</size>
         <input_file_ref idref="fl-3d"/>
      </object_component>
      <object_component id="oc-26a">
         <name>.text</name>
         <load_address>0xe92a</load_address>
         <run_address>0xe92a</run_address>
         <size>0x7c</size>
         <input_file_ref idref="fl-5"/>
      </object_component>
      <object_component id="oc-26d">
         <name>.text</name>
         <load_address>0xe9a6</load_address>
         <run_address>0xe9a6</run_address>
         <size>0x6d</size>
         <input_file_ref idref="fl-2c"/>
      </object_component>
      <object_component id="oc-277">
         <name>.text</name>
         <load_address>0xea13</load_address>
         <run_address>0xea13</run_address>
         <size>0x5a</size>
         <input_file_ref idref="fl-57"/>
      </object_component>
      <object_component id="oc-83">
         <name>.text</name>
         <load_address>0xea6d</load_address>
         <run_address>0xea6d</run_address>
         <size>0x56</size>
         <input_file_ref idref="fl-2d"/>
      </object_component>
      <object_component id="oc-275">
         <name>.text</name>
         <load_address>0xeac3</load_address>
         <run_address>0xeac3</run_address>
         <size>0x31</size>
         <input_file_ref idref="fl-4a"/>
      </object_component>
      <object_component id="oc-276">
         <name>.text</name>
         <load_address>0xeaf4</load_address>
         <run_address>0xeaf4</run_address>
         <size>0x30</size>
         <input_file_ref idref="fl-49"/>
      </object_component>
      <object_component id="oc-265">
         <name>.text</name>
         <load_address>0xeb24</load_address>
         <run_address>0xeb24</run_address>
         <size>0x30</size>
         <input_file_ref idref="fl-2b"/>
      </object_component>
      <object_component id="oc-19c">
         <name>.text</name>
         <load_address>0xeb54</load_address>
         <run_address>0xeb54</run_address>
         <size>0x2a</size>
         <input_file_ref idref="fl-3c"/>
      </object_component>
      <object_component id="oc-15e">
         <name>.text</name>
         <load_address>0xeb7e</load_address>
         <run_address>0xeb7e</run_address>
         <size>0x2a</size>
         <input_file_ref idref="fl-30"/>
      </object_component>
      <object_component id="oc-252">
         <name>.text</name>
         <load_address>0xeba8</load_address>
         <run_address>0xeba8</run_address>
         <size>0x29</size>
         <input_file_ref idref="fl-35"/>
      </object_component>
      <object_component id="oc-268">
         <name>.text</name>
         <load_address>0xebd1</load_address>
         <run_address>0xebd1</run_address>
         <size>0x28</size>
         <input_file_ref idref="fl-a"/>
      </object_component>
      <object_component id="oc-269">
         <name>.text</name>
         <load_address>0xebf9</load_address>
         <run_address>0xebf9</run_address>
         <size>0x26</size>
         <input_file_ref idref="fl-b"/>
      </object_component>
      <object_component id="oc-287">
         <name>.text</name>
         <load_address>0xec1f</load_address>
         <run_address>0xec1f</run_address>
         <size>0x25</size>
         <input_file_ref idref="fl-5a"/>
      </object_component>
      <object_component id="oc-24f">
         <name>.text</name>
         <load_address>0xec44</load_address>
         <run_address>0xec44</run_address>
         <size>0x24</size>
         <input_file_ref idref="fl-31"/>
      </object_component>
      <object_component id="oc-1b0">
         <name>.text</name>
         <load_address>0xec68</load_address>
         <run_address>0xec68</run_address>
         <size>0x21</size>
         <input_file_ref idref="fl-40"/>
      </object_component>
      <object_component id="oc-1b5">
         <name>.text</name>
         <load_address>0xec89</load_address>
         <run_address>0xec89</run_address>
         <size>0x1f</size>
         <input_file_ref idref="fl-41"/>
      </object_component>
      <object_component id="oc-1bf">
         <name>.text</name>
         <load_address>0xeca8</load_address>
         <run_address>0xeca8</run_address>
         <size>0x1e</size>
         <input_file_ref idref="fl-43"/>
      </object_component>
      <object_component id="oc-1c9">
         <name>.text</name>
         <load_address>0xecc6</load_address>
         <run_address>0xecc6</run_address>
         <size>0x1d</size>
         <input_file_ref idref="fl-45"/>
      </object_component>
      <object_component id="oc-261">
         <name>.text</name>
         <load_address>0xece3</load_address>
         <run_address>0xece3</run_address>
         <size>0x1d</size>
         <input_file_ref idref="fl-32"/>
      </object_component>
      <object_component id="oc-1d3">
         <name>.text</name>
         <load_address>0xed00</load_address>
         <run_address>0xed00</run_address>
         <size>0x1c</size>
         <input_file_ref idref="fl-47"/>
      </object_component>
      <object_component id="oc-1ce">
         <name>.text</name>
         <load_address>0xed1c</load_address>
         <run_address>0xed1c</run_address>
         <size>0x1c</size>
         <input_file_ref idref="fl-46"/>
      </object_component>
      <object_component id="oc-1ba">
         <name>.text</name>
         <load_address>0xed38</load_address>
         <run_address>0xed38</run_address>
         <size>0x18</size>
         <input_file_ref idref="fl-42"/>
      </object_component>
      <object_component id="oc-244">
         <name>.text</name>
         <load_address>0xed50</load_address>
         <run_address>0xed50</run_address>
         <size>0x14</size>
         <input_file_ref idref="fl-5d"/>
      </object_component>
      <object_component id="oc-251">
         <name>.text</name>
         <load_address>0xed64</load_address>
         <run_address>0xed64</run_address>
         <size>0x12</size>
         <input_file_ref idref="fl-37"/>
      </object_component>
      <object_component id="oc-28d">
         <name>.text</name>
         <load_address>0xed76</load_address>
         <run_address>0xed76</run_address>
         <size>0x11</size>
         <input_file_ref idref="fl-5e"/>
      </object_component>
      <object_component id="oc-27c">
         <name>.text</name>
         <load_address>0xed87</load_address>
         <run_address>0xed87</run_address>
         <size>0x10</size>
         <input_file_ref idref="fl-4b"/>
      </object_component>
      <object_component id="oc-1ab">
         <name>.text</name>
         <load_address>0xed97</load_address>
         <run_address>0xed97</run_address>
         <size>0xe</size>
         <input_file_ref idref="fl-3f"/>
      </object_component>
      <object_component id="oc-279">
         <name>.text</name>
         <load_address>0xeda5</load_address>
         <run_address>0xeda5</run_address>
         <size>0xc</size>
         <input_file_ref idref="fl-4d"/>
      </object_component>
      <object_component id="oc-27e">
         <name>.text</name>
         <load_address>0xedb1</load_address>
         <run_address>0xedb1</run_address>
         <size>0xb</size>
         <input_file_ref idref="fl-4f"/>
      </object_component>
      <object_component id="oc-159">
         <name>.text</name>
         <load_address>0xedbc</load_address>
         <run_address>0xedbc</run_address>
         <size>0xb</size>
         <input_file_ref idref="fl-2f"/>
      </object_component>
      <object_component id="oc-26e">
         <name>.text</name>
         <load_address>0xedc7</load_address>
         <run_address>0xedc7</run_address>
         <size>0x9</size>
         <input_file_ref idref="fl-36"/>
      </object_component>
      <object_component id="oc-1a6">
         <name>.text</name>
         <load_address>0xedd0</load_address>
         <run_address>0xedd0</run_address>
         <size>0x9</size>
         <input_file_ref idref="fl-3e"/>
      </object_component>
      <object_component id="oc-27d">
         <name>.text</name>
         <load_address>0xedd9</load_address>
         <run_address>0xedd9</run_address>
         <size>0x9</size>
         <input_file_ref idref="fl-59"/>
      </object_component>
      <object_component id="oc-266">
         <name>.text</name>
         <load_address>0xede2</load_address>
         <run_address>0xede2</run_address>
         <size>0x8</size>
         <input_file_ref idref="fl-39"/>
      </object_component>
      <object_component id="oc-27a">
         <name>.text</name>
         <load_address>0xedea</load_address>
         <run_address>0xedea</run_address>
         <size>0x7</size>
         <input_file_ref idref="fl-4c"/>
      </object_component>
      <object_component id="oc-27b">
         <name>.text</name>
         <load_address>0xedf1</load_address>
         <run_address>0xedf1</run_address>
         <size>0x5</size>
         <input_file_ref idref="fl-4e"/>
      </object_component>
      <object_component id="oc-24e">
         <name>.text</name>
         <load_address>0xedf6</load_address>
         <run_address>0xedf6</run_address>
         <size>0x2</size>
         <input_file_ref idref="fl-33"/>
      </object_component>
      <object_component id="oc-12d">
         <name>.cinit</name>
         <load_address>0xb000</load_address>
         <run_address>0xb000</run_address>
         <size>0x1ca</size>
         <input_file_ref idref="fl-10"/>
      </object_component>
      <object_component id="oc-260">
         <name>.cinit:_b</name>
         <load_address>0xb1ca</load_address>
         <run_address>0xb1ca</run_address>
         <size>0xcd</size>
         <input_file_ref idref="fl-10"/>
      </object_component>
      <object_component id="oc-136">
         <name>.cinit</name>
         <load_address>0xb297</load_address>
         <run_address>0xb297</run_address>
         <size>0xf</size>
         <input_file_ref idref="fl-11"/>
      </object_component>
      <object_component id="oc-178">
         <name>.cinit</name>
         <load_address>0xb2a6</load_address>
         <run_address>0xb2a6</run_address>
         <size>0xe</size>
         <input_file_ref idref="fl-35"/>
      </object_component>
      <object_component id="oc-25a">
         <name>.cinit:_LeftWheelArray</name>
         <load_address>0xb2b4</load_address>
         <run_address>0xb2b4</run_address>
         <size>0xb</size>
         <input_file_ref idref="fl-10"/>
      </object_component>
      <object_component id="oc-25c">
         <name>.cinit:_RightWheelArray</name>
         <load_address>0xb2bf</load_address>
         <run_address>0xb2bf</run_address>
         <size>0xb</size>
         <input_file_ref idref="fl-10"/>
      </object_component>
      <object_component id="oc-258">
         <name>.cinit:_gyro_array</name>
         <load_address>0xb2ca</load_address>
         <run_address>0xb2ca</run_address>
         <size>0xb</size>
         <input_file_ref idref="fl-10"/>
      </object_component>
      <object_component id="oc-256">
         <name>.cinit:_tilt_array</name>
         <load_address>0xb2d5</load_address>
         <run_address>0xb2d5</run_address>
         <size>0xb</size>
         <input_file_ref idref="fl-10"/>
      </object_component>
      <object_component id="oc-263">
         <name>.cinit:__lock</name>
         <load_address>0xb2e0</load_address>
         <run_address>0xb2e0</run_address>
         <size>0x5</size>
         <input_file_ref idref="fl-36"/>
      </object_component>
      <object_component id="oc-26f">
         <name>.cinit:__unlock</name>
         <load_address>0xb2e5</load_address>
         <run_address>0xb2e5</run_address>
         <size>0x5</size>
         <input_file_ref idref="fl-36"/>
      </object_component>
      <object_component id="oc-25e">
         <name>.cinit:_xk</name>
         <load_address>0xb2ea</load_address>
         <run_address>0xb2ea</run_address>
         <size>0x5</size>
         <input_file_ref idref="fl-10"/>
      </object_component>
      <object_component id="oc-220">
         <name>.cinit</name>
         <load_address>0xb2ef</load_address>
         <run_address>0xb2ef</run_address>
         <size>0x4</size>
         <input_file_ref idref="fl-56"/>
      </object_component>
      <object_component id="oc-14f">
         <name>.reset</name>
         <load_address>0x3fffc0</load_address>
         <run_address>0x3fffc0</run_address>
         <size>0x2</size>
         <input_file_ref idref="fl-2d"/>
      </object_component>
      <object_component id="oc-14e">
         <name>.stack</name>
         <uninitialized>true</uninitialized>
         <run_address>0xb800</run_address>
         <size>0x0</size>
         <input_file_ref idref="fl-2d"/>
      </object_component>
      <object_component id="oc-316">
         <name>.stack</name>
         <uninitialized>true</uninitialized>
         <run_address>0xb800</run_address>
         <size>0x0</size>
      </object_component>
      <object_component id="oc-85">
         <name>.ebss</name>
         <uninitialized>true</uninitialized>
         <run_address>0x15000</run_address>
         <size>0x2f30</size>
         <input_file_ref idref="fl-2"/>
      </object_component>
      <object_component id="oc-96">
         <name>.ebss</name>
         <uninitialized>true</uninitialized>
         <run_address>0x1814a</run_address>
         <size>0x18</size>
         <input_file_ref idref="fl-5"/>
      </object_component>
      <object_component id="oc-12e">
         <name>.ebss</name>
         <uninitialized>true</uninitialized>
         <run_address>0x17f40</run_address>
         <size>0x12c</size>
         <input_file_ref idref="fl-10"/>
      </object_component>
      <object_component id="oc-255">
         <name>.ebss:_tilt_array</name>
         <uninitialized>true</uninitialized>
         <run_address>0x18074</run_address>
         <size>0x8</size>
         <input_file_ref idref="fl-10"/>
      </object_component>
      <object_component id="oc-257">
         <name>.ebss:_gyro_array</name>
         <uninitialized>true</uninitialized>
         <run_address>0x1806c</run_address>
         <size>0x8</size>
         <input_file_ref idref="fl-10"/>
      </object_component>
      <object_component id="oc-259">
         <name>.ebss:_LeftWheelArray</name>
         <uninitialized>true</uninitialized>
         <run_address>0x17f30</run_address>
         <size>0x8</size>
         <input_file_ref idref="fl-10"/>
      </object_component>
      <object_component id="oc-25b">
         <name>.ebss:_RightWheelArray</name>
         <uninitialized>true</uninitialized>
         <run_address>0x17f38</run_address>
         <size>0x8</size>
         <input_file_ref idref="fl-10"/>
      </object_component>
      <object_component id="oc-26c">
         <name>.ebss:_RXBuff</name>
         <uninitialized>true</uninitialized>
         <run_address>0x18280</run_address>
         <size>0x80</size>
         <input_file_ref idref="fl-10"/>
      </object_component>
      <object_component id="oc-25d">
         <name>.ebss:_xk</name>
         <uninitialized>true</uninitialized>
         <run_address>0x18180</run_address>
         <size>0xca</size>
         <input_file_ref idref="fl-10"/>
      </object_component>
      <object_component id="oc-25f">
         <name>.ebss:_b</name>
         <uninitialized>true</uninitialized>
         <run_address>0x18080</run_address>
         <size>0xca</size>
         <input_file_ref idref="fl-10"/>
      </object_component>
      <object_component id="oc-137">
         <name>.ebss</name>
         <uninitialized>true</uninitialized>
         <run_address>0x18162</run_address>
         <size>0x6</size>
         <input_file_ref idref="fl-11"/>
      </object_component>
      <object_component id="oc-179">
         <name>.ebss</name>
         <uninitialized>true</uninitialized>
         <run_address>0x18168</run_address>
         <size>0x6</size>
         <input_file_ref idref="fl-35"/>
      </object_component>
      <object_component id="oc-262">
         <name>.ebss:__lock</name>
         <uninitialized>true</uninitialized>
         <run_address>0x1807c</run_address>
         <size>0x2</size>
         <input_file_ref idref="fl-36"/>
      </object_component>
      <object_component id="oc-274">
         <name>.ebss:__unlock</name>
         <uninitialized>true</uninitialized>
         <run_address>0x1807e</run_address>
         <size>0x2</size>
         <input_file_ref idref="fl-36"/>
      </object_component>
      <object_component id="oc-221">
         <name>.ebss</name>
         <uninitialized>true</uninitialized>
         <run_address>0x1816e</run_address>
         <size>0x1</size>
         <input_file_ref idref="fl-56"/>
      </object_component>
      <object_component id="oc-271">
         <name>.econst:_PieVectTableInit</name>
         <load_address>0xa800</load_address>
         <run_address>0xa800</run_address>
         <size>0x1c0</size>
         <input_file_ref idref="fl-b"/>
      </object_component>
      <object_component id="oc-273">
         <name>.econst:.string:__ctypes_</name>
         <load_address>0xa9c0</load_address>
         <run_address>0xa9c0</run_address>
         <size>0x101</size>
         <input_file_ref idref="fl-38"/>
      </object_component>
      <object_component id="oc-13f">
         <name>.econst:.string</name>
         <load_address>0xaac2</load_address>
         <run_address>0xaac2</run_address>
         <size>0x60</size>
         <input_file_ref idref="fl-1f"/>
      </object_component>
      <object_component id="oc-288">
         <name>.econst:_digits</name>
         <load_address>0xab22</load_address>
         <run_address>0xab22</run_address>
         <size>0x40</size>
         <input_file_ref idref="fl-52"/>
      </object_component>
      <object_component id="oc-191">
         <name>.econst:.string</name>
         <load_address>0xab62</load_address>
         <run_address>0xab62</run_address>
         <size>0x26</size>
         <input_file_ref idref="fl-3a"/>
      </object_component>
      <object_component id="oc-289">
         <name>.econst:_powerof10</name>
         <load_address>0xab88</load_address>
         <run_address>0xab88</run_address>
         <size>0x24</size>
         <input_file_ref idref="fl-52"/>
      </object_component>
      <object_component id="oc-28a">
         <name>.econst:_digits</name>
         <load_address>0xabac</load_address>
         <run_address>0xabac</run_address>
         <size>0x20</size>
         <input_file_ref idref="fl-50"/>
      </object_component>
      <object_component id="oc-190">
         <name>.econst</name>
         <load_address>0xabcc</load_address>
         <run_address>0xabcc</run_address>
         <size>0x1c</size>
         <input_file_ref idref="fl-3a"/>
      </object_component>
      <object_component id="oc-22a">
         <name>.econst</name>
         <load_address>0xabe8</load_address>
         <run_address>0xabe8</run_address>
         <size>0x1c</size>
         <input_file_ref idref="fl-58"/>
      </object_component>
      <object_component id="oc-130">
         <name>.econst:.string</name>
         <load_address>0xac04</load_address>
         <run_address>0xac04</run_address>
         <size>0x1a</size>
         <input_file_ref idref="fl-10"/>
      </object_component>
      <object_component id="oc-138">
         <name>.econst:.string</name>
         <load_address>0xac1e</load_address>
         <run_address>0xac1e</run_address>
         <size>0x13</size>
         <input_file_ref idref="fl-11"/>
      </object_component>
      <object_component id="oc-197">
         <name>.econst:.string</name>
         <load_address>0xac32</load_address>
         <run_address>0xac32</run_address>
         <size>0xe</size>
         <input_file_ref idref="fl-3b"/>
      </object_component>
      <object_component id="oc-28b">
         <name>.econst:_powerof10</name>
         <load_address>0xac40</load_address>
         <run_address>0xac40</run_address>
         <size>0xc</size>
         <input_file_ref idref="fl-50"/>
      </object_component>
      <object_component id="oc-20b">
         <name>.econst</name>
         <load_address>0xac4c</load_address>
         <run_address>0xac4c</run_address>
         <size>0xc</size>
         <input_file_ref idref="fl-52"/>
      </object_component>
      <object_component id="oc-224">
         <name>.econst</name>
         <load_address>0xac58</load_address>
         <run_address>0xac58</run_address>
         <size>0x8</size>
         <input_file_ref idref="fl-57"/>
      </object_component>
      <object_component id="oc-27f">
         <name>.econst:.string:_flit$1</name>
         <load_address>0xac60</load_address>
         <run_address>0xac60</run_address>
         <size>0x7</size>
         <input_file_ref idref="fl-3b"/>
      </object_component>
      <object_component id="oc-280">
         <name>.econst:.string:_barr$2</name>
         <load_address>0xac67</load_address>
         <run_address>0xac67</run_address>
         <size>0x6</size>
         <input_file_ref idref="fl-3b"/>
      </object_component>
      <object_component id="oc-23a">
         <name>.econst</name>
         <load_address>0xac6e</load_address>
         <run_address>0xac6e</run_address>
         <size>0x6</size>
         <input_file_ref idref="fl-5b"/>
      </object_component>
      <object_component id="oc-122">
         <name>.TI.ramfunc</name>
         <load_address>0x123</load_address>
         <run_address>0x123</run_address>
         <size>0x4</size>
         <input_file_ref idref="fl-e"/>
      </object_component>
      <object_component id="oc-13e">
         <name>.TI.ramfunc</name>
         <load_address>0x127</load_address>
         <run_address>0x127</run_address>
         <size>0x4</size>
         <input_file_ref idref="fl-1f"/>
      </object_component>
      <object_component id="oc-107">
         <name>PieVectTableFile</name>
         <uninitialized>true</uninitialized>
         <run_address>0xd00</run_address>
         <size>0x1c0</size>
         <input_file_ref idref="fl-8"/>
      </object_component>
      <object_component id="oc-a7">
         <name>EmuBModeVar</name>
         <uninitialized>true</uninitialized>
         <run_address>0xd00</run_address>
         <size>0x1</size>
         <input_file_ref idref="fl-8"/>
      </object_component>
      <object_component id="oc-a8">
         <name>EmuBootPinsVar</name>
         <uninitialized>true</uninitialized>
         <run_address>0xd01</run_address>
         <size>0x1</size>
         <input_file_ref idref="fl-8"/>
      </object_component>
      <object_component id="oc-be">
         <name>AdcaResultFile</name>
         <uninitialized>true</uninitialized>
         <run_address>0xb00</run_address>
         <size>0x18</size>
         <input_file_ref idref="fl-8"/>
      </object_component>
      <object_component id="oc-bf">
         <name>AdcbResultFile</name>
         <uninitialized>true</uninitialized>
         <run_address>0xb20</run_address>
         <size>0x18</size>
         <input_file_ref idref="fl-8"/>
      </object_component>
      <object_component id="oc-c0">
         <name>AdccResultFile</name>
         <uninitialized>true</uninitialized>
         <run_address>0xb40</run_address>
         <size>0x18</size>
         <input_file_ref idref="fl-8"/>
      </object_component>
      <object_component id="oc-c1">
         <name>AdcdResultFile</name>
         <uninitialized>true</uninitialized>
         <run_address>0xb60</run_address>
         <size>0x18</size>
         <input_file_ref idref="fl-8"/>
      </object_component>
      <object_component id="oc-ed">
         <name>AdcaRegsFile</name>
         <uninitialized>true</uninitialized>
         <run_address>0x7400</run_address>
         <size>0x80</size>
         <input_file_ref idref="fl-8"/>
      </object_component>
      <object_component id="oc-ee">
         <name>AdcbRegsFile</name>
         <uninitialized>true</uninitialized>
         <run_address>0x7480</run_address>
         <size>0x80</size>
         <input_file_ref idref="fl-8"/>
      </object_component>
      <object_component id="oc-ef">
         <name>AdccRegsFile</name>
         <uninitialized>true</uninitialized>
         <run_address>0x7500</run_address>
         <size>0x80</size>
         <input_file_ref idref="fl-8"/>
      </object_component>
      <object_component id="oc-f0">
         <name>AdcdRegsFile</name>
         <uninitialized>true</uninitialized>
         <run_address>0x7580</run_address>
         <size>0x80</size>
         <input_file_ref idref="fl-8"/>
      </object_component>
      <object_component id="oc-e9">
         <name>AnalogSubsysRegsFile</name>
         <uninitialized>true</uninitialized>
         <run_address>0x5d180</run_address>
         <size>0x48</size>
         <input_file_ref idref="fl-8"/>
      </object_component>
      <object_component id="oc-103">
         <name>CanaRegsFile</name>
         <uninitialized>true</uninitialized>
         <run_address>0x48000</run_address>
         <size>0x164</size>
         <input_file_ref idref="fl-8"/>
      </object_component>
      <object_component id="oc-104">
         <name>CanbRegsFile</name>
         <uninitialized>true</uninitialized>
         <run_address>0x4a000</run_address>
         <size>0x164</size>
         <input_file_ref idref="fl-8"/>
      </object_component>
      <object_component id="oc-e4">
         <name>Cla1RegsFile</name>
         <uninitialized>true</uninitialized>
         <run_address>0x1400</run_address>
         <size>0x3e</size>
         <input_file_ref idref="fl-8"/>
      </object_component>
      <object_component id="oc-ac">
         <name>Cla1SoftIntRegsFile</name>
         <uninitialized>true</uninitialized>
         <run_address>0xce0</run_address>
         <size>0x4</size>
         <input_file_ref idref="fl-8"/>
      </object_component>
      <object_component id="oc-c4">
         <name>Cmpss1RegsFile</name>
         <uninitialized>true</uninitialized>
         <run_address>0x5c80</run_address>
         <size>0x20</size>
         <input_file_ref idref="fl-8"/>
      </object_component>
      <object_component id="oc-c5">
         <name>Cmpss2RegsFile</name>
         <uninitialized>true</uninitialized>
         <run_address>0x5ca0</run_address>
         <size>0x20</size>
         <input_file_ref idref="fl-8"/>
      </object_component>
      <object_component id="oc-c6">
         <name>Cmpss3RegsFile</name>
         <uninitialized>true</uninitialized>
         <run_address>0x5cc0</run_address>
         <size>0x20</size>
         <input_file_ref idref="fl-8"/>
      </object_component>
      <object_component id="oc-c7">
         <name>Cmpss4RegsFile</name>
         <uninitialized>true</uninitialized>
         <run_address>0x5ce0</run_address>
         <size>0x20</size>
         <input_file_ref idref="fl-8"/>
      </object_component>
      <object_component id="oc-c8">
         <name>Cmpss5RegsFile</name>
         <uninitialized>true</uninitialized>
         <run_address>0x5d00</run_address>
         <size>0x20</size>
         <input_file_ref idref="fl-8"/>
      </object_component>
      <object_component id="oc-c9">
         <name>Cmpss6RegsFile</name>
         <uninitialized>true</uninitialized>
         <run_address>0x5d20</run_address>
         <size>0x20</size>
         <input_file_ref idref="fl-8"/>
      </object_component>
      <object_component id="oc-ca">
         <name>Cmpss7RegsFile</name>
         <uninitialized>true</uninitialized>
         <run_address>0x5d40</run_address>
         <size>0x20</size>
         <input_file_ref idref="fl-8"/>
      </object_component>
      <object_component id="oc-cb">
         <name>Cmpss8RegsFile</name>
         <uninitialized>true</uninitialized>
         <run_address>0x5d60</run_address>
         <size>0x20</size>
         <input_file_ref idref="fl-8"/>
      </object_component>
      <object_component id="oc-b2">
         <name>CpuTimer0RegsFile</name>
         <uninitialized>true</uninitialized>
         <run_address>0xc00</run_address>
         <size>0x8</size>
         <input_file_ref idref="fl-8"/>
      </object_component>
      <object_component id="oc-b3">
         <name>CpuTimer1RegsFile</name>
         <uninitialized>true</uninitialized>
         <run_address>0xc08</run_address>
         <size>0x8</size>
         <input_file_ref idref="fl-8"/>
      </object_component>
      <object_component id="oc-b4">
         <name>CpuTimer2RegsFile</name>
         <uninitialized>true</uninitialized>
         <run_address>0xc10</run_address>
         <size>0x8</size>
         <input_file_ref idref="fl-8"/>
      </object_component>
      <object_component id="oc-af">
         <name>DacaRegsFile</name>
         <uninitialized>true</uninitialized>
         <run_address>0x5c00</run_address>
         <size>0x8</size>
         <input_file_ref idref="fl-8"/>
      </object_component>
      <object_component id="oc-b0">
         <name>DacbRegsFile</name>
         <uninitialized>true</uninitialized>
         <run_address>0x5c10</run_address>
         <size>0x8</size>
         <input_file_ref idref="fl-8"/>
      </object_component>
      <object_component id="oc-b1">
         <name>DaccRegsFile</name>
         <uninitialized>true</uninitialized>
         <run_address>0x5c20</run_address>
         <size>0x8</size>
         <input_file_ref idref="fl-8"/>
      </object_component>
      <object_component id="oc-db">
         <name>DcsmZ1RegsFile</name>
         <uninitialized>true</uninitialized>
         <run_address>0x5f000</run_address>
         <size>0x24</size>
         <input_file_ref idref="fl-8"/>
      </object_component>
      <object_component id="oc-dc">
         <name>DcsmZ2RegsFile</name>
         <uninitialized>true</uninitialized>
         <run_address>0x5f040</run_address>
         <size>0x24</size>
         <input_file_ref idref="fl-8"/>
      </object_component>
      <object_component id="oc-b5">
         <name>DcsmCommonRegsFile</name>
         <uninitialized>true</uninitialized>
         <run_address>0x5f070</run_address>
         <size>0x8</size>
         <input_file_ref idref="fl-8"/>
      </object_component>
      <object_component id="oc-f5">
         <name>DmaRegsFile</name>
         <uninitialized>true</uninitialized>
         <run_address>0x1000</run_address>
         <size>0xe0</size>
         <input_file_ref idref="fl-8"/>
      </object_component>
      <object_component id="oc-c2">
         <name>DmaClaSrcSelRegsFile</name>
         <uninitialized>true</uninitialized>
         <run_address>0x7980</run_address>
         <size>0x1a</size>
         <input_file_ref idref="fl-8"/>
      </object_component>
      <object_component id="oc-cc">
         <name>ECap1RegsFile</name>
         <uninitialized>true</uninitialized>
         <run_address>0x5000</run_address>
         <size>0x20</size>
         <input_file_ref idref="fl-8"/>
      </object_component>
      <object_component id="oc-cd">
         <name>ECap2RegsFile</name>
         <uninitialized>true</uninitialized>
         <run_address>0x5020</run_address>
         <size>0x20</size>
         <input_file_ref idref="fl-8"/>
      </object_component>
      <object_component id="oc-ce">
         <name>ECap3RegsFile</name>
         <uninitialized>true</uninitialized>
         <run_address>0x5040</run_address>
         <size>0x20</size>
         <input_file_ref idref="fl-8"/>
      </object_component>
      <object_component id="oc-cf">
         <name>ECap4RegsFile</name>
         <uninitialized>true</uninitialized>
         <run_address>0x5060</run_address>
         <size>0x20</size>
         <input_file_ref idref="fl-8"/>
      </object_component>
      <object_component id="oc-d0">
         <name>ECap5RegsFile</name>
         <uninitialized>true</uninitialized>
         <run_address>0x5080</run_address>
         <size>0x20</size>
         <input_file_ref idref="fl-8"/>
      </object_component>
      <object_component id="oc-d1">
         <name>ECap6RegsFile</name>
         <uninitialized>true</uninitialized>
         <run_address>0x50a0</run_address>
         <size>0x20</size>
         <input_file_ref idref="fl-8"/>
      </object_component>
      <object_component id="oc-eb">
         <name>Emif1RegsFile</name>
         <uninitialized>true</uninitialized>
         <run_address>0x47000</run_address>
         <size>0x70</size>
         <input_file_ref idref="fl-8"/>
      </object_component>
      <object_component id="oc-ec">
         <name>Emif2RegsFile</name>
         <uninitialized>true</uninitialized>
         <run_address>0x47800</run_address>
         <size>0x70</size>
         <input_file_ref idref="fl-8"/>
      </object_component>
      <object_component id="oc-f6">
         <name>EPwm1RegsFile</name>
         <uninitialized>true</uninitialized>
         <run_address>0x4000</run_address>
         <size>0x100</size>
         <input_file_ref idref="fl-8"/>
      </object_component>
      <object_component id="oc-f7">
         <name>EPwm2RegsFile</name>
         <uninitialized>true</uninitialized>
         <run_address>0x4100</run_address>
         <size>0x100</size>
         <input_file_ref idref="fl-8"/>
      </object_component>
      <object_component id="oc-f8">
         <name>EPwm3RegsFile</name>
         <uninitialized>true</uninitialized>
         <run_address>0x4200</run_address>
         <size>0x100</size>
         <input_file_ref idref="fl-8"/>
      </object_component>
      <object_component id="oc-f9">
         <name>EPwm4RegsFile</name>
         <uninitialized>true</uninitialized>
         <run_address>0x4300</run_address>
         <size>0x100</size>
         <input_file_ref idref="fl-8"/>
      </object_component>
      <object_component id="oc-fa">
         <name>EPwm5RegsFile</name>
         <uninitialized>true</uninitialized>
         <run_address>0x4400</run_address>
         <size>0x100</size>
         <input_file_ref idref="fl-8"/>
      </object_component>
      <object_component id="oc-fb">
         <name>EPwm6RegsFile</name>
         <uninitialized>true</uninitialized>
         <run_address>0x4500</run_address>
         <size>0x100</size>
         <input_file_ref idref="fl-8"/>
      </object_component>
      <object_component id="oc-fc">
         <name>EPwm7RegsFile</name>
         <uninitialized>true</uninitialized>
         <run_address>0x4600</run_address>
         <size>0x100</size>
         <input_file_ref idref="fl-8"/>
      </object_component>
      <object_component id="oc-fd">
         <name>EPwm8RegsFile</name>
         <uninitialized>true</uninitialized>
         <run_address>0x4700</run_address>
         <size>0x100</size>
         <input_file_ref idref="fl-8"/>
      </object_component>
      <object_component id="oc-fe">
         <name>EPwm9RegsFile</name>
         <uninitialized>true</uninitialized>
         <run_address>0x4800</run_address>
         <size>0x100</size>
         <input_file_ref idref="fl-8"/>
      </object_component>
      <object_component id="oc-ff">
         <name>EPwm10RegsFile</name>
         <uninitialized>true</uninitialized>
         <run_address>0x4900</run_address>
         <size>0x100</size>
         <input_file_ref idref="fl-8"/>
      </object_component>
      <object_component id="oc-100">
         <name>EPwm11RegsFile</name>
         <uninitialized>true</uninitialized>
         <run_address>0x4a00</run_address>
         <size>0x100</size>
         <input_file_ref idref="fl-8"/>
      </object_component>
      <object_component id="oc-101">
         <name>EPwm12RegsFile</name>
         <uninitialized>true</uninitialized>
         <run_address>0x4b00</run_address>
         <size>0x100</size>
         <input_file_ref idref="fl-8"/>
      </object_component>
      <object_component id="oc-e5">
         <name>EPwmXbarRegsFile</name>
         <uninitialized>true</uninitialized>
         <run_address>0x7a00</run_address>
         <size>0x40</size>
         <input_file_ref idref="fl-8"/>
      </object_component>
      <object_component id="oc-d6">
         <name>EQep1RegsFile</name>
         <uninitialized>true</uninitialized>
         <run_address>0x5100</run_address>
         <size>0x22</size>
         <input_file_ref idref="fl-8"/>
      </object_component>
      <object_component id="oc-d7">
         <name>EQep2RegsFile</name>
         <uninitialized>true</uninitialized>
         <run_address>0x5140</run_address>
         <size>0x22</size>
         <input_file_ref idref="fl-8"/>
      </object_component>
      <object_component id="oc-d8">
         <name>EQep3RegsFile</name>
         <uninitialized>true</uninitialized>
         <run_address>0x5180</run_address>
         <size>0x22</size>
         <input_file_ref idref="fl-8"/>
      </object_component>
      <object_component id="oc-106">
         <name>Flash0CtrlRegsFile</name>
         <uninitialized>true</uninitialized>
         <run_address>0x5f800</run_address>
         <size>0x182</size>
         <input_file_ref idref="fl-8"/>
      </object_component>
      <object_component id="oc-e0">
         <name>Flash0EccRegsFile</name>
         <uninitialized>true</uninitialized>
         <run_address>0x5fb00</run_address>
         <size>0x28</size>
         <input_file_ref idref="fl-8"/>
      </object_component>
      <object_component id="oc-105">
         <name>GpioCtrlRegsFile</name>
         <uninitialized>true</uninitialized>
         <run_address>0x7c00</run_address>
         <size>0x180</size>
         <input_file_ref idref="fl-8"/>
      </object_component>
      <object_component id="oc-e2">
         <name>GpioDataRegsFile</name>
         <uninitialized>true</uninitialized>
         <run_address>0x7f00</run_address>
         <size>0x30</size>
         <input_file_ref idref="fl-8"/>
      </object_component>
      <object_component id="oc-e6">
         <name>OutputXbarRegsFile</name>
         <uninitialized>true</uninitialized>
         <run_address>0x7a80</run_address>
         <size>0x40</size>
         <input_file_ref idref="fl-8"/>
      </object_component>
      <object_component id="oc-d9">
         <name>I2caRegsFile</name>
         <uninitialized>true</uninitialized>
         <run_address>0x7300</run_address>
         <size>0x22</size>
         <input_file_ref idref="fl-8"/>
      </object_component>
      <object_component id="oc-da">
         <name>I2cbRegsFile</name>
         <uninitialized>true</uninitialized>
         <run_address>0x7340</run_address>
         <size>0x22</size>
         <input_file_ref idref="fl-8"/>
      </object_component>
      <object_component id="oc-d2">
         <name>InputXbarRegsFile</name>
         <uninitialized>true</uninitialized>
         <run_address>0x7900</run_address>
         <size>0x20</size>
         <input_file_ref idref="fl-8"/>
      </object_component>
      <object_component id="oc-d3">
         <name>XbarRegsFile</name>
         <uninitialized>true</uninitialized>
         <run_address>0x7920</run_address>
         <size>0x20</size>
         <input_file_ref idref="fl-8"/>
      </object_component>
      <object_component id="oc-dd">
         <name>IpcRegsFile</name>
         <uninitialized>true</uninitialized>
         <run_address>0x50000</run_address>
         <size>0x24</size>
         <input_file_ref idref="fl-8"/>
      </object_component>
      <object_component id="oc-a9">
         <name>FlashPumpSemaphoreRegsFile</name>
         <uninitialized>true</uninitialized>
         <run_address>0x50024</run_address>
         <size>0x2</size>
         <input_file_ref idref="fl-8"/>
      </object_component>
      <object_component id="oc-aa">
         <name>RomPrefetchRegsFile</name>
         <uninitialized>true</uninitialized>
         <run_address>0x5e608</run_address>
         <size>0x2</size>
         <input_file_ref idref="fl-8"/>
      </object_component>
      <object_component id="oc-f1">
         <name>MemCfgRegsFile</name>
         <uninitialized>true</uninitialized>
         <run_address>0x5f400</run_address>
         <size>0x80</size>
         <input_file_ref idref="fl-8"/>
      </object_component>
      <object_component id="oc-d4">
         <name>Emif1ConfigRegsFile</name>
         <uninitialized>true</uninitialized>
         <run_address>0x5f480</run_address>
         <size>0x20</size>
         <input_file_ref idref="fl-8"/>
      </object_component>
      <object_component id="oc-d5">
         <name>Emif2ConfigRegsFile</name>
         <uninitialized>true</uninitialized>
         <run_address>0x5f4a0</run_address>
         <size>0x20</size>
         <input_file_ref idref="fl-8"/>
      </object_component>
      <object_component id="oc-e7">
         <name>AccessProtectionRegsFile</name>
         <uninitialized>true</uninitialized>
         <run_address>0x5f4c0</run_address>
         <size>0x40</size>
         <input_file_ref idref="fl-8"/>
      </object_component>
      <object_component id="oc-e8">
         <name>MemoryErrorRegsFile</name>
         <uninitialized>true</uninitialized>
         <run_address>0x5f500</run_address>
         <size>0x40</size>
         <input_file_ref idref="fl-8"/>
      </object_component>
      <object_component id="oc-ab">
         <name>RomWaitStateRegsFile</name>
         <uninitialized>true</uninitialized>
         <run_address>0x5f540</run_address>
         <size>0x2</size>
         <input_file_ref idref="fl-8"/>
      </object_component>
      <object_component id="oc-de">
         <name>McbspaRegsFile</name>
         <uninitialized>true</uninitialized>
         <run_address>0x6000</run_address>
         <size>0x24</size>
         <input_file_ref idref="fl-8"/>
      </object_component>
      <object_component id="oc-df">
         <name>McbspbRegsFile</name>
         <uninitialized>true</uninitialized>
         <run_address>0x6040</run_address>
         <size>0x24</size>
         <input_file_ref idref="fl-8"/>
      </object_component>
      <object_component id="oc-ea">
         <name>UppRegsFile</name>
         <uninitialized>true</uninitialized>
         <run_address>0x6200</run_address>
         <size>0x48</size>
         <input_file_ref idref="fl-8"/>
      </object_component>
      <object_component id="oc-ae">
         <name>NmiIntruptRegsFile</name>
         <uninitialized>true</uninitialized>
         <run_address>0x7060</run_address>
         <size>0x7</size>
         <input_file_ref idref="fl-8"/>
      </object_component>
      <object_component id="oc-c3">
         <name>PieCtrlRegsFile</name>
         <uninitialized>true</uninitialized>
         <run_address>0xce0</run_address>
         <size>0x1a</size>
         <input_file_ref idref="fl-8"/>
      </object_component>
      <object_component id="oc-b7">
         <name>SciaRegsFile</name>
         <uninitialized>true</uninitialized>
         <run_address>0x7200</run_address>
         <size>0x10</size>
         <input_file_ref idref="fl-8"/>
      </object_component>
      <object_component id="oc-b8">
         <name>ScibRegsFile</name>
         <uninitialized>true</uninitialized>
         <run_address>0x7210</run_address>
         <size>0x10</size>
         <input_file_ref idref="fl-8"/>
      </object_component>
      <object_component id="oc-b9">
         <name>ScicRegsFile</name>
         <uninitialized>true</uninitialized>
         <run_address>0x7220</run_address>
         <size>0x10</size>
         <input_file_ref idref="fl-8"/>
      </object_component>
      <object_component id="oc-ba">
         <name>ScidRegsFile</name>
         <uninitialized>true</uninitialized>
         <run_address>0x7230</run_address>
         <size>0x10</size>
         <input_file_ref idref="fl-8"/>
      </object_component>
      <object_component id="oc-f2">
         <name>Sdfm1RegsFile</name>
         <uninitialized>true</uninitialized>
         <run_address>0x5e00</run_address>
         <size>0x80</size>
         <input_file_ref idref="fl-8"/>
      </object_component>
      <object_component id="oc-f3">
         <name>Sdfm2RegsFile</name>
         <uninitialized>true</uninitialized>
         <run_address>0x5e80</run_address>
         <size>0x80</size>
         <input_file_ref idref="fl-8"/>
      </object_component>
      <object_component id="oc-bb">
         <name>SpiaRegsFile</name>
         <uninitialized>true</uninitialized>
         <run_address>0x6100</run_address>
         <size>0x10</size>
         <input_file_ref idref="fl-8"/>
      </object_component>
      <object_component id="oc-bc">
         <name>SpibRegsFile</name>
         <uninitialized>true</uninitialized>
         <run_address>0x6110</run_address>
         <size>0x10</size>
         <input_file_ref idref="fl-8"/>
      </object_component>
      <object_component id="oc-bd">
         <name>SpicRegsFile</name>
         <uninitialized>true</uninitialized>
         <run_address>0x6120</run_address>
         <size>0x10</size>
         <input_file_ref idref="fl-8"/>
      </object_component>
      <object_component id="oc-102">
         <name>DevCfgRegsFile</name>
         <uninitialized>true</uninitialized>
         <run_address>0x5d000</run_address>
         <size>0x12e</size>
         <input_file_ref idref="fl-8"/>
      </object_component>
      <object_component id="oc-e3">
         <name>ClkCfgRegsFile</name>
         <uninitialized>true</uninitialized>
         <run_address>0x5d200</run_address>
         <size>0x32</size>
         <input_file_ref idref="fl-8"/>
      </object_component>
      <object_component id="oc-f4">
         <name>CpuSysRegsFile</name>
         <uninitialized>true</uninitialized>
         <run_address>0x5d300</run_address>
         <size>0x82</size>
         <input_file_ref idref="fl-8"/>
      </object_component>
      <object_component id="oc-ad">
         <name>SyncSocRegsFile</name>
         <uninitialized>true</uninitialized>
         <run_address>0x7940</run_address>
         <size>0x6</size>
         <input_file_ref idref="fl-8"/>
      </object_component>
      <object_component id="oc-e1">
         <name>WdRegsFile</name>
         <uninitialized>true</uninitialized>
         <run_address>0x7000</run_address>
         <size>0x2b</size>
         <input_file_ref idref="fl-8"/>
      </object_component>
      <object_component id="oc-b6">
         <name>XintRegsFile</name>
         <uninitialized>true</uninitialized>
         <run_address>0x7070</run_address>
         <size>0xb</size>
         <input_file_ref idref="fl-8"/>
      </object_component>
      <object_component id="oc-84">
         <name>.debug_info</name>
         <load_address>0x0</load_address>
         <run_address>0x0</run_address>
         <size>0x66a9</size>
         <input_file_ref idref="fl-2"/>
      </object_component>
      <object_component id="oc-8b">
         <name>.debug_info</name>
         <load_address>0x66a9</load_address>
         <run_address>0x66a9</run_address>
         <size>0x488f</size>
         <input_file_ref idref="fl-3"/>
      </object_component>
      <object_component id="oc-92">
         <name>.debug_info</name>
         <load_address>0xaf38</load_address>
         <run_address>0xaf38</run_address>
         <size>0x123</size>
         <input_file_ref idref="fl-4"/>
      </object_component>
      <object_component id="oc-95">
         <name>.debug_info</name>
         <load_address>0xb05b</load_address>
         <run_address>0xb05b</run_address>
         <size>0x9a9</size>
         <input_file_ref idref="fl-5"/>
      </object_component>
      <object_component id="oc-9b">
         <name>.debug_info</name>
         <load_address>0xba04</load_address>
         <run_address>0xba04</run_address>
         <size>0x3506</size>
         <input_file_ref idref="fl-6"/>
      </object_component>
      <object_component id="oc-a1">
         <name>.debug_info</name>
         <load_address>0xef0a</load_address>
         <run_address>0xef0a</run_address>
         <size>0xf3fc</size>
         <input_file_ref idref="fl-7"/>
      </object_component>
      <object_component id="oc-a6">
         <name>.debug_info</name>
         <load_address>0x1e306</load_address>
         <run_address>0x1e306</run_address>
         <size>0x5055d</size>
         <input_file_ref idref="fl-8"/>
      </object_component>
      <object_component id="oc-109">
         <name>.debug_info</name>
         <load_address>0x6e863</load_address>
         <run_address>0x6e863</run_address>
         <size>0x19f8d</size>
         <input_file_ref idref="fl-9"/>
      </object_component>
      <object_component id="oc-10e">
         <name>.debug_info</name>
         <load_address>0x887f0</load_address>
         <run_address>0x887f0</run_address>
         <size>0x3577</size>
         <input_file_ref idref="fl-a"/>
      </object_component>
      <object_component id="oc-113">
         <name>.debug_info</name>
         <load_address>0x8bd67</load_address>
         <run_address>0x8bd67</run_address>
         <size>0x673d</size>
         <input_file_ref idref="fl-b"/>
      </object_component>
      <object_component id="oc-118">
         <name>.debug_info</name>
         <load_address>0x924a4</load_address>
         <run_address>0x924a4</run_address>
         <size>0xfce3</size>
         <input_file_ref idref="fl-c"/>
      </object_component>
      <object_component id="oc-11d">
         <name>.debug_info</name>
         <load_address>0xa2187</load_address>
         <run_address>0xa2187</run_address>
         <size>0xcbc1</size>
         <input_file_ref idref="fl-d"/>
      </object_component>
      <object_component id="oc-124">
         <name>.debug_info</name>
         <load_address>0xaed48</load_address>
         <run_address>0xaed48</run_address>
         <size>0x11e</size>
         <input_file_ref idref="fl-e"/>
      </object_component>
      <object_component id="oc-127">
         <name>.debug_info</name>
         <load_address>0xaee66</load_address>
         <run_address>0xaee66</run_address>
         <size>0x5d13</size>
         <input_file_ref idref="fl-f"/>
      </object_component>
      <object_component id="oc-12c">
         <name>.debug_info</name>
         <load_address>0xb4b79</load_address>
         <run_address>0xb4b79</run_address>
         <size>0x29824</size>
         <input_file_ref idref="fl-10"/>
      </object_component>
      <object_component id="oc-135">
         <name>.debug_info</name>
         <load_address>0xde39d</load_address>
         <run_address>0xde39d</run_address>
         <size>0xe43</size>
         <input_file_ref idref="fl-11"/>
      </object_component>
      <object_component id="oc-13d">
         <name>.debug_info</name>
         <load_address>0xdf1e0</load_address>
         <run_address>0xdf1e0</run_address>
         <size>0x502</size>
         <input_file_ref idref="fl-1f"/>
      </object_component>
      <object_component id="oc-144">
         <name>.debug_info</name>
         <load_address>0xdf6e2</load_address>
         <run_address>0xdf6e2</run_address>
         <size>0x67e</size>
         <input_file_ref idref="fl-2b"/>
      </object_component>
      <object_component id="oc-149">
         <name>.debug_info</name>
         <load_address>0xdfd60</load_address>
         <run_address>0xdfd60</run_address>
         <size>0x7bc</size>
         <input_file_ref idref="fl-2c"/>
      </object_component>
      <object_component id="oc-150">
         <name>.debug_info</name>
         <load_address>0xe051c</load_address>
         <run_address>0xe051c</run_address>
         <size>0x173</size>
         <input_file_ref idref="fl-2d"/>
      </object_component>
      <object_component id="oc-155">
         <name>.debug_info</name>
         <load_address>0xe068f</load_address>
         <run_address>0xe068f</run_address>
         <size>0x114</size>
         <input_file_ref idref="fl-2e"/>
      </object_component>
      <object_component id="oc-15a">
         <name>.debug_info</name>
         <load_address>0xe07a3</load_address>
         <run_address>0xe07a3</run_address>
         <size>0x141</size>
         <input_file_ref idref="fl-2f"/>
      </object_component>
      <object_component id="oc-15f">
         <name>.debug_info</name>
         <load_address>0xe08e4</load_address>
         <run_address>0xe08e4</run_address>
         <size>0x1a5</size>
         <input_file_ref idref="fl-30"/>
      </object_component>
      <object_component id="oc-163">
         <name>.debug_info</name>
         <load_address>0xe0a89</load_address>
         <run_address>0xe0a89</run_address>
         <size>0x561</size>
         <input_file_ref idref="fl-31"/>
      </object_component>
      <object_component id="oc-168">
         <name>.debug_info</name>
         <load_address>0xe0fea</load_address>
         <run_address>0xe0fea</run_address>
         <size>0x43a</size>
         <input_file_ref idref="fl-32"/>
      </object_component>
      <object_component id="oc-16d">
         <name>.debug_info</name>
         <load_address>0xe1424</load_address>
         <run_address>0xe1424</run_address>
         <size>0x3ad</size>
         <input_file_ref idref="fl-33"/>
      </object_component>
      <object_component id="oc-172">
         <name>.debug_info</name>
         <load_address>0xe17d1</load_address>
         <run_address>0xe17d1</run_address>
         <size>0x3aa</size>
         <input_file_ref idref="fl-34"/>
      </object_component>
      <object_component id="oc-177">
         <name>.debug_info</name>
         <load_address>0xe1b7b</load_address>
         <run_address>0xe1b7b</run_address>
         <size>0x544</size>
         <input_file_ref idref="fl-35"/>
      </object_component>
      <object_component id="oc-17e">
         <name>.debug_info</name>
         <load_address>0xe20bf</load_address>
         <run_address>0xe20bf</run_address>
         <size>0x4cc</size>
         <input_file_ref idref="fl-36"/>
      </object_component>
      <object_component id="oc-183">
         <name>.debug_info</name>
         <load_address>0xe258b</load_address>
         <run_address>0xe258b</run_address>
         <size>0x467</size>
         <input_file_ref idref="fl-37"/>
      </object_component>
      <object_component id="oc-188">
         <name>.debug_info</name>
         <load_address>0xe29f2</load_address>
         <run_address>0xe29f2</run_address>
         <size>0x1e7</size>
         <input_file_ref idref="fl-38"/>
      </object_component>
      <object_component id="oc-18a">
         <name>.debug_info</name>
         <load_address>0xe2bd9</load_address>
         <run_address>0xe2bd9</run_address>
         <size>0x4aa</size>
         <input_file_ref idref="fl-39"/>
      </object_component>
      <object_component id="oc-18f">
         <name>.debug_info</name>
         <load_address>0xe3083</load_address>
         <run_address>0xe3083</run_address>
         <size>0x26e8</size>
         <input_file_ref idref="fl-3a"/>
      </object_component>
      <object_component id="oc-196">
         <name>.debug_info</name>
         <load_address>0xe576b</load_address>
         <run_address>0xe576b</run_address>
         <size>0x19dc</size>
         <input_file_ref idref="fl-3b"/>
      </object_component>
      <object_component id="oc-19d">
         <name>.debug_info</name>
         <load_address>0xe7147</load_address>
         <run_address>0xe7147</run_address>
         <size>0x120</size>
         <input_file_ref idref="fl-3c"/>
      </object_component>
      <object_component id="oc-1a2">
         <name>.debug_info</name>
         <load_address>0xe7267</load_address>
         <run_address>0xe7267</run_address>
         <size>0x114</size>
         <input_file_ref idref="fl-3d"/>
      </object_component>
      <object_component id="oc-1a7">
         <name>.debug_info</name>
         <load_address>0xe737b</load_address>
         <run_address>0xe737b</run_address>
         <size>0x114</size>
         <input_file_ref idref="fl-3e"/>
      </object_component>
      <object_component id="oc-1ac">
         <name>.debug_info</name>
         <load_address>0xe748f</load_address>
         <run_address>0xe748f</run_address>
         <size>0x122</size>
         <input_file_ref idref="fl-3f"/>
      </object_component>
      <object_component id="oc-1b1">
         <name>.debug_info</name>
         <load_address>0xe75b1</load_address>
         <run_address>0xe75b1</run_address>
         <size>0x114</size>
         <input_file_ref idref="fl-40"/>
      </object_component>
      <object_component id="oc-1b6">
         <name>.debug_info</name>
         <load_address>0xe76c5</load_address>
         <run_address>0xe76c5</run_address>
         <size>0x114</size>
         <input_file_ref idref="fl-41"/>
      </object_component>
      <object_component id="oc-1bb">
         <name>.debug_info</name>
[...]
      <symbol id="sm-693">
         <name>_tilt_value</name>
         <value>0x17ff6</value>
         <object_component_ref idref="oc-12e"/>
      </symbol>
      <symbol id="sm-694">
         <name>_xr_dot_1</name>
         <value>0x17fd0</value>
         <object_component_ref idref="oc-12e"/>
      </symbol>
      <symbol id="sm-695">
         <name>_gyroz_offset</name>
         <value>0x17ff2</value>
         <object_component_ref idref="oc-12e"/>
      </symbol>
      <symbol id="sm-696">
         <name>_calibration_state</name>
         <value>0x17f55</value>
         <object_component_ref idref="oc-12e"/>
      </symbol>
      <symbol id="sm-697">
         <name>_setDACA</name>
         <value>0x9499</value>
         <object_component_ref idref="oc-254"/>
      </symbol>
      <symbol id="sm-699">
         <name>_setDACB</name>
         <value>0x94c3</value>
         <object_component_ref idref="oc-254"/>
      </symbol>
      <symbol id="sm-69b">
         <name>_numSWIcalls</name>
         <value>0x17f5e</value>
         <object_component_ref idref="oc-12e"/>
      </symbol>
      <symbol id="sm-69c">
         <name>_WhlDiff_1</name>
         <value>0x18034</value>
         <object_component_ref idref="oc-12e"/>
      </symbol>
      <symbol id="sm-69d">
         <name>_readEncRight</name>
         <value>0x9ad4</value>
         <object_component_ref idref="oc-254"/>
      </symbol>
      <symbol id="sm-69f">
         <name>_numTimer0calls</name>
         <value>0x17f5c</value>
         <object_component_ref idref="oc-12e"/>
      </symbol>
      <symbol id="sm-6a0">
         <name>_gyroXreading</name>
         <value>0x17f74</value>
         <object_component_ref idref="oc-12e"/>
      </symbol>
      <symbol id="sm-6a1">
         <name>_I_right_K_1</name>
         <value>0x17fa2</value>
         <object_component_ref idref="oc-12e"/>
      </symbol>
      <symbol id="sm-6a2">
         <name>_e_left_1</name>
         <value>0x17fd8</value>
         <object_component_ref idref="oc-12e"/>
      </symbol>
      <symbol id="sm-6a3">
         <name>_vel_left_1</name>
         <value>0x18020</value>
         <object_component_ref idref="oc-12e"/>
      </symbol>
      <symbol id="sm-6a4">
         <name>_turn1</name>
         <value>0x17fa6</value>
         <object_component_ref idref="oc-12e"/>
      </symbol>
      <symbol id="sm-6a5">
         <name>_SpibNumCalls</name>
         <value>0x17f54</value>
         <object_component_ref idref="oc-12e"/>
      </symbol>
      <symbol id="sm-6a6">
         <name>_theta_l1</name>
         <value>0x18028</value>
         <object_component_ref idref="oc-12e"/>
      </symbol>
      <symbol id="sm-6a7">
         <name>_vel_right_1</name>
         <value>0x1801e</value>
         <object_component_ref idref="oc-12e"/>
      </symbol>
      <symbol id="sm-6a8">
         <name>_intDiff</name>
         <value>0x18042</value>
         <object_component_ref idref="oc-12e"/>
      </symbol>
      <symbol id="sm-6a9">
         <name>_accelXreading</name>
         <value>0x17f6e</value>
         <object_component_ref idref="oc-12e"/>
      </symbol>
      <symbol id="sm-6aa">
         <name>_tilt_array</name>
         <value>0x18074</value>
         <object_component_ref idref="oc-255"/>
      </symbol>
      <symbol id="sm-6ab">
         <name>_SendToOrange</name>
         <value>0x17f42</value>
         <object_component_ref idref="oc-12e"/>
      </symbol>
      <symbol id="sm-6ac">
         <name>_SWI_isr</name>
         <value>0x9bd2</value>
         <object_component_ref idref="oc-12f"/>
      </symbol>
      <symbol id="sm-6ae">
         <name>_newData</name>
         <value>0x17f5a</value>
         <object_component_ref idref="oc-12e"/>
      </symbol>
      <symbol id="sm-6af">
         <name>_RXBuff</name>
         <value>0x18280</value>
         <object_component_ref idref="oc-26c"/>
      </symbol>
      <symbol id="sm-6b0">
         <name>_gyroy_offset</name>
         <value>0x17ff0</value>
         <object_component_ref idref="oc-12e"/>
      </symbol>
      <symbol id="sm-6b1">
         <name>_u_right</name>
         <value>0x18052</value>
         <object_component_ref idref="oc-12e"/>
      </symbol>
      <symbol id="sm-6b2">
         <name>_turnrate_1</name>
         <value>0x1803c</value>
         <object_component_ref idref="oc-12e"/>
      </symbol>
      <symbol id="sm-6b3">
         <name>_omega_l1</name>
         <value>0x18026</value>
         <object_component_ref idref="oc-12e"/>
      </symbol>
      <symbol id="sm-6b4">
         <name>_Err_RightK_1</name>
         <value>0x17fa4</value>
         <object_component_ref idref="oc-12e"/>
      </symbol>
      <symbol id="sm-6b5">
         <name>_b</name>
         <value>0x18080</value>
         <object_component_ref idref="oc-25f"/>
      </symbol>
      <symbol id="sm-6b6">
         <name>_T</name>
         <value>0x17ffa</value>
         <object_component_ref idref="oc-12e"/>
      </symbol>
      <symbol id="sm-6b7">
         <name>_count</name>
         <value>0x17f43</value>
         <object_component_ref idref="oc-12e"/>
      </symbol>
      <symbol id="sm-6b8">
         <name>_R</name>
         <value>0x17ffe</value>
         <object_component_ref idref="oc-12e"/>
      </symbol>
      <symbol id="sm-6b9">
         <name>_Q</name>
         <value>0x17ffc</value>
         <object_component_ref idref="oc-12e"/>
      </symbol>
      <symbol id="sm-6ba">
         <name>_collectdata</name>
         <value>0x17f56</value>
         <object_component_ref idref="oc-12e"/>
      </symbol>
      <symbol id="sm-6bb">
         <name>_RightWheelArray</name>
         <value>0x17f38</value>
         <object_component_ref idref="oc-25b"/>
      </symbol>
      <symbol id="sm-6bc">
         <name>_x_r</name>
         <value>0x17fc0</value>
         <object_component_ref idref="oc-12e"/>
      </symbol>
      <symbol id="sm-6bd">
         <name>_errorDiff</name>
         <value>0x1803e</value>
         <object_component_ref idref="oc-12e"/>
      </symbol>
      <symbol id="sm-6be">
         <name>_gyroYreading</name>
         <value>0x17f76</value>
         <object_component_ref idref="oc-12e"/>
      </symbol>
      <symbol id="sm-6bf">
         <name>_I_right_K</name>
         <value>0x17fa0</value>
         <object_component_ref idref="oc-12e"/>
      </symbol>
      <symbol id="sm-6c0">
         <name>_omega_r</name>
         <value>0x17fba</value>
         <object_component_ref idref="oc-12e"/>
      </symbol>
      <symbol id="sm-6c1">
         <name>_omega_l</name>
         <value>0x17fbc</value>
         <object_component_ref idref="oc-12e"/>
      </symbol>
      <symbol id="sm-6c2">
         <name>_LeftWheelK_1</name>
         <value>0x17f8c</value>
         <object_component_ref idref="oc-12e"/>
      </symbol>
      <symbol id="sm-6c3">
         <name>_uLeft</name>
         <value>0x17f82</value>
         <object_component_ref idref="oc-12e"/>
      </symbol>
      <symbol id="sm-6c4">
         <name>_K_turn</name>
         <value>0x17faa</value>
         <object_component_ref idref="oc-12e"/>
      </symbol>
      <symbol id="sm-6d5">
         <name>_Example_Fail</name>
         <value>0x18166</value>
         <object_component_ref idref="oc-137"/>
      </symbol>
      <symbol id="sm-6d6">
         <name>_Example_Result</name>
         <value>0x18162</value>
         <object_component_ref idref="oc-137"/>
      </symbol>
      <symbol id="sm-6d7">
         <name>_Example_PassCount</name>
         <value>0x18164</value>
         <object_component_ref idref="oc-137"/>
      </symbol>
      <symbol id="sm-6e6">
         <name>_SysCtl_delay</name>
         <value>0x127</value>
         <object_component_ref idref="oc-13e"/>
      </symbol>
      <symbol id="sm-6f4">
         <name>_vsprintf</name>
         <value>0xeb24</value>
         <object_component_ref idref="oc-265"/>
      </symbol>
      <symbol id="sm-70f">
         <name>_sscanf</name>
         <value>0xe9b6</value>
         <object_component_ref idref="oc-26d"/>
      </symbol>
      <symbol id="sm-711">
         <name>_vsscanf</name>
         <value>0xe9a6</value>
         <object_component_ref idref="oc-26d"/>
      </symbol>
      <symbol id="sm-72d">
         <name>_c_int00</name>
         <value>0xea6d</value>
         <object_component_ref idref="oc-83"/>
      </symbol>
      <symbol id="sm-72e">
         <name>__stack</name>
         <value>0xb800</value>
         <object_component_ref idref="oc-14e"/>
      </symbol>
      <symbol id="sm-73f">
         <name>FS$$DIV</name>
         <value>0xe81f</value>
         <object_component_ref idref="oc-154"/>
      </symbol>
      <symbol id="sm-74b">
         <name>U$$MOD</name>
         <value>0xedc1</value>
         <object_component_ref idref="oc-159"/>
      </symbol>
      <symbol id="sm-74c">
         <name>U$$DIV</name>
         <value>0xedbc</value>
         <object_component_ref idref="oc-159"/>
      </symbol>
      <symbol id="sm-758">
         <name>UL$$MOD</name>
         <value>0xeba2</value>
         <object_component_ref idref="oc-15e"/>
      </symbol>
      <symbol id="sm-759">
         <name>L$$MOD</name>
         <value>0xeb8d</value>
         <object_component_ref idref="oc-15e"/>
      </symbol>
      <symbol id="sm-75a">
         <name>L$$DIV</name>
         <value>0xeb7e</value>
         <object_component_ref idref="oc-15e"/>
      </symbol>
      <symbol id="sm-75b">
         <name>UL$$DIV</name>
         <value>0xeb9b</value>
         <object_component_ref idref="oc-15e"/>
      </symbol>
      <symbol id="sm-76a">
         <name>_copy_in</name>
         <value>0xec44</value>
         <object_component_ref idref="oc-24f"/>
      </symbol>
      <symbol id="sm-77c">
         <name>_memcpy</name>
         <value>0xece3</value>
         <object_component_ref idref="oc-261"/>
      </symbol>
      <symbol id="sm-789">
         <name>__system_pre_init</name>
         <value>0xedf6</value>
         <object_component_ref idref="oc-24e"/>
      </symbol>
      <symbol id="sm-797">
         <name>__system_post_cinit</name>
         <value>0xa7ff</value>
         <object_component_ref idref="oc-250"/>
      </symbol>
      <symbol id="sm-7ac">
         <name>C$$EXIT</name>
         <value>0xeba8</value>
         <object_component_ref idref="oc-252"/>
      </symbol>
      <symbol id="sm-7ad">
         <name>_exit</name>
         <value>0xebaa</value>
         <object_component_ref idref="oc-252"/>
      </symbol>
      <symbol id="sm-7af">
         <name>___TI_cleanup_ptr</name>
         <value>0x1816a</value>
         <object_component_ref idref="oc-179"/>
      </symbol>
      <symbol id="sm-7b0">
         <name>___TI_enable_exit_profile_output</name>
         <value>0x18168</value>
         <object_component_ref idref="oc-179"/>
      </symbol>
      <symbol id="sm-7b1">
         <name>_abort</name>
         <value>0xeba8</value>
         <object_component_ref idref="oc-252"/>
      </symbol>
      <symbol id="sm-7b3">
         <name>___TI_dtors_ptr</name>
         <value>0x1816c</value>
         <object_component_ref idref="oc-179"/>
      </symbol>
      <symbol id="sm-7c7">
         <name>__unlock</name>
         <value>0x1807e</value>
         <object_component_ref idref="oc-274"/>
      </symbol>
      <symbol id="sm-7c8">
         <name>__lock</name>
         <value>0x1807c</value>
         <object_component_ref idref="oc-262"/>
      </symbol>
      <symbol id="sm-7c9">
         <name>__register_lock</name>
         <value>0xedcb</value>
         <object_component_ref idref="oc-26e"/>
      </symbol>
      <symbol id="sm-7cb">
         <name>__nop</name>
         <value>0xedcf</value>
         <object_component_ref idref="oc-26e"/>
      </symbol>
      <symbol id="sm-7cd">
         <name>__register_unlock</name>
         <value>0xedc7</value>
         <object_component_ref idref="oc-26e"/>
      </symbol>
      <symbol id="sm-7dd">
         <name>__args_main</name>
         <value>0xed64</value>
         <object_component_ref idref="oc-251"/>
      </symbol>
      <symbol id="sm-7e6">
         <name>__ctypes_</name>
         <value>0xa9c0</value>
         <object_component_ref idref="oc-273"/>
      </symbol>
      <symbol id="sm-7f3">
         <name>_strlen</name>
         <value>0xede2</value>
         <object_component_ref idref="oc-266"/>
      </symbol>
      <symbol id="sm-954">
         <name>___TI_printfi</name>
         <value>0x8b53</value>
         <object_component_ref idref="oc-270"/>
      </symbol>
      <symbol id="sm-a5b">
         <name>___TI_scanfi</name>
         <value>0x919f</value>
         <object_component_ref idref="oc-272"/>
      </symbol>
      <symbol id="sm-a6c">
         <name>FD$$CMP</name>
         <value>0xeb54</value>
         <object_component_ref idref="oc-19c"/>
      </symbol>
      <symbol id="sm-a7e">
         <name>FD$$MPY</name>
         <value>0xe8a7</value>
         <object_component_ref idref="oc-1a1"/>
      </symbol>
      <symbol id="sm-a8b">
         <name>FD$$NEG</name>
         <value>0xedd0</value>
         <object_component_ref idref="oc-1a6"/>
      </symbol>
      <symbol id="sm-a97">
         <name>FD$$SUB</name>
         <value>0xed97</value>
         <object_component_ref idref="oc-1ab"/>
      </symbol>
      <symbol id="sm-aa6">
         <name>FD$$TOI</name>
         <value>0xec68</value>
         <object_component_ref idref="oc-1b0"/>
      </symbol>
      <symbol id="sm-ab5">
         <name>FD$$TOL</name>
         <value>0xec89</value>
         <object_component_ref idref="oc-1b5"/>
      </symbol>
      <symbol id="sm-ac1">
         <name>LL$$AND</name>
         <value>0xed38</value>
         <object_component_ref idref="oc-1ba"/>
      </symbol>
      <symbol id="sm-ac2">
         <name>LL$$OR</name>
         <value>0xed40</value>
         <object_component_ref idref="oc-1ba"/>
      </symbol>
      <symbol id="sm-ac3">
         <name>LL$$XOR</name>
         <value>0xed48</value>
         <object_component_ref idref="oc-1ba"/>
      </symbol>
      <symbol id="sm-ad1">
         <name>ULL$$CMP</name>
         <value>0xecba</value>
         <object_component_ref idref="oc-1bf"/>
      </symbol>
      <symbol id="sm-ad2">
         <name>LL$$CMP</name>
         <value>0xeca8</value>
         <object_component_ref idref="oc-1bf"/>
      </symbol>
      <symbol id="sm-afe">
         <name>ULL$$MOD</name>
         <value>0xe271</value>
         <object_component_ref idref="oc-1c4"/>
      </symbol>
      <symbol id="sm-aff">
         <name>ULL$$DIV</name>
         <value>0xe242</value>
         <object_component_ref idref="oc-1c4"/>
      </symbol>
      <symbol id="sm-b00">
         <name>LL$$MOD</name>
         <value>0xe208</value>
         <object_component_ref idref="oc-1c4"/>
      </symbol>
      <symbol id="sm-b01">
         <name>LL$$DIV</name>
         <value>0xe1cc</value>
         <object_component_ref idref="oc-1c4"/>
      </symbol>
      <symbol id="sm-b11">
         <name>I$$TOFD</name>
         <value>0xecc6</value>
         <object_component_ref idref="oc-1c9"/>
      </symbol>
      <symbol id="sm-b21">
         <name>L$$TOFD</name>
         <value>0xed1c</value>
         <object_component_ref idref="oc-1ce"/>
      </symbol>
      <symbol id="sm-b31">
         <name>FS$$TOFD</name>
         <value>0xed00</value>
         <object_component_ref idref="oc-1d3"/>
      </symbol>
      <symbol id="sm-b48">
         <name>FD$$DIV</name>
         <value>0xe794</value>
         <object_component_ref idref="oc-1d8"/>
      </symbol>
      <symbol id="sm-b56">
         <name>___TI_ltoa</name>
         <value>0xeaf4</value>
         <object_component_ref idref="oc-276"/>
      </symbol>
      <symbol id="sm-b6b">
         <name>_atoi</name>
         <value>0xeac3</value>
         <object_component_ref idref="oc-275"/>
      </symbol>
      <symbol id="sm-b7b">
         <name>_memccpy</name>
         <value>0xed87</value>
         <object_component_ref idref="oc-27c"/>
      </symbol>
      <symbol id="sm-b8a">
         <name>_memset</name>
         <value>0xedea</value>
         <object_component_ref idref="oc-27a"/>
      </symbol>
      <symbol id="sm-b9a">
         <name>_strchr</name>
         <value>0xeda5</value>
         <object_component_ref idref="oc-279"/>
      </symbol>
      <symbol id="sm-ba8">
         <name>_strcpy</name>
         <value>0xedf1</value>
         <object_component_ref idref="oc-27b"/>
      </symbol>
      <symbol id="sm-bb8">
         <name>_strrchr</name>
         <value>0xedb1</value>
         <object_component_ref idref="oc-27e"/>
      </symbol>
      <symbol id="sm-c15">
         <name>_strtod</name>
         <value>0xdcae</value>
         <object_component_ref idref="oc-284"/>
      </symbol>
      <symbol id="sm-c17">
         <name>_strtof</name>
         <value>0xdcae</value>
         <object_component_ref idref="oc-284"/>
      </symbol>
      <symbol id="sm-c3c">
         <name>_strtol</name>
         <value>0xe4c6</value>
         <object_component_ref idref="oc-286"/>
      </symbol>
      <symbol id="sm-ca4">
         <name>_strtold</name>
         <value>0xd7e7</value>
         <object_component_ref idref="oc-283"/>
      </symbol>
      <symbol id="sm-ccb">
         <name>_strtoll</name>
         <value>0xe08d</value>
         <object_component_ref idref="oc-285"/>
      </symbol>
      <symbol id="sm-cef">
         <name>_strtoul</name>
         <value>0xe599</value>
         <object_component_ref idref="oc-282"/>
      </symbol>
      <symbol id="sm-d12">
         <name>_strtoull</name>
         <value>0xe2d3</value>
         <object_component_ref idref="oc-281"/>
      </symbol>
      <symbol id="sm-d1d">
         <name>_errno</name>
         <value>0x1816e</value>
         <object_component_ref idref="oc-221"/>
      </symbol>
      <symbol id="sm-d30">
         <name>_frexpl</name>
         <value>0xea13</value>
         <object_component_ref idref="oc-277"/>
      </symbol>
      <symbol id="sm-d4f">
         <name>_scalbnl</name>
         <value>0xe64a</value>
         <object_component_ref idref="oc-278"/>
      </symbol>
      <symbol id="sm-d51">
         <name>_ldexpl</name>
         <value>0xe64a</value>
         <object_component_ref idref="oc-278"/>
      </symbol>
      <symbol id="sm-d5f">
         <name>_wcslen</name>
         <value>0xedd9</value>
         <object_component_ref idref="oc-27d"/>
      </symbol>
      <symbol id="sm-d6d">
         <name>_copysignl</name>
         <value>0xec1f</value>
         <object_component_ref idref="oc-287"/>
      </symbol>
      <symbol id="sm-d86">
         <name>_scalbn</name>
         <value>0xa7a7</value>
         <object_component_ref idref="oc-28c"/>
      </symbol>
      <symbol id="sm-d87">
         <name>_ldexp</name>
         <value>0xa7a7</value>
         <object_component_ref idref="oc-28c"/>
      </symbol>
      <symbol id="sm-d88">
         <name>_scalbnf</name>
         <value>0xa7a7</value>
         <object_component_ref idref="oc-28c"/>
      </symbol>
      <symbol id="sm-d8a">
         <name>_ldexpf</name>
         <value>0xa7a7</value>
         <object_component_ref idref="oc-28c"/>
      </symbol>
      <symbol id="sm-da5">
         <name>FD$$ADD</name>
         <value>0xe6f8</value>
         <object_component_ref idref="oc-23f"/>
      </symbol>
      <symbol id="sm-db1">
         <name>LL$$MPY</name>
         <value>0xed50</value>
         <object_component_ref idref="oc-244"/>
      </symbol>
      <symbol id="sm-dbd">
         <name>_copysignf</name>
         <value>0xed76</value>
         <object_component_ref idref="oc-28d"/>
      </symbol>
      <symbol id="sm-dbf">
         <name>_copysign</name>
         <value>0xed76</value>
         <object_component_ref idref="oc-28d"/>
      </symbol>
   </symbol_table>
   <title>Link successful</title>
</link_info>
